
**********************************************************
VitHeadlessServer session log
Log started: 30 Mar 2026 3:45:02pm

VitHeadlessServer: application startup.
Settings file: D:\Vit_DAW\VitApp\Workspace\Settings\Settings.xml
Audio block size: 480  Rate: 48000
Creating Default Controllers...
VitEngineDevice: initialising Tracktion Engine device manager.
Audio block size: 480  Rate: 48000
VitEngineDevice: audio setup outputDevice="扬声器 (USB AUDIO  CODEC)" inputDevice="麦克风 (Sonic Studio Virtual Mixer)" sampleRate=48000.00 bufferSize=480 inputChannels=11 outputChannels=11
VitEngineDevice: current audio device name="扬声器 (USB AUDIO  CODEC)" type="Windows Audio" activeOutputChannels=Output channel 1, Output channel 2" activeInputChannels=Input channel 1, Input channel 2"
VitHeadlessService: edit loaded from D:\Vit_DAW\VitApp\Workspace\default_project.xml
VitHeadlessService: project reload complete.
ZmqGateway: bound command endpoint to tcp://127.0.0.1:5555
ZmqGateway: bound publish endpoint to tcp://127.0.0.1:5556
ZmqGateway: bound log endpoint to tcp://127.0.0.1:5557
ZmqGateway: started network thread.
VitHeadlessService: service started successfully.
VitHeadlessServer: startup complete, entering background message loop.
Rebuilding Wave Device List...
Wave In: Input 1 (enabled): 0 (L)
Wave In: Input 2 (enabled): 1 (L)
Wave Out: Output 1 + 2 (enabled): 0 (L), 1 (R)
Default Wave Out: Output 1 + 2
Default MIDI Out: 
Default Wave In: Input 1
Default MIDI In: 
ZmqGateway: received command payload: {"cmd":"ping"}
ZmqGateway: dispatching payload to JUCE message thread.
VitHeadlessService: processing queued command on JUCE message thread: {"cmd":"ping"}
Command received: {"cmd":"ping"}
CommandDispatcher: handled ping command.
Command executed: ping, result: {
  "status": "ok",
  "message": "pong"
}
VitHeadlessService: command reply (truncated): {
  "status": "ok",
  "message": "pong"
}
ZmqGateway: received command payload: {"cmd":"clear_project"}
ZmqGateway: dispatching payload to JUCE message thread.
VitHeadlessService: processing queued command on JUCE message thread: {"cmd":"clear_project"}
Command received: {"cmd":"clear_project"}
VitHeadlessService: project saved to D:\Vit_DAW\VitApp\Workspace\default_project.xml
CommandDispatcher: clear_project executed - all clips removed, transport reset.
Command executed: clear_project, result: {
  "status": "ok",
  "message": "Project cleared"
}
VitHeadlessService: command reply (truncated): {
  "status": "ok",
  "message": "Project cleared"
}
ZmqGateway: received command payload: {"cmd":"list_tracks"}
ZmqGateway: dispatching payload to JUCE message thread.
VitHeadlessService: processing queued command on JUCE message thread: {"cmd":"list_tracks"}
Command received: {"cmd":"list_tracks"}
Command executed: list_tracks, result: {
  "status": "ok",
  "message": "Track list fetched",
  "tracks": [
    {
      "id": "1002",
      "name": "Arranger",
      "track_type": "track",
      "is_audio": false,
      "is_audio_track": false,
      "vit_type": "",
      "vit_intent": "",
      "plugin_count": 0,
      "plugins": []
    },
    {
      "id": "1003",
      "name": "Chord",
      "track_type": "track",
      "is_audio": false,
      "is_audio_track": false,
      "vit_type": "",
      "vit_intent": "",
      "plugin_count": 0,
      "plugins": []
    },
    {
      "id": "1004",
      "name": "Marker",
      "track_type": "track",
      "is_audio": false,
      "is_audio_track": false,
      "vit_type": "",
      "vit_intent": "",
      "plugin_count": 0,
      "plugins": []
    },
    {
      "id": "1005",
      "name": "Tempo",
      "track_type": "track",
      "is_audio": false,
      "is_audio_track": false,
      "vit_type": "",
      "vit_intent": "",
      "plugin_count": 0,
      "plugins": []
    },
    {
      "id": "1006",
      "name": "Master",
      "track_type": "master",
      "is_audio": false,
      "is_audio_track": false,
      "vit_type": "",
      "vit_intent": "",
      "plugin_count": 0,
      "plugins": []
    },
    {
      "id": "1203",
      "name": "Audio Track 3",
      "track_type": "audio",
      "is_audio": true,
      "is_audio_track": true,
      "vit_type": "",
      "vit_intent": "",
      "plugin_count": 2,
      "plugins": [
        {
          "name": "Volume & Pan Plugin",
          "type": "volume",
          "enabled": true
        },
        {
          "name": "Level Meter",
          "type": "level",
          "enabled": true
        }
      ]
    },
    {
      "id": "1208",
      "name": "Audio Track 3",
      "track_type": "audio",
      "is_audio": true,
      "is_audio_track": true,
      "vit_type": "",
      "vit_intent": "",
      "plugin_count": 2,
      "plugins": [
        {
          "name": "Volume & Pan Plugin",
          "type": "volume",
          "enabled": true
        },
        {
          "name": "Level Meter",
          "type": "level",
          "enabled": true
        }
      ]
    }
  ]
}
VitHeadlessService: command reply (truncated): {
  "status": "ok",
  "message": "Track list fetched",
  "tracks": [
    {
      "id": "1002",
      "name": "Arranger",
      "track_type": "track",
      "is_audio": false,
      "is_audio_track": false,
    
MIDI Input devices scanned in: 0
Updating MIDI I/O devices
Found MIDI in: all_midi_in ("All MIDI Ins") (enabled)
Found MIDI out: out_81b0d7ef ("Microsoft GS Wavetable Synth") (enabled)
opening MIDI out device: out_81b0d7ef (Microsoft GS Wavetable Synth)
ZmqGateway: received command payload: {"cmd":"get_audio_device_types"}
ZmqGateway: dispatching payload to JUCE message thread.
VitHeadlessService: processing queued command on JUCE message thread: {"cmd":"get_audio_device_types"}
Command received: {"cmd":"get_audio_device_types"}
Command executed: get_audio_device_types, result: {
  "status": "ok",
  "types": [
    "Windows Audio",
    "Windows Audio (Exclusive Mode)",
    "Windows Audio (Low Latency Mode)",
    "DirectSound"
  ]
}
VitHeadlessService: command reply (truncated): {
  "status": "ok",
  "types": [
    "Windows Audio",
    "Windows Audio (Exclusive Mode)",
    "Windows Audio (Low Latency Mode)",
    "DirectSound"
  ]
}
ZmqGateway: received command payload: {"cmd":"get_audio_devices","type":"Windows Audio"}
ZmqGateway: dispatching payload to JUCE message thread.
VitHeadlessService: processing queued command on JUCE message thread: {"cmd":"get_audio_devices","type":"Windows Audio"}
Command received: {"cmd":"get_audio_devices","type":"Windows Audio"}
Command executed: get_audio_devices, result: {
  "status": "ok",
  "current_device": "扬声器 (USB AUDIO  CODEC)",
  "current_sample_rate": 48000.0,
  "current_buffer_size": 480,
  "available_devices": [
    "扬声器 (USB AUDIO  CODEC)",
    "Realtek Digital Output (Realtek(R) Audio)",
    "PHL275M1RZPRO (NVIDIA High Definition Audio)",
    "扬声器 (Sonic Studio Virtual Mixer)",
    "Line (USB AUDIO  CODEC)",
    "麦克风 (Sonic Studio Virtual Mixer)"
  ],
  "available_sample_rates": [
    48000.0
  ],
  "available_buffer_sizes": [
    144,
    160,
    192,
    224,
    256,
    288,
    320,
    352,
    384,
    416,
    448,
    480,
    512,
    576,
    640,
    704,
    768,
    832,
    896,
    960,
    1024,
    1152,
    1280,
    1408,
    1536,
    1664,
    1792,
    1920,
    2048
  ]
}
VitHeadlessService: command reply (truncated): {
  "status": "ok",
  "current_device": "扬声器 (USB AUDIO  CODEC)",
  "current_sample_rate": 48000.0,
  "current_buffer_size": 480,
  "available_devices": [
    "扬声器 (USB AUDIO  CODEC)",
    "Realtek Digital Output 
ZmqGateway: received command payload: {"buffer_size":480,"cmd":"set_audio_device","device_name":"PHL275M1RZPRO (NVIDIA High Definition Audio)","sample_rate":48000.0,"type":"Windows Audio"}
ZmqGateway: dispatching payload to JUCE message thread.
VitHeadlessService: processing queued command on JUCE message thread: {"buffer_size":480,"cmd":"set_audio_device","device_name":"PHL275M1RZPRO (NVIDIA High Definition Audio)","sample_rate":48000.0,"type":"Windows Audio"}
Command received: {"buffer_size":480,"cmd":"set_audio_device","device_name":"PHL275M1RZPRO (NVIDIA High Definition Audio)","sample_rate":48000.0,"type":"Windows Audio"}
Command executed: set_audio_device, result: {
  "status": "ok",
  "message": "Device change requested"
}
VitHeadlessService: command reply (truncated): {
  "status": "ok",
  "message": "Device change requested"
}
set_audio_device (async): No such device: PHL275M1RZPRO (NVIDIA High Definition Audio)
Rebuilding Wave Device List...
Default Wave Out: 
Default MIDI Out: Microsoft GS Wavetable Synth
Default Wave In: 
Default MIDI In: All MIDI Ins
ZmqGateway: received command payload: {"cmd":"get_audio_devices","type":"Windows Audio"}
ZmqGateway: dispatching payload to JUCE message thread.
VitHeadlessService: processing queued command on JUCE message thread: {"cmd":"get_audio_devices","type":"Windows Audio"}
Command received: {"cmd":"get_audio_devices","type":"Windows Audio"}
Command executed: get_audio_devices, result: {
  "status": "ok",
  "current_device": "",
  "current_sample_rate": 48000.0,
  "current_buffer_size": 480,
  "available_devices": [
    "扬声器 (USB AUDIO  CODEC)",
    "Realtek Digital Output (Realtek(R) Audio)",
    "PHL275M1RZPRO (NVIDIA High Definition Audio)",
    "扬声器 (Sonic Studio Virtual Mixer)",
    "Line (USB AUDIO  CODEC)",
    "麦克风 (Sonic Studio Virtual Mixer)"
  ],
  "available_sample_rates": [],
  "available_buffer_sizes": []
}
VitHeadlessService: command reply (truncated): {
  "status": "ok",
  "current_device": "",
  "current_sample_rate": 48000.0,
  "current_buffer_size": 480,
  "available_devices": [
    "扬声器 (USB AUDIO  CODEC)",
    "Realtek Digital Output (Realtek(R) Audio)",

ZmqGateway: received command payload: {"action":"import_audio","drop_x_pos":256.0,"file_path":"D:/Vit_DAW/test_100hz_10s.wav","track_id":"1203"}
ZmqGateway: dispatching payload to JUCE message thread.
VitHeadlessService: processing queued command on JUCE message thread: {"action":"import_audio","drop_x_pos":256.0,"file_path":"D:/Vit_DAW/test_100hz_10s.wav","track_id":"1203"}
Command received: {"action":"import_audio","drop_x_pos":256.0,"file_path":"D:/Vit_DAW/test_100hz_10s.wav","track_id":"1203"}
CommandDispatcher::handleImportAudio: imported clip="test_100hz_10s" trackId="1203" source="D:\Vit_DAW\test_100hz_10s.wav" clipLengthSeconds=10.000 isPlaying=false isRecording=false playContextActive=true positionSeconds=0.000 editLengthSeconds=10.000
VitHeadlessService: project saved to D:\Vit_DAW\VitApp\Workspace\default_project.xml
Command executed: import_audio, result: {
  "status": "ok",
  "action": "import_audio",
  "message": "Audio clip imported",
  "track_id": "1203",
  "clip_name": "test_100hz_10s",
  "file_path": "D:\\Vit_DAW\\test_100hz_10s.wav",
  "start_time": 0.0,
  "clip_length_seconds": 10.0,
  "edit_length_seconds": 10.0,
  "baking_status": "baking_started"
}
VitHeadlessService: command reply (truncated): {
  "status": "ok",
  "action": "import_audio",
  "message": "Audio clip imported",
  "track_id": "1203",
  "clip_name": "test_100hz_10s",
  "file_path": "D:\\Vit_DAW\\test_100hz_10s.wav",
  "start_time": 0.0,
  
ZmqGateway: received command payload: {"action":"play"}
ZmqGateway: dispatching payload to JUCE message thread.
VitHeadlessService: processing queued command on JUCE message thread: {"action":"play"}
Command received: {"action":"play"}
CommandDispatcher::handlePlay: before isPlaying=false isRecording=false playContextActive=true positionSeconds=0.000 editLengthSeconds=10.000
CommandDispatcher::handlePlay: after isPlaying=true isRecording=false playContextActive=true positionSeconds=0.000 editLengthSeconds=10.000
Command executed: play, result: {
  "status": "ok",
  "message": "Transport playing",
  "is_playing": true,
  "is_recording": false,
  "position_seconds": 0.0,
  "click_track_enabled": false
}
VitHeadlessService: command reply (truncated): {
  "status": "ok",
  "message": "Transport playing",
  "is_playing": true,
  "is_recording": false,
  "position_seconds": 0.0,
  "click_track_enabled": false
}
ZmqGateway: received command payload: {"action":"play"}
ZmqGateway: dispatching payload to JUCE message thread.
VitHeadlessService: processing queued command on JUCE message thread: {"action":"play"}
Command received: {"action":"play"}
CommandDispatcher::handlePlay: before isPlaying=true isRecording=false playContextActive=true positionSeconds=0.000 editLengthSeconds=10.000
CommandDispatcher::handlePlay: after isPlaying=true isRecording=false playContextActive=true positionSeconds=0.000 editLengthSeconds=10.000
Command executed: play, result: {
  "status": "ok",
  "message": "Transport playing",
  "is_playing": true,
  "is_recording": false,
  "position_seconds": 0.0,
  "click_track_enabled": false
}
VitHeadlessService: command reply (truncated): {
  "status": "ok",
  "message": "Transport playing",
  "is_playing": true,
  "is_recording": false,
  "position_seconds": 0.0,
  "click_track_enabled": false
}
ZmqGateway: received command payload: {"action":"play"}
ZmqGateway: dispatching payload to JUCE message thread.
VitHeadlessService: processing queued command on JUCE message thread: {"action":"play"}
Command received: {"action":"play"}
CommandDispatcher::handlePlay: before isPlaying=true isRecording=false playContextActive=true positionSeconds=0.000 editLengthSeconds=10.000
CommandDispatcher::handlePlay: after isPlaying=true isRecording=false playContextActive=true positionSeconds=0.000 editLengthSeconds=10.000
Command executed: play, result: {
  "status": "ok",
  "message": "Transport playing",
  "is_playing": true,
  "is_recording": false,
  "position_seconds": 0.0,
  "click_track_enabled": false
}
VitHeadlessService: command reply (truncated): {
  "status": "ok",
  "message": "Transport playing",
  "is_playing": true,
  "is_recording": false,
  "position_seconds": 0.0,
  "click_track_enabled": false
}
ZmqGateway: received command payload: {"action":"return_to_zero"}
ZmqGateway: dispatching payload to JUCE message thread.
VitHeadlessService: processing queued command on JUCE message thread: {"action":"return_to_zero"}
Command received: {"action":"return_to_zero"}
CommandDispatcher::handleReturnToZero: before isPlaying=true isRecording=false playContextActive=true positionSeconds=0.000 editLengthSeconds=10.000
CommandDispatcher::handleReturnToZero: after isPlaying=false isRecording=false playContextActive=true positionSeconds=0.000 editLengthSeconds=10.000
Command executed: return_to_zero, result: {
  "status": "ok",
  "message": "Transport returned to zero",
  "is_playing": false,
  "is_recording": false,
  "position_seconds": 0.0,
  "click_track_enabled": false
}
VitHeadlessService: command reply (truncated): {
  "status": "ok",
  "message": "Transport returned to zero",
  "is_playing": false,
  "is_recording": false,
  "position_seconds": 0.0,
  "click_track_enabled": false
}
ZmqGateway: received command payload: {"action":"return_to_zero"}
ZmqGateway: dispatching payload to JUCE message thread.
VitHeadlessService: processing queued command on JUCE message thread: {"action":"return_to_zero"}
Command received: {"action":"return_to_zero"}
CommandDispatcher::handleReturnToZero: before isPlaying=false isRecording=false playContextActive=true positionSeconds=0.000 editLengthSeconds=10.000
CommandDispatcher::handleReturnToZero: after isPlaying=false isRecording=false playContextActive=true positionSeconds=0.000 editLengthSeconds=10.000
Command executed: return_to_zero, result: {
  "status": "ok",
  "message": "Transport returned to zero",
  "is_playing": false,
  "is_recording": false,
  "position_seconds": 0.0,
  "click_track_enabled": false
}
VitHeadlessService: command reply (truncated): {
  "status": "ok",
  "message": "Transport returned to zero",
  "is_playing": false,
  "is_recording": false,
  "position_seconds": 0.0,
  "click_track_enabled": false
}
ZmqGateway: received command payload: {"action":"play"}
ZmqGateway: dispatching payload to JUCE message thread.
VitHeadlessService: processing queued command on JUCE message thread: {"action":"play"}
Command received: {"action":"play"}
CommandDispatcher::handlePlay: before isPlaying=false isRecording=false playContextActive=true positionSeconds=0.000 editLengthSeconds=10.000
CommandDispatcher::handlePlay: after isPlaying=true isRecording=false playContextActive=true positionSeconds=0.000 editLengthSeconds=10.000
Command executed: play, result: {
  "status": "ok",
  "message": "Transport playing",
  "is_playing": true,
  "is_recording": false,
  "position_seconds": 0.0,
  "click_track_enabled": false
}
VitHeadlessService: command reply (truncated): {
  "status": "ok",
  "message": "Transport playing",
  "is_playing": true,
  "is_recording": false,
  "position_seconds": 0.0,
  "click_track_enabled": false
}
ZmqGateway: received command payload: {"action":"stop"}
ZmqGateway: dispatching payload to JUCE message thread.
VitHeadlessService: processing queued command on JUCE message thread: {"action":"stop"}
Command received: {"action":"stop"}
CommandDispatcher::handleStop: before isPlaying=true isRecording=false playContextActive=true positionSeconds=0.000 editLengthSeconds=10.000
CommandDispatcher::handleStop: after isPlaying=false isRecording=false playContextActive=true positionSeconds=0.000 editLengthSeconds=10.000
Command executed: stop, result: {
  "status": "ok",
  "message": "Transport stopped",
  "is_playing": false,
  "is_recording": false,
  "position_seconds": 0.0,
  "click_track_enabled": false
}
VitHeadlessService: command reply (truncated): {
  "status": "ok",
  "message": "Transport stopped",
  "is_playing": false,
  "is_recording": false,
  "position_seconds": 0.0,
  "click_track_enabled": false
}
ZmqGateway: received command payload: {"cmd":"get_audio_device_types"}
ZmqGateway: dispatching payload to JUCE message thread.
VitHeadlessService: processing queued command on JUCE message thread: {"cmd":"get_audio_device_types"}
Command received: {"cmd":"get_audio_device_types"}
Command executed: get_audio_device_types, result: {
  "status": "ok",
  "types": [
    "Windows Audio",
    "Windows Audio (Exclusive Mode)",
    "Windows Audio (Low Latency Mode)",
    "DirectSound"
  ]
}
VitHeadlessService: command reply (truncated): {
  "status": "ok",
  "types": [
    "Windows Audio",
    "Windows Audio (Exclusive Mode)",
    "Windows Audio (Low Latency Mode)",
    "DirectSound"
  ]
}
ZmqGateway: received command payload: {"cmd":"get_audio_devices","type":"Windows Audio"}
ZmqGateway: dispatching payload to JUCE message thread.
VitHeadlessService: processing queued command on JUCE message thread: {"cmd":"get_audio_devices","type":"Windows Audio"}
Command received: {"cmd":"get_audio_devices","type":"Windows Audio"}
Command executed: get_audio_devices, result: {
  "status": "ok",
  "current_device": "",
  "current_sample_rate": 48000.0,
  "current_buffer_size": 480,
  "available_devices": [
    "扬声器 (USB AUDIO  CODEC)",
    "Realtek Digital Output (Realtek(R) Audio)",
    "PHL275M1RZPRO (NVIDIA High Definition Audio)",
    "扬声器 (Sonic Studio Virtual Mixer)",
    "Line (USB AUDIO  CODEC)",
    "麦克风 (Sonic Studio Virtual Mixer)"
  ],
  "available_sample_rates": [],
  "available_buffer_sizes": []
}
VitHeadlessService: command reply (truncated): {
  "status": "ok",
  "current_device": "",
  "current_sample_rate": 48000.0,
  "current_buffer_size": 480,
  "available_devices": [
    "扬声器 (USB AUDIO  CODEC)",
    "Realtek Digital Output (Realtek(R) Audio)",

ZmqGateway: received command payload: {"cmd":"get_audio_devices","type":"Windows Audio (Exclusive Mode)"}
ZmqGateway: dispatching payload to JUCE message thread.
VitHeadlessService: processing queued command on JUCE message thread: {"cmd":"get_audio_devices","type":"Windows Audio (Exclusive Mode)"}
Command received: {"cmd":"get_audio_devices","type":"Windows Audio (Exclusive Mode)"}
Command executed: get_audio_devices, result: {
  "status": "ok",
  "current_device": "",
  "current_sample_rate": 44100.0,
  "current_buffer_size": 480,
  "available_devices": [
    "扬声器 (USB AUDIO  CODEC)",
    "Realtek Digital Output (Realtek(R) Audio)",
    "PHL275M1RZPRO (NVIDIA High Definition Audio)",
    "扬声器 (Sonic Studio Virtual Mixer)",
    "Line (USB AUDIO  CODEC)",
    "麦克风 (Sonic Studio Virtual Mixer)"
  ],
  "available_sample_rates": [],
  "available_buffer_sizes": []
}
VitHeadlessService: command reply (truncated): {
  "status": "ok",
  "current_device": "",
  "current_sample_rate": 44100.0,
  "current_buffer_size": 480,
  "available_devices": [
    "扬声器 (USB AUDIO  CODEC)",
    "Realtek Digital Output (Realtek(R) Audio)",

ZmqGateway: received command payload: {"action":"play"}
ZmqGateway: dispatching payload to JUCE message thread.
VitHeadlessService: processing queued command on JUCE message thread: {"action":"play"}
Command received: {"action":"play"}
CommandDispatcher::handlePlay: before isPlaying=false isRecording=false playContextActive=true positionSeconds=0.000 editLengthSeconds=10.000
CommandDispatcher::handlePlay: after isPlaying=true isRecording=false playContextActive=true positionSeconds=0.000 editLengthSeconds=10.000
Command executed: play, result: {
  "status": "ok",
  "message": "Transport playing",
  "is_playing": true,
  "is_recording": false,
  "position_seconds": 0.0,
  "click_track_enabled": false
}
VitHeadlessService: command reply (truncated): {
  "status": "ok",
  "message": "Transport playing",
  "is_playing": true,
  "is_recording": false,
  "position_seconds": 0.0,
  "click_track_enabled": false
}
ZmqGateway: received command payload: {"action":"play"}
ZmqGateway: dispatching payload to JUCE message thread.
VitHeadlessService: processing queued command on JUCE message thread: {"action":"play"}
Command received: {"action":"play"}
CommandDispatcher::handlePlay: before isPlaying=true isRecording=false playContextActive=true positionSeconds=0.000 editLengthSeconds=10.000
CommandDispatcher::handlePlay: after isPlaying=true isRecording=false playContextActive=true positionSeconds=0.000 editLengthSeconds=10.000
Command executed: play, result: {
  "status": "ok",
  "message": "Transport playing",
  "is_playing": true,
  "is_recording": false,
  "position_seconds": 0.0,
  "click_track_enabled": false
}
VitHeadlessService: command reply (truncated): {
  "status": "ok",
  "message": "Transport playing",
  "is_playing": true,
  "is_recording": false,
  "position_seconds": 0.0,
  "click_track_enabled": false
}
ZmqGateway: received command payload: {"action":"play"}
ZmqGateway: dispatching payload to JUCE message thread.
VitHeadlessService: processing queued command on JUCE message thread: {"action":"play"}
Command received: {"action":"play"}
CommandDispatcher::handlePlay: before isPlaying=true isRecording=false playContextActive=true positionSeconds=0.000 editLengthSeconds=10.000
CommandDispatcher::handlePlay: after isPlaying=true isRecording=false playContextActive=true positionSeconds=0.000 editLengthSeconds=10.000
Command executed: play, result: {
  "status": "ok",
  "message": "Transport playing",
  "is_playing": true,
  "is_recording": false,
  "position_seconds": 0.0,
  "click_track_enabled": false
}
VitHeadlessService: command reply (truncated): {
  "status": "ok",
  "message": "Transport playing",
  "is_playing": true,
  "is_recording": false,
  "position_seconds": 0.0,
  "click_track_enabled": false
}
ZmqGateway: received command payload: {"action":"import_audio","drop_x_pos":130.0,"file_path":"D:/Vit_DAW/test_100hz_10s.wav","track_id":"1203"}
ZmqGateway: dispatching payload to JUCE message thread.
VitHeadlessService: processing queued command on JUCE message thread: {"action":"import_audio","drop_x_pos":130.0,"file_path":"D:/Vit_DAW/test_100hz_10s.wav","track_id":"1203"}
Command received: {"action":"import_audio","drop_x_pos":130.0,"file_path":"D:/Vit_DAW/test_100hz_10s.wav","track_id":"1203"}
CommandDispatcher::handleImportAudio: imported clip="test_100hz_10s" trackId="1203" source="D:\Vit_DAW\test_100hz_10s.wav" clipLengthSeconds=10.000 isPlaying=true isRecording=false playContextActive=true positionSeconds=0.000 editLengthSeconds=20.000
VitHeadlessService: project saved to D:\Vit_DAW\VitApp\Workspace\default_project.xml
Command executed: import_audio, result: {
  "status": "ok",
  "action": "import_audio",
  "message": "Audio clip imported",
  "track_id": "1203",
  "clip_name": "test_100hz_10s",
  "file_path": "D:\\Vit_DAW\\test_100hz_10s.wav",
  "start_time": 10.0,
  "clip_length_seconds": 10.0,
  "edit_length_seconds": 20.0,
  "baking_status": "baking_started"
}
VitHeadlessService: command reply (truncated): {
  "status": "ok",
  "action": "import_audio",
  "message": "Audio clip imported",
  "track_id": "1203",
  "clip_name": "test_100hz_10s",
  "file_path": "D:\\Vit_DAW\\test_100hz_10s.wav",
  "start_time": 10.0,
 
ZmqGateway: received command payload: {"action":"play"}
ZmqGateway: dispatching payload to JUCE message thread.
VitHeadlessService: processing queued command on JUCE message thread: {"action":"play"}
Command received: {"action":"play"}
CommandDispatcher::handlePlay: before isPlaying=true isRecording=false playContextActive=true positionSeconds=0.000 editLengthSeconds=20.000
CommandDispatcher::handlePlay: after isPlaying=true isRecording=false playContextActive=true positionSeconds=0.000 editLengthSeconds=20.000
Command executed: play, result: {
  "status": "ok",
  "message": "Transport playing",
  "is_playing": true,
  "is_recording": false,
  "position_seconds": 0.0,
  "click_track_enabled": false
}
VitHeadlessService: command reply (truncated): {
  "status": "ok",
  "message": "Transport playing",
  "is_playing": true,
  "is_recording": false,
  "position_seconds": 0.0,
  "click_track_enabled": false
}
ZmqGateway: received command payload: {"action":"play"}
ZmqGateway: dispatching payload to JUCE message thread.
VitHeadlessService: processing queued command on JUCE message thread: {"action":"play"}
Command received: {"action":"play"}
CommandDispatcher::handlePlay: before isPlaying=true isRecording=false playContextActive=true positionSeconds=0.000 editLengthSeconds=20.000
CommandDispatcher::handlePlay: after isPlaying=true isRecording=false playContextActive=true positionSeconds=0.000 editLengthSeconds=20.000
Command executed: play, result: {
  "status": "ok",
  "message": "Transport playing",
  "is_playing": true,
  "is_recording": false,
  "position_seconds": 0.0,
  "click_track_enabled": false
}
VitHeadlessService: command reply (truncated): {
  "status": "ok",
  "message": "Transport playing",
  "is_playing": true,
  "is_recording": false,
  "position_seconds": 0.0,
  "click_track_enabled": false
}
ZmqGateway: received command payload: {"action":"play"}
ZmqGateway: dispatching payload to JUCE message thread.
VitHeadlessService: processing queued command on JUCE message thread: {"action":"play"}
Command received: {"action":"play"}
CommandDispatcher::handlePlay: before isPlaying=true isRecording=false playContextActive=true positionSeconds=0.000 editLengthSeconds=20.000
CommandDispatcher::handlePlay: after isPlaying=true isRecording=false playContextActive=true positionSeconds=0.000 editLengthSeconds=20.000
Command executed: play, result: {
  "status": "ok",
  "message": "Transport playing",
  "is_playing": true,
  "is_recording": false,
  "position_seconds": 0.0,
  "click_track_enabled": false
}
VitHeadlessService: command reply (truncated): {
  "status": "ok",
  "message": "Transport playing",
  "is_playing": true,
  "is_recording": false,
  "position_seconds": 0.0,
  "click_track_enabled": false
}
ZmqGateway: received command payload: {"action":"play"}
ZmqGateway: dispatching payload to JUCE message thread.
VitHeadlessService: processing queued command on JUCE message thread: {"action":"play"}
Command received: {"action":"play"}
CommandDispatcher::handlePlay: before isPlaying=true isRecording=false playContextActive=true positionSeconds=0.000 editLengthSeconds=20.000
CommandDispatcher::handlePlay: after isPlaying=true isRecording=false playContextActive=true positionSeconds=0.000 editLengthSeconds=20.000
Command executed: play, result: {
  "status": "ok",
  "message": "Transport playing",
  "is_playing": true,
  "is_recording": false,
  "position_seconds": 0.0,
  "click_track_enabled": false
}
VitHeadlessService: command reply (truncated): {
  "status": "ok",
  "message": "Transport playing",
  "is_playing": true,
  "is_recording": false,
  "position_seconds": 0.0,
  "click_track_enabled": false
}
ZmqGateway: received command payload: {"action":"return_to_zero"}
ZmqGateway: dispatching payload to JUCE message thread.
VitHeadlessService: processing queued command on JUCE message thread: {"action":"return_to_zero"}
Command received: {"action":"return_to_zero"}
CommandDispatcher::handleReturnToZero: before isPlaying=true isRecording=false playContextActive=true positionSeconds=0.000 editLengthSeconds=20.000
CommandDispatcher::handleReturnToZero: after isPlaying=false isRecording=false playContextActive=true positionSeconds=0.000 editLengthSeconds=20.000
Command executed: return_to_zero, result: {
  "status": "ok",
  "message": "Transport returned to zero",
  "is_playing": false,
  "is_recording": false,
  "position_seconds": 0.0,
  "click_track_enabled": false
}
VitHeadlessService: command reply (truncated): {
  "status": "ok",
  "message": "Transport returned to zero",
  "is_playing": false,
  "is_recording": false,
  "position_seconds": 0.0,
  "click_track_enabled": false
}
ZmqGateway: received command payload: {"action":"return_to_zero"}
ZmqGateway: dispatching payload to JUCE message thread.
VitHeadlessService: processing queued command on JUCE message thread: {"action":"return_to_zero"}
Command received: {"action":"return_to_zero"}
CommandDispatcher::handleReturnToZero: before isPlaying=false isRecording=false playContextActive=true positionSeconds=0.000 editLengthSeconds=20.000
CommandDispatcher::handleReturnToZero: after isPlaying=false isRecording=false playContextActive=true positionSeconds=0.000 editLengthSeconds=20.000
Command executed: return_to_zero, result: {
  "status": "ok",
  "message": "Transport returned to zero",
  "is_playing": false,
  "is_recording": false,
  "position_seconds": 0.0,
  "click_track_enabled": false
}
VitHeadlessService: command reply (truncated): {
  "status": "ok",
  "message": "Transport returned to zero",
  "is_playing": false,
  "is_recording": false,
  "position_seconds": 0.0,
  "click_track_enabled": false
}
ZmqGateway: received command payload: {"action":"play"}
ZmqGateway: dispatching payload to JUCE message thread.
VitHeadlessService: processing queued command on JUCE message thread: {"action":"play"}
Command received: {"action":"play"}
CommandDispatcher::handlePlay: before isPlaying=false isRecording=false playContextActive=true positionSeconds=0.000 editLengthSeconds=20.000
CommandDispatcher::handlePlay: after isPlaying=true isRecording=false playContextActive=true positionSeconds=0.000 editLengthSeconds=20.000
Command executed: play, result: {
  "status": "ok",
  "message": "Transport playing",
  "is_playing": true,
  "is_recording": false,
  "position_seconds": 0.0,
  "click_track_enabled": false
}
VitHeadlessService: command reply (truncated): {
  "status": "ok",
  "message": "Transport playing",
  "is_playing": true,
  "is_recording": false,
  "position_seconds": 0.0,
  "click_track_enabled": false
}
ZmqGateway: received command payload: {"cmd":"seek","time":0.984615325927734}
ZmqGateway: dispatching payload to JUCE message thread.
VitHeadlessService: processing queued command on JUCE message thread: {"cmd":"seek","time":0.984615325927734}
Command received: {"cmd":"seek","time":0.984615325927734}
CommandDispatcher::handleSeek: position set to 0.9846s
Command executed: seek, result: {
  "status": "ok",
  "message": "Seek executed",
  "position_seconds": 0.984615325927734
}
VitHeadlessService: command reply (truncated): {
  "status": "ok",
  "message": "Seek executed",
  "position_seconds": 0.984615325927734
}
ZmqGateway: received command payload: {"cmd":"seek","time":0.984615325927734}
ZmqGateway: dispatching payload to JUCE message thread.
VitHeadlessService: processing queued command on JUCE message thread: {"cmd":"seek","time":0.984615325927734}
Command received: {"cmd":"seek","time":0.984615325927734}
CommandDispatcher::handleSeek: position set to 0.9846s
Command executed: seek, result: {
  "status": "ok",
  "message": "Seek executed",
  "position_seconds": 0.984615325927734
}
VitHeadlessService: command reply (truncated): {
  "status": "ok",
  "message": "Seek executed",
  "position_seconds": 0.984615325927734
}
ZmqGateway: received command payload: {"cmd":"seek","time":0.984615325927734}
ZmqGateway: dispatching payload to JUCE message thread.
VitHeadlessService: processing queued command on JUCE message thread: {"cmd":"seek","time":0.984615325927734}
Command received: {"cmd":"seek","time":0.984615325927734}
CommandDispatcher::handleSeek: position set to 0.9846s
Command executed: seek, result: {
  "status": "ok",
  "message": "Seek executed",
  "position_seconds": 0.984615325927734
}
VitHeadlessService: command reply (truncated): {
  "status": "ok",
  "message": "Seek executed",
  "position_seconds": 0.984615325927734
}
ZmqGateway: received command payload: {"cmd":"seek","time":0.984615325927734}
ZmqGateway: dispatching payload to JUCE message thread.
VitHeadlessService: processing queued command on JUCE message thread: {"cmd":"seek","time":0.984615325927734}
Command received: {"cmd":"seek","time":0.984615325927734}
CommandDispatcher::handleSeek: position set to 0.9846s
Command executed: seek, result: {
  "status": "ok",
  "message": "Seek executed",
  "position_seconds": 0.984615325927734
}
VitHeadlessService: command reply (truncated): {
  "status": "ok",
  "message": "Seek executed",
  "position_seconds": 0.984615325927734
}
ZmqGateway: received command payload: {"cmd":"seek","time":0.984615325927734}
ZmqGateway: dispatching payload to JUCE message thread.
VitHeadlessService: processing queued command on JUCE message thread: {"cmd":"seek","time":0.984615325927734}
Command received: {"cmd":"seek","time":0.984615325927734}
CommandDispatcher::handleSeek: position set to 0.9846s
Command executed: seek, result: {
  "status": "ok",
  "message": "Seek executed",
  "position_seconds": 0.984615325927734
}
VitHeadlessService: command reply (truncated): {
  "status": "ok",
  "message": "Seek executed",
  "position_seconds": 0.984615325927734
}
ZmqGateway: received command payload: {"cmd":"seek","time":0.984615325927734}
ZmqGateway: dispatching payload to JUCE message thread.
VitHeadlessService: processing queued command on JUCE message thread: {"cmd":"seek","time":0.984615325927734}
Command received: {"cmd":"seek","time":0.984615325927734}
CommandDispatcher::handleSeek: position set to 0.9846s
Command executed: seek, result: {
  "status": "ok",
  "message": "Seek executed",
  "position_seconds": 0.984615325927734
}
VitHeadlessService: command reply (truncated): {
  "status": "ok",
  "message": "Seek executed",
  "position_seconds": 0.984615325927734
}
ZmqGateway: received command payload: {"cmd":"seek","time":0.984615325927734}
ZmqGateway: dispatching payload to JUCE message thread.
VitHeadlessService: processing queued command on JUCE message thread: {"cmd":"seek","time":0.984615325927734}
Command received: {"cmd":"seek","time":0.984615325927734}
CommandDispatcher::handleSeek: position set to 0.9846s
Command executed: seek, result: {
  "status": "ok",
  "message": "Seek executed",
  "position_seconds": 0.984615325927734
}
VitHeadlessService: command reply (truncated): {
  "status": "ok",
  "message": "Seek executed",
  "position_seconds": 0.984615325927734
}
ZmqGateway: received command payload: {"cmd":"seek","time":0.984615325927734}
ZmqGateway: dispatching payload to JUCE message thread.
VitHeadlessService: processing queued command on JUCE message thread: {"cmd":"seek","time":0.984615325927734}
Command received: {"cmd":"seek","time":0.984615325927734}
CommandDispatcher::handleSeek: position set to 0.9846s
Command executed: seek, result: {
  "status": "ok",
  "message": "Seek executed",
  "position_seconds": 0.984615325927734
}
VitHeadlessService: command reply (truncated): {
  "status": "ok",
  "message": "Seek executed",
  "position_seconds": 0.984615325927734
}
ZmqGateway: received command payload: {"cmd":"seek","time":0.984615325927734}
ZmqGateway: dispatching payload to JUCE message thread.
VitHeadlessService: processing queued command on JUCE message thread: {"cmd":"seek","time":0.984615325927734}
Command received: {"cmd":"seek","time":0.984615325927734}
CommandDispatcher::handleSeek: position set to 0.9846s
Command executed: seek, result: {
  "status": "ok",
  "message": "Seek executed",
  "position_seconds": 0.984615325927734
}
VitHeadlessService: command reply (truncated): {
  "status": "ok",
  "message": "Seek executed",
  "position_seconds": 0.984615325927734
}
ZmqGateway: received command payload: {"cmd":"seek","time":0.984615325927734}
ZmqGateway: dispatching payload to JUCE message thread.
VitHeadlessService: processing queued command on JUCE message thread: {"cmd":"seek","time":0.984615325927734}
Command received: {"cmd":"seek","time":0.984615325927734}
CommandDispatcher::handleSeek: position set to 0.9846s
Command executed: seek, result: {
  "status": "ok",
  "message": "Seek executed",
  "position_seconds": 0.984615325927734
}
VitHeadlessService: command reply (truncated): {
  "status": "ok",
  "message": "Seek executed",
  "position_seconds": 0.984615325927734
}
ZmqGateway: received command payload: {"cmd":"seek","time":0.984615325927734}
ZmqGateway: dispatching payload to JUCE message thread.
VitHeadlessService: processing queued command on JUCE message thread: {"cmd":"seek","time":0.984615325927734}
Command received: {"cmd":"seek","time":0.984615325927734}
CommandDispatcher::handleSeek: position set to 0.9846s
Command executed: seek, result: {
  "status": "ok",
  "message": "Seek executed",
  "position_seconds": 0.984615325927734
}
VitHeadlessService: command reply (truncated): {
  "status": "ok",
  "message": "Seek executed",
  "position_seconds": 0.984615325927734
}
ZmqGateway: received command payload: {"cmd":"seek","time":0.984615325927734}
ZmqGateway: dispatching payload to JUCE message thread.
VitHeadlessService: processing queued command on JUCE message thread: {"cmd":"seek","time":0.984615325927734}
Command received: {"cmd":"seek","time":0.984615325927734}
CommandDispatcher::handleSeek: position set to 0.9846s
Command executed: seek, result: {
  "status": "ok",
  "message": "Seek executed",
  "position_seconds": 0.984615325927734
}
VitHeadlessService: command reply (truncated): {
  "status": "ok",
  "message": "Seek executed",
  "position_seconds": 0.984615325927734
}
ZmqGateway: received command payload: {"cmd":"seek","time":0.984615325927734}
ZmqGateway: dispatching payload to JUCE message thread.
VitHeadlessService: processing queued command on JUCE message thread: {"cmd":"seek","time":0.984615325927734}
Command received: {"cmd":"seek","time":0.984615325927734}
CommandDispatcher::handleSeek: position set to 0.9846s
Command executed: seek, result: {
  "status": "ok",
  "message": "Seek executed",
  "position_seconds": 0.984615325927734
}
VitHeadlessService: command reply (truncated): {
  "status": "ok",
  "message": "Seek executed",
  "position_seconds": 0.984615325927734
}
ZmqGateway: received command payload: {"cmd":"seek","time":0.984615325927734}
ZmqGateway: dispatching payload to JUCE message thread.
VitHeadlessService: processing queued command on JUCE message thread: {"cmd":"seek","time":0.984615325927734}
Command received: {"cmd":"seek","time":0.984615325927734}
CommandDispatcher::handleSeek: position set to 0.9846s
Command executed: seek, result: {
  "status": "ok",
  "message": "Seek executed",
  "position_seconds": 0.984615325927734
}
VitHeadlessService: command reply (truncated): {
  "status": "ok",
  "message": "Seek executed",
  "position_seconds": 0.984615325927734
}
ZmqGateway: received command payload: {"cmd":"seek","time":1.01538467407227}
ZmqGateway: dispatching payload to JUCE message thread.
VitHeadlessService: processing queued command on JUCE message thread: {"cmd":"seek","time":1.01538467407227}
Command received: {"cmd":"seek","time":1.01538467407227}
CommandDispatcher::handleSeek: position set to 1.0154s
Command executed: seek, result: {
  "status": "ok",
  "message": "Seek executed",
  "position_seconds": 1.01538467407227
}
VitHeadlessService: command reply (truncated): {
  "status": "ok",
  "message": "Seek executed",
  "position_seconds": 1.01538467407227
}
ZmqGateway: received command payload: {"cmd":"seek","time":1.01538467407227}
ZmqGateway: dispatching payload to JUCE message thread.
VitHeadlessService: processing queued command on JUCE message thread: {"cmd":"seek","time":1.01538467407227}
Command received: {"cmd":"seek","time":1.01538467407227}
CommandDispatcher::handleSeek: position set to 1.0154s
Command executed: seek, result: {
  "status": "ok",
  "message": "Seek executed",
  "position_seconds": 1.01538467407227
}
VitHeadlessService: command reply (truncated): {
  "status": "ok",
  "message": "Seek executed",
  "position_seconds": 1.01538467407227
}
ZmqGateway: received command payload: {"cmd":"seek","time":1.13846206665039}
ZmqGateway: dispatching payload to JUCE message thread.
VitHeadlessService: processing queued command on JUCE message thread: {"cmd":"seek","time":1.13846206665039}
Command received: {"cmd":"seek","time":1.13846206665039}
CommandDispatcher::handleSeek: position set to 1.1385s
Command executed: seek, result: {
  "status": "ok",
  "message": "Seek executed",
  "position_seconds": 1.13846206665039
}
VitHeadlessService: command reply (truncated): {
  "status": "ok",
  "message": "Seek executed",
  "position_seconds": 1.13846206665039
}
ZmqGateway: received command payload: {"cmd":"seek","time":1.13846206665039}
ZmqGateway: dispatching payload to JUCE message thread.
VitHeadlessService: processing queued command on JUCE message thread: {"cmd":"seek","time":1.13846206665039}
Command received: {"cmd":"seek","time":1.13846206665039}
CommandDispatcher::handleSeek: position set to 1.1385s
Command executed: seek, result: {
  "status": "ok",
  "message": "Seek executed",
  "position_seconds": 1.13846206665039
}
VitHeadlessService: command reply (truncated): {
  "status": "ok",
  "message": "Seek executed",
  "position_seconds": 1.13846206665039
}
ZmqGateway: received command payload: {"cmd":"seek","time":1.32307624816895}
ZmqGateway: dispatching payload to JUCE message thread.
VitHeadlessService: processing queued command on JUCE message thread: {"cmd":"seek","time":1.32307624816895}
Command received: {"cmd":"seek","time":1.32307624816895}
CommandDispatcher::handleSeek: position set to 1.3231s
Command executed: seek, result: {
  "status": "ok",
  "message": "Seek executed",
  "position_seconds": 1.32307624816895
}
VitHeadlessService: command reply (truncated): {
  "status": "ok",
  "message": "Seek executed",
  "position_seconds": 1.32307624816895
}
ZmqGateway: received command payload: {"cmd":"seek","time":1.32307624816895}
ZmqGateway: dispatching payload to JUCE message thread.
VitHeadlessService: processing queued command on JUCE message thread: {"cmd":"seek","time":1.32307624816895}
Command received: {"cmd":"seek","time":1.32307624816895}
CommandDispatcher::handleSeek: position set to 1.3231s
Command executed: seek, result: {
  "status": "ok",
  "message": "Seek executed",
  "position_seconds": 1.32307624816895
}
VitHeadlessService: command reply (truncated): {
  "status": "ok",
  "message": "Seek executed",
  "position_seconds": 1.32307624816895
}
ZmqGateway: received command payload: {"cmd":"seek","time":1.50769233703613}
ZmqGateway: dispatching payload to JUCE message thread.
VitHeadlessService: processing queued command on JUCE message thread: {"cmd":"seek","time":1.50769233703613}
Command received: {"cmd":"seek","time":1.50769233703613}
CommandDispatcher::handleSeek: position set to 1.5077s
Command executed: seek, result: {
  "status": "ok",
  "message": "Seek executed",
  "position_seconds": 1.50769233703613
}
VitHeadlessService: command reply (truncated): {
  "status": "ok",
  "message": "Seek executed",
  "position_seconds": 1.50769233703613
}
ZmqGateway: received command payload: {"cmd":"seek","time":1.50769233703613}
ZmqGateway: dispatching payload to JUCE message thread.
VitHeadlessService: processing queued command on JUCE message thread: {"cmd":"seek","time":1.50769233703613}
Command received: {"cmd":"seek","time":1.50769233703613}
CommandDispatcher::handleSeek: position set to 1.5077s
Command executed: seek, result: {
  "status": "ok",
  "message": "Seek executed",
  "position_seconds": 1.50769233703613
}
VitHeadlessService: command reply (truncated): {
  "status": "ok",
  "message": "Seek executed",
  "position_seconds": 1.50769233703613
}
ZmqGateway: received command payload: {"cmd":"seek","time":1.75384712219238}
ZmqGateway: dispatching payload to JUCE message thread.
VitHeadlessService: processing queued command on JUCE message thread: {"cmd":"seek","time":1.75384712219238}
Command received: {"cmd":"seek","time":1.75384712219238}
CommandDispatcher::handleSeek: position set to 1.7538s
Command executed: seek, result: {
  "status": "ok",
  "message": "Seek executed",
  "position_seconds": 1.75384712219238
}
VitHeadlessService: command reply (truncated): {
  "status": "ok",
  "message": "Seek executed",
  "position_seconds": 1.75384712219238
}
ZmqGateway: received command payload: {"cmd":"seek","time":1.75384712219238}
ZmqGateway: dispatching payload to JUCE message thread.
VitHeadlessService: processing queued command on JUCE message thread: {"cmd":"seek","time":1.75384712219238}
Command received: {"cmd":"seek","time":1.75384712219238}
CommandDispatcher::handleSeek: position set to 1.7538s
Command executed: seek, result: {
  "status": "ok",
  "message": "Seek executed",
  "position_seconds": 1.75384712219238
}
VitHeadlessService: command reply (truncated): {
  "status": "ok",
  "message": "Seek executed",
  "position_seconds": 1.75384712219238
}
ZmqGateway: received command payload: {"cmd":"seek","time":1.96923065185547}
ZmqGateway: dispatching payload to JUCE message thread.
VitHeadlessService: processing queued command on JUCE message thread: {"cmd":"seek","time":1.96923065185547}
Command received: {"cmd":"seek","time":1.96923065185547}
CommandDispatcher::handleSeek: position set to 1.9692s
Command executed: seek, result: {
  "status": "ok",
  "message": "Seek executed",
  "position_seconds": 1.96923065185547
}
VitHeadlessService: command reply (truncated): {
  "status": "ok",
  "message": "Seek executed",
  "position_seconds": 1.96923065185547
}
ZmqGateway: received command payload: {"cmd":"seek","time":1.96923065185547}
ZmqGateway: dispatching payload to JUCE message thread.
VitHeadlessService: processing queued command on JUCE message thread: {"cmd":"seek","time":1.96923065185547}
Command received: {"cmd":"seek","time":1.96923065185547}
CommandDispatcher::handleSeek: position set to 1.9692s
Command executed: seek, result: {
  "status": "ok",
  "message": "Seek executed",
  "position_seconds": 1.96923065185547
}
VitHeadlessService: command reply (truncated): {
  "status": "ok",
  "message": "Seek executed",
  "position_seconds": 1.96923065185547
}
ZmqGateway: received command payload: {"cmd":"seek","time":2.18461608886719}
ZmqGateway: dispatching payload to JUCE message thread.
VitHeadlessService: processing queued command on JUCE message thread: {"cmd":"seek","time":2.18461608886719}
Command received: {"cmd":"seek","time":2.18461608886719}
CommandDispatcher::handleSeek: position set to 2.1846s
Command executed: seek, result: {
  "status": "ok",
  "message": "Seek executed",
  "position_seconds": 2.18461608886719
}
VitHeadlessService: command reply (truncated): {
  "status": "ok",
  "message": "Seek executed",
  "position_seconds": 2.18461608886719
}
ZmqGateway: received command payload: {"cmd":"seek","time":2.18461608886719}
ZmqGateway: dispatching payload to JUCE message thread.
VitHeadlessService: processing queued command on JUCE message thread: {"cmd":"seek","time":2.18461608886719}
Command received: {"cmd":"seek","time":2.18461608886719}
CommandDispatcher::handleSeek: position set to 2.1846s
Command executed: seek, result: {
  "status": "ok",
  "message": "Seek executed",
  "position_seconds": 2.18461608886719
}
VitHeadlessService: command reply (truncated): {
  "status": "ok",
  "message": "Seek executed",
  "position_seconds": 2.18461608886719
}
ZmqGateway: received command payload: {"cmd":"seek","time":2.33846092224121}
ZmqGateway: dispatching payload to JUCE message thread.
VitHeadlessService: processing queued command on JUCE message thread: {"cmd":"seek","time":2.33846092224121}
Command received: {"cmd":"seek","time":2.33846092224121}
CommandDispatcher::handleSeek: position set to 2.3385s
Command executed: seek, result: {
  "status": "ok",
  "message": "Seek executed",
  "position_seconds": 2.33846092224121
}
VitHeadlessService: command reply (truncated): {
  "status": "ok",
  "message": "Seek executed",
  "position_seconds": 2.33846092224121
}
ZmqGateway: received command payload: {"cmd":"seek","time":2.33846092224121}
ZmqGateway: dispatching payload to JUCE message thread.
VitHeadlessService: processing queued command on JUCE message thread: {"cmd":"seek","time":2.33846092224121}
Command received: {"cmd":"seek","time":2.33846092224121}
CommandDispatcher::handleSeek: position set to 2.3385s
Command executed: seek, result: {
  "status": "ok",
  "message": "Seek executed",
  "position_seconds": 2.33846092224121
}
VitHeadlessService: command reply (truncated): {
  "status": "ok",
  "message": "Seek executed",
  "position_seconds": 2.33846092224121
}
ZmqGateway: received command payload: {"cmd":"seek","time":2.46153831481934}
ZmqGateway: dispatching payload to JUCE message thread.
VitHeadlessService: processing queued command on JUCE message thread: {"cmd":"seek","time":2.46153831481934}
Command received: {"cmd":"seek","time":2.46153831481934}
CommandDispatcher::handleSeek: position set to 2.4615s
Command executed: seek, result: {
  "status": "ok",
  "message": "Seek executed",
  "position_seconds": 2.46153831481934
}
VitHeadlessService: command reply (truncated): {
  "status": "ok",
  "message": "Seek executed",
  "position_seconds": 2.46153831481934
}
ZmqGateway: received command payload: {"cmd":"seek","time":2.46153831481934}
ZmqGateway: dispatching payload to JUCE message thread.
VitHeadlessService: processing queued command on JUCE message thread: {"cmd":"seek","time":2.46153831481934}
Command received: {"cmd":"seek","time":2.46153831481934}
CommandDispatcher::handleSeek: position set to 2.4615s
Command executed: seek, result: {
  "status": "ok",
  "message": "Seek executed",
  "position_seconds": 2.46153831481934
}
VitHeadlessService: command reply (truncated): {
  "status": "ok",
  "message": "Seek executed",
  "position_seconds": 2.46153831481934
}
ZmqGateway: received command payload: {"cmd":"seek","time":2.58461570739746}
ZmqGateway: dispatching payload to JUCE message thread.
VitHeadlessService: processing queued command on JUCE message thread: {"cmd":"seek","time":2.58461570739746}
Command received: {"cmd":"seek","time":2.58461570739746}
CommandDispatcher::handleSeek: position set to 2.5846s
Command executed: seek, result: {
  "status": "ok",
  "message": "Seek executed",
  "position_seconds": 2.58461570739746
}
VitHeadlessService: command reply (truncated): {
  "status": "ok",
  "message": "Seek executed",
  "position_seconds": 2.58461570739746
}
ZmqGateway: received command payload: {"cmd":"seek","time":2.58461570739746}
ZmqGateway: dispatching payload to JUCE message thread.
VitHeadlessService: processing queued command on JUCE message thread: {"cmd":"seek","time":2.58461570739746}
Command received: {"cmd":"seek","time":2.58461570739746}
CommandDispatcher::handleSeek: position set to 2.5846s
Command executed: seek, result: {
  "status": "ok",
  "message": "Seek executed",
  "position_seconds": 2.58461570739746
}
VitHeadlessService: command reply (truncated): {
  "status": "ok",
  "message": "Seek executed",
  "position_seconds": 2.58461570739746
}
ZmqGateway: received command payload: {"cmd":"seek","time":2.64615440368652}
ZmqGateway: dispatching payload to JUCE message thread.
VitHeadlessService: processing queued command on JUCE message thread: {"cmd":"seek","time":2.64615440368652}
Command received: {"cmd":"seek","time":2.64615440368652}
CommandDispatcher::handleSeek: position set to 2.6462s
Command executed: seek, result: {
  "status": "ok",
  "message": "Seek executed",
  "position_seconds": 2.64615440368652
}
VitHeadlessService: command reply (truncated): {
  "status": "ok",
  "message": "Seek executed",
  "position_seconds": 2.64615440368652
}
ZmqGateway: received command payload: {"cmd":"seek","time":2.64615440368652}
ZmqGateway: dispatching payload to JUCE message thread.
VitHeadlessService: processing queued command on JUCE message thread: {"cmd":"seek","time":2.64615440368652}
Command received: {"cmd":"seek","time":2.64615440368652}
CommandDispatcher::handleSeek: position set to 2.6462s
Command executed: seek, result: {
  "status": "ok",
  "message": "Seek executed",
  "position_seconds": 2.64615440368652
}
VitHeadlessService: command reply (truncated): {
  "status": "ok",
  "message": "Seek executed",
  "position_seconds": 2.64615440368652
}
ZmqGateway: received command payload: {"cmd":"seek","time":2.67692375183105}
ZmqGateway: dispatching payload to JUCE message thread.
VitHeadlessService: processing queued command on JUCE message thread: {"cmd":"seek","time":2.67692375183105}
Command received: {"cmd":"seek","time":2.67692375183105}
CommandDispatcher::handleSeek: position set to 2.6769s
Command executed: seek, result: {
  "status": "ok",
  "message": "Seek executed",
  "position_seconds": 2.67692375183105
}
VitHeadlessService: command reply (truncated): {
  "status": "ok",
  "message": "Seek executed",
  "position_seconds": 2.67692375183105
}
ZmqGateway: received command payload: {"cmd":"seek","time":2.67692375183105}
ZmqGateway: dispatching payload to JUCE message thread.
VitHeadlessService: processing queued command on JUCE message thread: {"cmd":"seek","time":2.67692375183105}
Command received: {"cmd":"seek","time":2.67692375183105}
CommandDispatcher::handleSeek: position set to 2.6769s
Command executed: seek, result: {
  "status": "ok",
  "message": "Seek executed",
  "position_seconds": 2.67692375183105
}
VitHeadlessService: command reply (truncated): {
  "status": "ok",
  "message": "Seek executed",
  "position_seconds": 2.67692375183105
}
ZmqGateway: received command payload: {"cmd":"seek","time":2.70769309997559}
ZmqGateway: dispatching payload to JUCE message thread.
VitHeadlessService: processing queued command on JUCE message thread: {"cmd":"seek","time":2.70769309997559}
Command received: {"cmd":"seek","time":2.70769309997559}
CommandDispatcher::handleSeek: position set to 2.7077s
Command executed: seek, result: {
  "status": "ok",
  "message": "Seek executed",
  "position_seconds": 2.70769309997559
}
VitHeadlessService: command reply (truncated): {
  "status": "ok",
  "message": "Seek executed",
  "position_seconds": 2.70769309997559
}
ZmqGateway: received command payload: {"cmd":"seek","time":2.70769309997559}
ZmqGateway: dispatching payload to JUCE message thread.
VitHeadlessService: processing queued command on JUCE message thread: {"cmd":"seek","time":2.70769309997559}
Command received: {"cmd":"seek","time":2.70769309997559}
CommandDispatcher::handleSeek: position set to 2.7077s
Command executed: seek, result: {
  "status": "ok",
  "message": "Seek executed",
  "position_seconds": 2.70769309997559
}
VitHeadlessService: command reply (truncated): {
  "status": "ok",
  "message": "Seek executed",
  "position_seconds": 2.70769309997559
}
ZmqGateway: received command payload: {"cmd":"seek","time":2.73846244812012}
ZmqGateway: dispatching payload to JUCE message thread.
VitHeadlessService: processing queued command on JUCE message thread: {"cmd":"seek","time":2.73846244812012}
Command received: {"cmd":"seek","time":2.73846244812012}
CommandDispatcher::handleSeek: position set to 2.7385s
Command executed: seek, result: {
  "status": "ok",
  "message": "Seek executed",
  "position_seconds": 2.73846244812012
}
VitHeadlessService: command reply (truncated): {
  "status": "ok",
  "message": "Seek executed",
  "position_seconds": 2.73846244812012
}
ZmqGateway: received command payload: {"cmd":"seek","time":2.73846244812012}
ZmqGateway: dispatching payload to JUCE message thread.
VitHeadlessService: processing queued command on JUCE message thread: {"cmd":"seek","time":2.73846244812012}
Command received: {"cmd":"seek","time":2.73846244812012}
CommandDispatcher::handleSeek: position set to 2.7385s
Command executed: seek, result: {
  "status": "ok",
  "message": "Seek executed",
  "position_seconds": 2.73846244812012
}
VitHeadlessService: command reply (truncated): {
  "status": "ok",
  "message": "Seek executed",
  "position_seconds": 2.73846244812012
}
ZmqGateway: received command payload: {"cmd":"seek","time":2.73846244812012}
ZmqGateway: dispatching payload to JUCE message thread.
VitHeadlessService: processing queued command on JUCE message thread: {"cmd":"seek","time":2.73846244812012}
Command received: {"cmd":"seek","time":2.73846244812012}
CommandDispatcher::handleSeek: position set to 2.7385s
Command executed: seek, result: {
  "status": "ok",
  "message": "Seek executed",
  "position_seconds": 2.73846244812012
}
VitHeadlessService: command reply (truncated): {
  "status": "ok",
  "message": "Seek executed",
  "position_seconds": 2.73846244812012
}
ZmqGateway: received command payload: {"cmd":"seek","time":2.73846244812012}
ZmqGateway: dispatching payload to JUCE message thread.
VitHeadlessService: processing queued command on JUCE message thread: {"cmd":"seek","time":2.73846244812012}
Command received: {"cmd":"seek","time":2.73846244812012}
CommandDispatcher::handleSeek: position set to 2.7385s
Command executed: seek, result: {
  "status": "ok",
  "message": "Seek executed",
  "position_seconds": 2.73846244812012
}
VitHeadlessService: command reply (truncated): {
  "status": "ok",
  "message": "Seek executed",
  "position_seconds": 2.73846244812012
}
ZmqGateway: received command payload: {"cmd":"seek","time":2.73846244812012}
ZmqGateway: dispatching payload to JUCE message thread.
VitHeadlessService: processing queued command on JUCE message thread: {"cmd":"seek","time":2.73846244812012}
Command received: {"cmd":"seek","time":2.73846244812012}
CommandDispatcher::handleSeek: position set to 2.7385s
Command executed: seek, result: {
  "status": "ok",
  "message": "Seek executed",
  "position_seconds": 2.73846244812012
}
VitHeadlessService: command reply (truncated): {
  "status": "ok",
  "message": "Seek executed",
  "position_seconds": 2.73846244812012
}
ZmqGateway: received command payload: {"cmd":"seek","time":2.73846244812012}
ZmqGateway: dispatching payload to JUCE message thread.
VitHeadlessService: processing queued command on JUCE message thread: {"cmd":"seek","time":2.73846244812012}
Command received: {"cmd":"seek","time":2.73846244812012}
CommandDispatcher::handleSeek: position set to 2.7385s
Command executed: seek, result: {
  "status": "ok",
  "message": "Seek executed",
  "position_seconds": 2.73846244812012
}
VitHeadlessService: command reply (truncated): {
  "status": "ok",
  "message": "Seek executed",
  "position_seconds": 2.73846244812012
}
ZmqGateway: received command payload: {"cmd":"seek","time":2.73846244812012}
ZmqGateway: dispatching payload to JUCE message thread.
VitHeadlessService: processing queued command on JUCE message thread: {"cmd":"seek","time":2.73846244812012}
Command received: {"cmd":"seek","time":2.73846244812012}
CommandDispatcher::handleSeek: position set to 2.7385s
Command executed: seek, result: {
  "status": "ok",
  "message": "Seek executed",
  "position_seconds": 2.73846244812012
}
VitHeadlessService: command reply (truncated): {
  "status": "ok",
  "message": "Seek executed",
  "position_seconds": 2.73846244812012
}
ZmqGateway: received command payload: {"cmd":"seek","time":2.73846244812012}
ZmqGateway: dispatching payload to JUCE message thread.
VitHeadlessService: processing queued command on JUCE message thread: {"cmd":"seek","time":2.73846244812012}
Command received: {"cmd":"seek","time":2.73846244812012}
CommandDispatcher::handleSeek: position set to 2.7385s
Command executed: seek, result: {
  "status": "ok",
  "message": "Seek executed",
  "position_seconds": 2.73846244812012
}
VitHeadlessService: command reply (truncated): {
  "status": "ok",
  "message": "Seek executed",
  "position_seconds": 2.73846244812012
}
ZmqGateway: received command payload: {"cmd":"seek","time":2.73846244812012}
ZmqGateway: dispatching payload to JUCE message thread.
VitHeadlessService: processing queued command on JUCE message thread: {"cmd":"seek","time":2.73846244812012}
Command received: {"cmd":"seek","time":2.73846244812012}
CommandDispatcher::handleSeek: position set to 2.7385s
Command executed: seek, result: {
  "status": "ok",
  "message": "Seek executed",
  "position_seconds": 2.73846244812012
}
VitHeadlessService: command reply (truncated): {
  "status": "ok",
  "message": "Seek executed",
  "position_seconds": 2.73846244812012
}
ZmqGateway: received command payload: {"cmd":"seek","time":2.73846244812012}
ZmqGateway: dispatching payload to JUCE message thread.
VitHeadlessService: processing queued command on JUCE message thread: {"cmd":"seek","time":2.73846244812012}
Command received: {"cmd":"seek","time":2.73846244812012}
CommandDispatcher::handleSeek: position set to 2.7385s
Command executed: seek, result: {
  "status": "ok",
  "message": "Seek executed",
  "position_seconds": 2.73846244812012
}
VitHeadlessService: command reply (truncated): {
  "status": "ok",
  "message": "Seek executed",
  "position_seconds": 2.73846244812012
}
ZmqGateway: received command payload: {"cmd":"seek","time":2.73846244812012}
ZmqGateway: dispatching payload to JUCE message thread.
VitHeadlessService: processing queued command on JUCE message thread: {"cmd":"seek","time":2.73846244812012}
Command received: {"cmd":"seek","time":2.73846244812012}
CommandDispatcher::handleSeek: position set to 2.7385s
Command executed: seek, result: {
  "status": "ok",
  "message": "Seek executed",
  "position_seconds": 2.73846244812012
}
VitHeadlessService: command reply (truncated): {
  "status": "ok",
  "message": "Seek executed",
  "position_seconds": 2.73846244812012
}
ZmqGateway: received command payload: {"cmd":"seek","time":2.73846244812012}
ZmqGateway: dispatching payload to JUCE message thread.
VitHeadlessService: processing queued command on JUCE message thread: {"cmd":"seek","time":2.73846244812012}
Command received: {"cmd":"seek","time":2.73846244812012}
CommandDispatcher::handleSeek: position set to 2.7385s
Command executed: seek, result: {
  "status": "ok",
  "message": "Seek executed",
  "position_seconds": 2.73846244812012
}
VitHeadlessService: command reply (truncated): {
  "status": "ok",
  "message": "Seek executed",
  "position_seconds": 2.73846244812012
}
ZmqGateway: received command payload: {"cmd":"seek","time":2.73846244812012}
ZmqGateway: dispatching payload to JUCE message thread.
VitHeadlessService: processing queued command on JUCE message thread: {"cmd":"seek","time":2.73846244812012}
Command received: {"cmd":"seek","time":2.73846244812012}
CommandDispatcher::handleSeek: position set to 2.7385s
Command executed: seek, result: {
  "status": "ok",
  "message": "Seek executed",
  "position_seconds": 2.73846244812012
}
VitHeadlessService: command reply (truncated): {
  "status": "ok",
  "message": "Seek executed",
  "position_seconds": 2.73846244812012
}
ZmqGateway: received command payload: {"cmd":"seek","time":2.73846244812012}
ZmqGateway: dispatching payload to JUCE message thread.
VitHeadlessService: processing queued command on JUCE message thread: {"cmd":"seek","time":2.73846244812012}
Command received: {"cmd":"seek","time":2.73846244812012}
CommandDispatcher::handleSeek: position set to 2.7385s
Command executed: seek, result: {
  "status": "ok",
  "message": "Seek executed",
  "position_seconds": 2.73846244812012
}
VitHeadlessService: command reply (truncated): {
  "status": "ok",
  "message": "Seek executed",
  "position_seconds": 2.73846244812012
}
ZmqGateway: received command payload: {"cmd":"seek","time":2.73846244812012}
ZmqGateway: dispatching payload to JUCE message thread.
VitHeadlessService: processing queued command on JUCE message thread: {"cmd":"seek","time":2.73846244812012}
Command received: {"cmd":"seek","time":2.73846244812012}
CommandDispatcher::handleSeek: position set to 2.7385s
Command executed: seek, result: {
  "status": "ok",
  "message": "Seek executed",
  "position_seconds": 2.73846244812012
}
VitHeadlessService: command reply (truncated): {
  "status": "ok",
  "message": "Seek executed",
  "position_seconds": 2.73846244812012
}
ZmqGateway: received command payload: {"cmd":"seek","time":2.73846244812012}
ZmqGateway: dispatching payload to JUCE message thread.
VitHeadlessService: processing queued command on JUCE message thread: {"cmd":"seek","time":2.73846244812012}
Command received: {"cmd":"seek","time":2.73846244812012}
CommandDispatcher::handleSeek: position set to 2.7385s
Command executed: seek, result: {
  "status": "ok",
  "message": "Seek executed",
  "position_seconds": 2.73846244812012
}
VitHeadlessService: command reply (truncated): {
  "status": "ok",
  "message": "Seek executed",
  "position_seconds": 2.73846244812012
}
ZmqGateway: received command payload: {"cmd":"seek","time":2.73846244812012}
ZmqGateway: dispatching payload to JUCE message thread.
VitHeadlessService: processing queued command on JUCE message thread: {"cmd":"seek","time":2.73846244812012}
Command received: {"cmd":"seek","time":2.73846244812012}
CommandDispatcher::handleSeek: position set to 2.7385s
Command executed: seek, result: {
  "status": "ok",
  "message": "Seek executed",
  "position_seconds": 2.73846244812012
}
VitHeadlessService: command reply (truncated): {
  "status": "ok",
  "message": "Seek executed",
  "position_seconds": 2.73846244812012
}
ZmqGateway: received command payload: {"cmd":"seek","time":2.73846244812012}
ZmqGateway: dispatching payload to JUCE message thread.
VitHeadlessService: processing queued command on JUCE message thread: {"cmd":"seek","time":2.73846244812012}
Command received: {"cmd":"seek","time":2.73846244812012}
CommandDispatcher::handleSeek: position set to 2.7385s
Command executed: seek, result: {
  "status": "ok",
  "message": "Seek executed",
  "position_seconds": 2.73846244812012
}
VitHeadlessService: command reply (truncated): {
  "status": "ok",
  "message": "Seek executed",
  "position_seconds": 2.73846244812012
}
ZmqGateway: received command payload: {"cmd":"seek","time":2.73846244812012}
ZmqGateway: dispatching payload to JUCE message thread.
VitHeadlessService: processing queued command on JUCE message thread: {"cmd":"seek","time":2.73846244812012}
Command received: {"cmd":"seek","time":2.73846244812012}
CommandDispatcher::handleSeek: position set to 2.7385s
Command executed: seek, result: {
  "status": "ok",
  "message": "Seek executed",
  "position_seconds": 2.73846244812012
}
VitHeadlessService: command reply (truncated): {
  "status": "ok",
  "message": "Seek executed",
  "position_seconds": 2.73846244812012
}
ZmqGateway: received command payload: {"cmd":"seek","time":2.73846244812012}
ZmqGateway: dispatching payload to JUCE message thread.
VitHeadlessService: processing queued command on JUCE message thread: {"cmd":"seek","time":2.73846244812012}
Command received: {"cmd":"seek","time":2.73846244812012}
CommandDispatcher::handleSeek: position set to 2.7385s
Command executed: seek, result: {
  "status": "ok",
  "message": "Seek executed",
  "position_seconds": 2.73846244812012
}
VitHeadlessService: command reply (truncated): {
  "status": "ok",
  "message": "Seek executed",
  "position_seconds": 2.73846244812012
}
ZmqGateway: received command payload: {"cmd":"seek","time":2.73846244812012}
ZmqGateway: dispatching payload to JUCE message thread.
VitHeadlessService: processing queued command on JUCE message thread: {"cmd":"seek","time":2.73846244812012}
Command received: {"cmd":"seek","time":2.73846244812012}
CommandDispatcher::handleSeek: position set to 2.7385s
Command executed: seek, result: {
  "status": "ok",
  "message": "Seek executed",
  "position_seconds": 2.73846244812012
}
VitHeadlessService: command reply (truncated): {
  "status": "ok",
  "message": "Seek executed",
  "position_seconds": 2.73846244812012
}
ZmqGateway: received command payload: {"cmd":"seek","time":2.73846244812012}
ZmqGateway: dispatching payload to JUCE message thread.
VitHeadlessService: processing queued command on JUCE message thread: {"cmd":"seek","time":2.73846244812012}
Command received: {"cmd":"seek","time":2.73846244812012}
CommandDispatcher::handleSeek: position set to 2.7385s
Command executed: seek, result: {
  "status": "ok",
  "message": "Seek executed",
  "position_seconds": 2.73846244812012
}
VitHeadlessService: command reply (truncated): {
  "status": "ok",
  "message": "Seek executed",
  "position_seconds": 2.73846244812012
}
ZmqGateway: received command payload: {"cmd":"seek","time":2.73846244812012}
ZmqGateway: dispatching payload to JUCE message thread.
VitHeadlessService: processing queued command on JUCE message thread: {"cmd":"seek","time":2.73846244812012}
Command received: {"cmd":"seek","time":2.73846244812012}
CommandDispatcher::handleSeek: position set to 2.7385s
Command executed: seek, result: {
  "status": "ok",
  "message": "Seek executed",
  "position_seconds": 2.73846244812012
}
VitHeadlessService: command reply (truncated): {
  "status": "ok",
  "message": "Seek executed",
  "position_seconds": 2.73846244812012
}
ZmqGateway: received command payload: {"cmd":"seek","time":2.73846244812012}
ZmqGateway: dispatching payload to JUCE message thread.
VitHeadlessService: processing queued command on JUCE message thread: {"cmd":"seek","time":2.73846244812012}
Command received: {"cmd":"seek","time":2.73846244812012}
CommandDispatcher::handleSeek: position set to 2.7385s
Command executed: seek, result: {
  "status": "ok",
  "message": "Seek executed",
  "position_seconds": 2.73846244812012
}
VitHeadlessService: command reply (truncated): {
  "status": "ok",
  "message": "Seek executed",
  "position_seconds": 2.73846244812012
}
ZmqGateway: received command payload: {"cmd":"seek","time":2.73846244812012}
ZmqGateway: dispatching payload to JUCE message thread.
VitHeadlessService: processing queued command on JUCE message thread: {"cmd":"seek","time":2.73846244812012}
Command received: {"cmd":"seek","time":2.73846244812012}
CommandDispatcher::handleSeek: position set to 2.7385s
Command executed: seek, result: {
  "status": "ok",
  "message": "Seek executed",
  "position_seconds": 2.73846244812012
}
VitHeadlessService: command reply (truncated): {
  "status": "ok",
  "message": "Seek executed",
  "position_seconds": 2.73846244812012
}
ZmqGateway: received command payload: {"action":"stop"}
ZmqGateway: dispatching payload to JUCE message thread.
VitHeadlessService: processing queued command on JUCE message thread: {"action":"stop"}
Command received: {"action":"stop"}
CommandDispatcher::handleStop: before isPlaying=true isRecording=false playContextActive=true positionSeconds=2.738 editLengthSeconds=20.000
CommandDispatcher::handleStop: after isPlaying=false isRecording=false playContextActive=true positionSeconds=2.738 editLengthSeconds=20.000
Command executed: stop, result: {
  "status": "ok",
  "message": "Transport stopped",
  "is_playing": false,
  "is_recording": false,
  "position_seconds": 2.73846244812012,
  "click_track_enabled": false
}
VitHeadlessService: command reply (truncated): {
  "status": "ok",
  "message": "Transport stopped",
  "is_playing": false,
  "is_recording": false,
  "position_seconds": 2.73846244812012,
  "click_track_enabled": false
}
ZmqGateway: received command payload: {"cmd":"get_audio_device_types"}
ZmqGateway: dispatching payload to JUCE message thread.
VitHeadlessService: processing queued command on JUCE message thread: {"cmd":"get_audio_device_types"}
Command received: {"cmd":"get_audio_device_types"}
Command executed: get_audio_device_types, result: {
  "status": "ok",
  "types": [
    "Windows Audio",
    "Windows Audio (Exclusive Mode)",
    "Windows Audio (Low Latency Mode)",
    "DirectSound"
  ]
}
VitHeadlessService: command reply (truncated): {
  "status": "ok",
  "types": [
    "Windows Audio",
    "Windows Audio (Exclusive Mode)",
    "Windows Audio (Low Latency Mode)",
    "DirectSound"
  ]
}
ZmqGateway: received command payload: {"cmd":"get_audio_devices","type":"Windows Audio"}
ZmqGateway: dispatching payload to JUCE message thread.
VitHeadlessService: processing queued command on JUCE message thread: {"cmd":"get_audio_devices","type":"Windows Audio"}
Command received: {"cmd":"get_audio_devices","type":"Windows Audio"}
Command executed: get_audio_devices, result: {
  "status": "ok",
  "current_device": "扬声器 (USB AUDIO  CODEC)",
  "current_sample_rate": 48000.0,
  "current_buffer_size": 480,
  "available_devices": [
    "扬声器 (USB AUDIO  CODEC)",
    "Realtek Digital Output (Realtek(R) Audio)",
    "PHL275M1RZPRO (NVIDIA High Definition Audio)",
    "扬声器 (Sonic Studio Virtual Mixer)",
    "Line (USB AUDIO  CODEC)",
    "麦克风 (Sonic Studio Virtual Mixer)"
  ],
  "available_sample_rates": [
    48000.0
  ],
  "available_buffer_sizes": [
    144,
    160,
    192,
    224,
    256,
    288,
    320,
    352,
    384,
    416,
    448,
    480,
    512,
    576,
    640,
    704,
    768,
    832,
    896,
    960,
    1024,
    1152,
    1280,
    1408,
    1536,
    1664,
    1792,
    1920,
    2048
  ]
}
VitHeadlessService: command reply (truncated): {
  "status": "ok",
  "current_device": "扬声器 (USB AUDIO  CODEC)",
  "current_sample_rate": 48000.0,
  "current_buffer_size": 480,
  "available_devices": [
    "扬声器 (USB AUDIO  CODEC)",
    "Realtek Digital Output 
Rebuilding Wave Device List...
Wave In: Input 1 (enabled): 0 (L)
Wave In: Input 2 (enabled): 1 (L)
Wave Out: Output 1 + 2 (enabled): 0 (L), 1 (R)
Default Wave Out: Output 1 + 2
Default MIDI Out: Microsoft GS Wavetable Synth
Default Wave In: Input 1
Default MIDI In: All MIDI Ins
ZmqGateway: received command payload: {"cmd":"get_audio_devices","type":"DirectSound"}
ZmqGateway: dispatching payload to JUCE message thread.
VitHeadlessService: processing queued command on JUCE message thread: {"cmd":"get_audio_devices","type":"DirectSound"}
Command received: {"cmd":"get_audio_devices","type":"DirectSound"}
Command executed: get_audio_devices, result: {
  "status": "ok",
  "current_device": "主声音驱动程序",
  "current_sample_rate": 44100.0,
  "current_buffer_size": 2560,
  "available_devices": [
    "主声音驱动程序",
    "扬声器 (USB AUDIO  CODEC)",
    "Realtek Digital Output (Realtek(R) Audio)",
    "PHL275M1RZPRO (NVIDIA High Definition Audio)",
    "扬声器 (Sonic Studio Virtual Mixer)",
    "主声音捕获驱动程序",
    "Line (USB AUDIO  CODEC)",
    "麦克风 (Sonic Studio Virtual Mixer)"
  ],
  "available_sample_rates": [
    44100.0,
    48000.0,
    88200.0,
    96000.0
  ],
  "available_buffer_sizes": [
    64,
    96,
    128,
    160,
    192,
    224,
    256,
    288,
    320,
    352,
    384,
    416,
    448,
    480,
    512,
    576,
    640,
    704,
    768,
    832,
    896,
    960,
    1024,
    1152,
    1280,
    1408,
    1536,
    1664,
    1792,
    1920,
    2048,
    2304,
    2560,
    2816,
    3072,
    3328,
    3584,
    3840,
    4096,
    4352,
    4608,
    4864,
    5120,
    5376,
    5632,
    5888,
    6144,
    6400,
    6656,
    6912
  ]
}
VitHeadlessService: command reply (truncated): {
  "status": "ok",
  "current_device": "主声音驱动程序",
  "current_sample_rate": 44100.0,
  "current_buffer_size": 2560,
  "available_devices": [
    "主声音驱动程序",
    "扬声器 (USB AUDIO  CODEC)",
    "Realtek Digital Outpu
Rebuilding Wave Device List...
Wave In: Input 1 (enabled): 0 (L)
Wave In: Input 2 (enabled): 1 (L)
Wave Out: Output 1 + 2 (enabled): 0 (L), 1 (R)
Default Wave Out: Output 1 + 2
Default MIDI Out: Microsoft GS Wavetable Synth
Default Wave In: Input 1
Default MIDI In: All MIDI Ins
ZmqGateway: received command payload: {"buffer_size":2560,"cmd":"set_audio_device","device_name":"扬声器 (USB AUDIO  CODEC)","sample_rate":44100.0,"type":"DirectSound"}
ZmqGateway: dispatching payload to JUCE message thread.
VitHeadlessService: processing queued command on JUCE message thread: {"buffer_size":2560,"cmd":"set_audio_device","device_name":"扬声器 (USB AUDIO  CODEC)","sample_rate":44100.0,"type":"DirectSound"}
Command received: {"buffer_size":2560,"cmd":"set_audio_device","device_name":"扬声器 (USB AUDIO  CODEC)","sample_rate":44100.0,"type":"DirectSound"}
Command executed: set_audio_device, result: {
  "status": "ok",
  "message": "Device change requested"
}
VitHeadlessService: command reply (truncated): {
  "status": "ok",
  "message": "Device change requested"
}
set_audio_device (async): No such device: 扬声器 (USB AUDIO  CODEC)
Rebuilding Wave Device List...
Default Wave Out: 
Default MIDI Out: Microsoft GS Wavetable Synth
Default Wave In: 
Default MIDI In: All MIDI Ins
ZmqGateway: received command payload: {"cmd":"get_audio_devices","type":"DirectSound"}
ZmqGateway: dispatching payload to JUCE message thread.
VitHeadlessService: processing queued command on JUCE message thread: {"cmd":"get_audio_devices","type":"DirectSound"}
Command received: {"cmd":"get_audio_devices","type":"DirectSound"}
Command executed: get_audio_devices, result: {
  "status": "ok",
  "current_device": "",
  "current_sample_rate": 44100.0,
  "current_buffer_size": 2560,
  "available_devices": [
    "主声音驱动程序",
    "扬声器 (USB AUDIO  CODEC)",
    "Realtek Digital Output (Realtek(R) Audio)",
    "PHL275M1RZPRO (NVIDIA High Definition Audio)",
    "扬声器 (Sonic Studio Virtual Mixer)",
    "主声音捕获驱动程序",
    "Line (USB AUDIO  CODEC)",
    "麦克风 (Sonic Studio Virtual Mixer)"
  ],
  "available_sample_rates": [],
  "available_buffer_sizes": []
}
VitHeadlessService: command reply (truncated): {
  "status": "ok",
  "current_device": "",
  "current_sample_rate": 44100.0,
  "current_buffer_size": 2560,
  "available_devices": [
    "主声音驱动程序",
    "扬声器 (USB AUDIO  CODEC)",
    "Realtek Digital Output (Real
ZmqGateway: received command payload: {"action":"play"}
ZmqGateway: dispatching payload to JUCE message thread.
VitHeadlessService: processing queued command on JUCE message thread: {"action":"play"}
Command received: {"action":"play"}
CommandDispatcher::handlePlay: before isPlaying=false isRecording=false playContextActive=true positionSeconds=2.981 editLengthSeconds=20.000
CommandDispatcher::handlePlay: after isPlaying=true isRecording=false playContextActive=true positionSeconds=2.981 editLengthSeconds=20.000
Command executed: play, result: {
  "status": "ok",
  "message": "Transport playing",
  "is_playing": true,
  "is_recording": false,
  "position_seconds": 2.980634920634921,
  "click_track_enabled": false
}
VitHeadlessService: command reply (truncated): {
  "status": "ok",
  "message": "Transport playing",
  "is_playing": true,
  "is_recording": false,
  "position_seconds": 2.980634920634921,
  "click_track_enabled": false
}
ZmqGateway: received command payload: {"action":"stop"}
ZmqGateway: dispatching payload to JUCE message thread.
VitHeadlessService: processing queued command on JUCE message thread: {"action":"stop"}
Command received: {"action":"stop"}
CommandDispatcher::handleStop: before isPlaying=true isRecording=false playContextActive=true positionSeconds=2.981 editLengthSeconds=20.000
CommandDispatcher::handleStop: after isPlaying=false isRecording=false playContextActive=true positionSeconds=2.981 editLengthSeconds=20.000
Command executed: stop, result: {
  "status": "ok",
  "message": "Transport stopped",
  "is_playing": false,
  "is_recording": false,
  "position_seconds": 2.980634920634921,
  "click_track_enabled": false
}
VitHeadlessService: command reply (truncated): {
  "status": "ok",
  "message": "Transport stopped",
  "is_playing": false,
  "is_recording": false,
  "position_seconds": 2.980634920634921,
  "click_track_enabled": false
}
ZmqGateway: received command payload: {"action":"play"}
ZmqGateway: dispatching payload to JUCE message thread.
VitHeadlessService: processing queued command on JUCE message thread: {"action":"play"}
Command received: {"action":"play"}
CommandDispatcher::handlePlay: before isPlaying=false isRecording=false playContextActive=true positionSeconds=2.981 editLengthSeconds=20.000
CommandDispatcher::handlePlay: after isPlaying=true isRecording=false playContextActive=true positionSeconds=2.981 editLengthSeconds=20.000
Command executed: play, result: {
  "status": "ok",
  "message": "Transport playing",
  "is_playing": true,
  "is_recording": false,
  "position_seconds": 2.980634920634921,
  "click_track_enabled": false
}
VitHeadlessService: command reply (truncated): {
  "status": "ok",
  "message": "Transport playing",
  "is_playing": true,
  "is_recording": false,
  "position_seconds": 2.980634920634921,
  "click_track_enabled": false
}
ZmqGateway: received command payload: {"action":"stop"}
ZmqGateway: dispatching payload to JUCE message thread.
VitHeadlessService: processing queued command on JUCE message thread: {"action":"stop"}
Command received: {"action":"stop"}
CommandDispatcher::handleStop: before isPlaying=true isRecording=false playContextActive=true positionSeconds=2.981 editLengthSeconds=20.000
CommandDispatcher::handleStop: after isPlaying=false isRecording=false playContextActive=true positionSeconds=2.981 editLengthSeconds=20.000
Command executed: stop, result: {
  "status": "ok",
  "message": "Transport stopped",
  "is_playing": false,
  "is_recording": false,
  "position_seconds": 2.980634920634921,
  "click_track_enabled": false
}
VitHeadlessService: command reply (truncated): {
  "status": "ok",
  "message": "Transport stopped",
  "is_playing": false,
  "is_recording": false,
  "position_seconds": 2.980634920634921,
  "click_track_enabled": false
}
ZmqGateway: received command payload: {"action":"play"}
ZmqGateway: dispatching payload to JUCE message thread.
VitHeadlessService: processing queued command on JUCE message thread: {"action":"play"}
Command received: {"action":"play"}
CommandDispatcher::handlePlay: before isPlaying=false isRecording=false playContextActive=true positionSeconds=2.981 editLengthSeconds=20.000
CommandDispatcher::handlePlay: after isPlaying=true isRecording=false playContextActive=true positionSeconds=2.981 editLengthSeconds=20.000
Command executed: play, result: {
  "status": "ok",
  "message": "Transport playing",
  "is_playing": true,
  "is_recording": false,
  "position_seconds": 2.980634920634921,
  "click_track_enabled": false
}
VitHeadlessService: command reply (truncated): {
  "status": "ok",
  "message": "Transport playing",
  "is_playing": true,
  "is_recording": false,
  "position_seconds": 2.980634920634921,
  "click_track_enabled": false
}
ZmqGateway: received command payload: {"action":"stop"}
ZmqGateway: dispatching payload to JUCE message thread.
VitHeadlessService: processing queued command on JUCE message thread: {"action":"stop"}
Command received: {"action":"stop"}
CommandDispatcher::handleStop: before isPlaying=true isRecording=false playContextActive=true positionSeconds=2.981 editLengthSeconds=20.000
CommandDispatcher::handleStop: after isPlaying=false isRecording=false playContextActive=true positionSeconds=2.981 editLengthSeconds=20.000
Command executed: stop, result: {
  "status": "ok",
  "message": "Transport stopped",
  "is_playing": false,
  "is_recording": false,
  "position_seconds": 2.980634920634921,
  "click_track_enabled": false
}
VitHeadlessService: command reply (truncated): {
  "status": "ok",
  "message": "Transport stopped",
  "is_playing": false,
  "is_recording": false,
  "position_seconds": 2.980634920634921,
  "click_track_enabled": false
}
ZmqGateway: received command payload: {"cmd":"get_audio_device_types"}
ZmqGateway: dispatching payload to JUCE message thread.
VitHeadlessService: processing queued command on JUCE message thread: {"cmd":"get_audio_device_types"}
Command received: {"cmd":"get_audio_device_types"}
Command executed: get_audio_device_types, result: {
  "status": "ok",
  "types": [
    "Windows Audio",
    "Windows Audio (Exclusive Mode)",
    "Windows Audio (Low Latency Mode)",
    "DirectSound"
  ]
}
VitHeadlessService: command reply (truncated): {
  "status": "ok",
  "types": [
    "Windows Audio",
    "Windows Audio (Exclusive Mode)",
    "Windows Audio (Low Latency Mode)",
    "DirectSound"
  ]
}
ZmqGateway: received command payload: {"cmd":"get_audio_devices","type":"Windows Audio"}
ZmqGateway: dispatching payload to JUCE message thread.
VitHeadlessService: processing queued command on JUCE message thread: {"cmd":"get_audio_devices","type":"Windows Audio"}
Command received: {"cmd":"get_audio_devices","type":"Windows Audio"}
Command executed: get_audio_devices, result: {
  "status": "ok",
  "current_device": "扬声器 (USB AUDIO  CODEC)",
  "current_sample_rate": 48000.0,
  "current_buffer_size": 480,
  "available_devices": [
    "扬声器 (USB AUDIO  CODEC)",
    "Realtek Digital Output (Realtek(R) Audio)",
    "PHL275M1RZPRO (NVIDIA High Definition Audio)",
    "扬声器 (Sonic Studio Virtual Mixer)",
    "Line (USB AUDIO  CODEC)",
    "麦克风 (Sonic Studio Virtual Mixer)"
  ],
  "available_sample_rates": [
    48000.0
  ],
  "available_buffer_sizes": [
    144,
    160,
    192,
    224,
    256,
    288,
    320,
    352,
    384,
    416,
    448,
    480,
    512,
    576,
    640,
    704,
    768,
    832,
    896,
    960,
    1024,
    1152,
    1280,
    1408,
    1536,
    1664,
    1792,
    1920,
    2048
  ]
}
VitHeadlessService: command reply (truncated): {
  "status": "ok",
  "current_device": "扬声器 (USB AUDIO  CODEC)",
  "current_sample_rate": 48000.0,
  "current_buffer_size": 480,
  "available_devices": [
    "扬声器 (USB AUDIO  CODEC)",
    "Realtek Digital Output 
Rebuilding Wave Device List...
Wave In: Input 1 (enabled): 0 (L)
Wave In: Input 2 (enabled): 1 (L)
Wave Out: Output 1 + 2 (enabled): 0 (L), 1 (R)
Default Wave Out: Output 1 + 2
Default MIDI Out: Microsoft GS Wavetable Synth
Default Wave In: Input 1
Default MIDI In: All MIDI Ins
