
**********************************************************
VitHeadlessServer session log
Log started: 16 Mar 2026 6:35:14pm

VitHeadlessServer: application startup.
Settings file: D:\Vit_DAW\VitApp\Workspace\Settings\Settings.xml
Audio block size: 480  Rate: 48000
Creating Default Controllers...
VitEngineDevice: initialising Tracktion Engine device manager.
Audio block size: 480  Rate: 48000
VitKernelUtils: detected ghost track intent="needs_reverb" name="Epic Brass [GHOST]"
VitHeadlessService: ghost track detected name="Epic Brass [GHOST]" intent="needs_reverb"
VitKernelUtils: detected ghost track intent="needs_reverb" name="Epic Brass [GHOST]"
VitHeadlessService: ghost track detected name="Epic Brass [GHOST]" intent="needs_reverb"
VitHeadlessService: edit loaded from D:\Vit_DAW\VitApp\Workspace\default_project.xml
VitHeadlessService: project reload complete.
ZmqGateway: bound command endpoint to tcp://127.0.0.1:5555
ZmqGateway: bound publish endpoint to tcp://127.0.0.1:5556
ZmqGateway: bound log endpoint to tcp://127.0.0.1:5557
ZmqGateway: started network thread.
VitHeadlessService: service started successfully.
VitHeadlessServer: startup complete, entering background message loop.
Rebuilding Wave Device List...
Wave In: Input 1 (enabled): 0 (L)
Wave In: Input 2 (enabled): 1 (L)
Wave Out: Output 1 + 2 (enabled): 0 (L), 1 (R)
Default Wave Out: Output 1 + 2
Default MIDI Out: 
Default Wave In: Input 1
Default MIDI In: 
MIDI Input devices scanned in: 0
Updating MIDI I/O devices
Found MIDI in: all_midi_in ("All MIDI Ins") (enabled)
Found MIDI out: out_81b0d7ef ("Microsoft GS Wavetable Synth") (enabled)
opening MIDI out device: out_81b0d7ef (Microsoft GS Wavetable Synth)
ZmqGateway: received command payload: {"cmd": "set_click", "enabled": false}
ZmqGateway: dispatching payload to JUCE message thread.
VitHeadlessService: processing queued command on JUCE message thread: {"cmd": "set_click", "enabled": false}
ZmqGateway: received command payload: {"cmd": "add_audio_clip", "track_id": "1007", "file_path": "D:/test audio.wav", "start_time": 0.0}
ZmqGateway: dispatching payload to JUCE message thread.
VitHeadlessService: processing queued command on JUCE message thread: {"cmd": "add_audio_clip", "track_id": "1007", "file_path": "D:/test audio.wav", "start_time": 0.0}
VitHeadlessService: project saved to D:\Vit_DAW\VitApp\Workspace\default_project.xml
ZmqGateway: received command payload: {"cmd": "play"}
ZmqGateway: dispatching payload to JUCE message thread.
VitHeadlessService: processing queued command on JUCE message thread: {"cmd": "play"}
ZmqGateway: received command payload: {"cmd": "stop"}
ZmqGateway: dispatching payload to JUCE message thread.
VitHeadlessService: processing queued command on JUCE message thread: {"cmd": "stop"}
ZmqGateway: received command payload: {"cmd": "set_click", "enabled": false}
ZmqGateway: dispatching payload to JUCE message thread.
VitHeadlessService: processing queued command on JUCE message thread: {"cmd": "set_click", "enabled": false}
ZmqGateway: received command payload: {"cmd": "add_audio_clip", "track_id": "1007", "file_path": "D:/test audio.wav", "start_time": 0.0}
ZmqGateway: dispatching payload to JUCE message thread.
VitHeadlessService: processing queued command on JUCE message thread: {"cmd": "add_audio_clip", "track_id": "1007", "file_path": "D:/test audio.wav", "start_time": 0.0}
VitHeadlessService: project saved to D:\Vit_DAW\VitApp\Workspace\default_project.xml
ZmqGateway: received command payload: {"cmd": "play"}
ZmqGateway: dispatching payload to JUCE message thread.
VitHeadlessService: processing queued command on JUCE message thread: {"cmd": "play"}
ZmqGateway: received command payload: {"cmd": "stop"}
ZmqGateway: dispatching payload to JUCE message thread.
VitHeadlessService: processing queued command on JUCE message thread: {"cmd": "stop"}
ZmqGateway: received command payload: {"cmd": "set_click", "enabled": false}
ZmqGateway: dispatching payload to JUCE message thread.
VitHeadlessService: processing queued command on JUCE message thread: {"cmd": "set_click", "enabled": false}
ZmqGateway: received command payload: {"cmd": "add_audio_clip", "track_id": "1007", "file_path": "D:/test audio.wav", "start_time": 0.0}
ZmqGateway: dispatching payload to JUCE message thread.
VitHeadlessService: processing queued command on JUCE message thread: {"cmd": "add_audio_clip", "track_id": "1007", "file_path": "D:/test audio.wav", "start_time": 0.0}
VitHeadlessService: project saved to D:\Vit_DAW\VitApp\Workspace\default_project.xml
ZmqGateway: received command payload: {"cmd": "play"}
ZmqGateway: dispatching payload to JUCE message thread.
VitHeadlessService: processing queued command on JUCE message thread: {"cmd": "play"}
ZmqGateway: received command payload: {"cmd":"set_volume","db":-6.0,"track_id":"1007"}
ZmqGateway: dispatching payload to JUCE message thread.
VitHeadlessService: processing queued command on JUCE message thread: {"cmd":"set_volume","db":-6.0,"track_id":"1007"}
ZmqGateway: received command payload: {"cmd":"set_volume","db":-7.0,"track_id":"1007"}
ZmqGateway: dispatching payload to JUCE message thread.
VitHeadlessService: processing queued command on JUCE message thread: {"cmd":"set_volume","db":-7.0,"track_id":"1007"}
ZmqGateway: received command payload: {"cmd":"set_volume","db":-8.0,"track_id":"1007"}
ZmqGateway: dispatching payload to JUCE message thread.
VitHeadlessService: processing queued command on JUCE message thread: {"cmd":"set_volume","db":-8.0,"track_id":"1007"}
ZmqGateway: received command payload: {"cmd":"set_volume","db":-9.0,"track_id":"1007"}
ZmqGateway: dispatching payload to JUCE message thread.
VitHeadlessService: processing queued command on JUCE message thread: {"cmd":"set_volume","db":-9.0,"track_id":"1007"}
ZmqGateway: received command payload: {"cmd":"set_volume","db":-10.0,"track_id":"1007"}
ZmqGateway: dispatching payload to JUCE message thread.
VitHeadlessService: processing queued command on JUCE message thread: {"cmd":"set_volume","db":-10.0,"track_id":"1007"}
ZmqGateway: received command payload: {"cmd":"set_volume","db":-11.0,"track_id":"1007"}
ZmqGateway: dispatching payload to JUCE message thread.
VitHeadlessService: processing queued command on JUCE message thread: {"cmd":"set_volume","db":-11.0,"track_id":"1007"}
ZmqGateway: received command payload: {"cmd":"set_volume","db":-12.0,"track_id":"1007"}
ZmqGateway: dispatching payload to JUCE message thread.
VitHeadlessService: processing queued command on JUCE message thread: {"cmd":"set_volume","db":-12.0,"track_id":"1007"}
ZmqGateway: received command payload: {"cmd":"set_volume","db":-13.0,"track_id":"1007"}
ZmqGateway: dispatching payload to JUCE message thread.
VitHeadlessService: processing queued command on JUCE message thread: {"cmd":"set_volume","db":-13.0,"track_id":"1007"}
ZmqGateway: received command payload: {"cmd":"set_volume","db":-14.0,"track_id":"1007"}
ZmqGateway: dispatching payload to JUCE message thread.
VitHeadlessService: processing queued command on JUCE message thread: {"cmd":"set_volume","db":-14.0,"track_id":"1007"}
ZmqGateway: received command payload: {"cmd":"set_volume","db":-15.0,"track_id":"1007"}
ZmqGateway: dispatching payload to JUCE message thread.
VitHeadlessService: processing queued command on JUCE message thread: {"cmd":"set_volume","db":-15.0,"track_id":"1007"}
ZmqGateway: received command payload: {"cmd":"set_volume","db":-16.0,"track_id":"1007"}
ZmqGateway: dispatching payload to JUCE message thread.
VitHeadlessService: processing queued command on JUCE message thread: {"cmd":"set_volume","db":-16.0,"track_id":"1007"}
ZmqGateway: received command payload: {"cmd":"set_volume","db":-17.0,"track_id":"1007"}
ZmqGateway: dispatching payload to JUCE message thread.
VitHeadlessService: processing queued command on JUCE message thread: {"cmd":"set_volume","db":-17.0,"track_id":"1007"}
ZmqGateway: received command payload: {"cmd":"set_volume","db":-18.0,"track_id":"1007"}
ZmqGateway: dispatching payload to JUCE message thread.
VitHeadlessService: processing queued command on JUCE message thread: {"cmd":"set_volume","db":-18.0,"track_id":"1007"}
ZmqGateway: received command payload: {"cmd":"set_volume","db":-19.0,"track_id":"1007"}
ZmqGateway: dispatching payload to JUCE message thread.
VitHeadlessService: processing queued command on JUCE message thread: {"cmd":"set_volume","db":-19.0,"track_id":"1007"}
ZmqGateway: received command payload: {"cmd":"set_volume","db":-20.0,"track_id":"1007"}
ZmqGateway: dispatching payload to JUCE message thread.
VitHeadlessService: processing queued command on JUCE message thread: {"cmd":"set_volume","db":-20.0,"track_id":"1007"}
ZmqGateway: received command payload: {"cmd":"set_volume","db":-21.0,"track_id":"1007"}
ZmqGateway: dispatching payload to JUCE message thread.
VitHeadlessService: processing queued command on JUCE message thread: {"cmd":"set_volume","db":-21.0,"track_id":"1007"}
ZmqGateway: received command payload: {"cmd":"set_volume","db":-22.0,"track_id":"1007"}
ZmqGateway: dispatching payload to JUCE message thread.
VitHeadlessService: processing queued command on JUCE message thread: {"cmd":"set_volume","db":-22.0,"track_id":"1007"}
ZmqGateway: received command payload: {"cmd":"set_volume","db":-23.0,"track_id":"1007"}
ZmqGateway: dispatching payload to JUCE message thread.
VitHeadlessService: processing queued command on JUCE message thread: {"cmd":"set_volume","db":-23.0,"track_id":"1007"}
ZmqGateway: received command payload: {"cmd":"set_volume","db":-24.0,"track_id":"1007"}
ZmqGateway: dispatching payload to JUCE message thread.
VitHeadlessService: processing queued command on JUCE message thread: {"cmd":"set_volume","db":-24.0,"track_id":"1007"}
ZmqGateway: received command payload: {"cmd":"set_volume","db":-25.0,"track_id":"1007"}
ZmqGateway: dispatching payload to JUCE message thread.
VitHeadlessService: processing queued command on JUCE message thread: {"cmd":"set_volume","db":-25.0,"track_id":"1007"}
ZmqGateway: received command payload: {"cmd":"set_volume","db":-26.0,"track_id":"1007"}
ZmqGateway: dispatching payload to JUCE message thread.
VitHeadlessService: processing queued command on JUCE message thread: {"cmd":"set_volume","db":-26.0,"track_id":"1007"}
ZmqGateway: received command payload: {"cmd":"set_volume","db":-27.0,"track_id":"1007"}
ZmqGateway: dispatching payload to JUCE message thread.
VitHeadlessService: processing queued command on JUCE message thread: {"cmd":"set_volume","db":-27.0,"track_id":"1007"}
ZmqGateway: received command payload: {"cmd":"set_volume","db":-28.0,"track_id":"1007"}
ZmqGateway: dispatching payload to JUCE message thread.
VitHeadlessService: processing queued command on JUCE message thread: {"cmd":"set_volume","db":-28.0,"track_id":"1007"}
ZmqGateway: received command payload: {"cmd":"set_volume","db":-29.0,"track_id":"1007"}
ZmqGateway: dispatching payload to JUCE message thread.
VitHeadlessService: processing queued command on JUCE message thread: {"cmd":"set_volume","db":-29.0,"track_id":"1007"}
ZmqGateway: received command payload: {"cmd":"set_volume","db":-30.0,"track_id":"1007"}
ZmqGateway: dispatching payload to JUCE message thread.
VitHeadlessService: processing queued command on JUCE message thread: {"cmd":"set_volume","db":-30.0,"track_id":"1007"}
ZmqGateway: received command payload: {"cmd":"set_volume","db":-31.0,"track_id":"1007"}
ZmqGateway: dispatching payload to JUCE message thread.
VitHeadlessService: processing queued command on JUCE message thread: {"cmd":"set_volume","db":-31.0,"track_id":"1007"}
ZmqGateway: received command payload: {"cmd":"set_volume","db":-32.0,"track_id":"1007"}
ZmqGateway: dispatching payload to JUCE message thread.
VitHeadlessService: processing queued command on JUCE message thread: {"cmd":"set_volume","db":-32.0,"track_id":"1007"}
ZmqGateway: received command payload: {"cmd":"set_volume","db":-33.0,"track_id":"1007"}
ZmqGateway: dispatching payload to JUCE message thread.
VitHeadlessService: processing queued command on JUCE message thread: {"cmd":"set_volume","db":-33.0,"track_id":"1007"}
ZmqGateway: received command payload: {"cmd":"set_volume","db":-34.0,"track_id":"1007"}
ZmqGateway: dispatching payload to JUCE message thread.
VitHeadlessService: processing queued command on JUCE message thread: {"cmd":"set_volume","db":-34.0,"track_id":"1007"}
ZmqGateway: received command payload: {"cmd":"set_volume","db":-33.0,"track_id":"1007"}
ZmqGateway: dispatching payload to JUCE message thread.
VitHeadlessService: processing queued command on JUCE message thread: {"cmd":"set_volume","db":-33.0,"track_id":"1007"}
ZmqGateway: received command payload: {"cmd":"set_volume","db":-32.0,"track_id":"1007"}
ZmqGateway: dispatching payload to JUCE message thread.
VitHeadlessService: processing queued command on JUCE message thread: {"cmd":"set_volume","db":-32.0,"track_id":"1007"}
ZmqGateway: received command payload: {"cmd":"set_volume","db":-31.0,"track_id":"1007"}
ZmqGateway: dispatching payload to JUCE message thread.
VitHeadlessService: processing queued command on JUCE message thread: {"cmd":"set_volume","db":-31.0,"track_id":"1007"}
ZmqGateway: received command payload: {"cmd":"set_volume","db":-30.0,"track_id":"1007"}
ZmqGateway: dispatching payload to JUCE message thread.
VitHeadlessService: processing queued command on JUCE message thread: {"cmd":"set_volume","db":-30.0,"track_id":"1007"}
ZmqGateway: received command payload: {"cmd":"set_volume","db":-29.0,"track_id":"1007"}
ZmqGateway: dispatching payload to JUCE message thread.
VitHeadlessService: processing queued command on JUCE message thread: {"cmd":"set_volume","db":-29.0,"track_id":"1007"}
ZmqGateway: received command payload: {"cmd":"set_volume","db":-28.0,"track_id":"1007"}
ZmqGateway: dispatching payload to JUCE message thread.
VitHeadlessService: processing queued command on JUCE message thread: {"cmd":"set_volume","db":-28.0,"track_id":"1007"}
ZmqGateway: received command payload: {"cmd":"set_volume","db":-27.0,"track_id":"1007"}
ZmqGateway: dispatching payload to JUCE message thread.
VitHeadlessService: processing queued command on JUCE message thread: {"cmd":"set_volume","db":-27.0,"track_id":"1007"}
ZmqGateway: received command payload: {"cmd":"set_volume","db":-26.0,"track_id":"1007"}
ZmqGateway: dispatching payload to JUCE message thread.
VitHeadlessService: processing queued command on JUCE message thread: {"cmd":"set_volume","db":-26.0,"track_id":"1007"}
ZmqGateway: received command payload: {"cmd":"set_volume","db":-25.0,"track_id":"1007"}
ZmqGateway: dispatching payload to JUCE message thread.
VitHeadlessService: processing queued command on JUCE message thread: {"cmd":"set_volume","db":-25.0,"track_id":"1007"}
ZmqGateway: received command payload: {"cmd":"set_volume","db":-24.0,"track_id":"1007"}
ZmqGateway: dispatching payload to JUCE message thread.
VitHeadlessService: processing queued command on JUCE message thread: {"cmd":"set_volume","db":-24.0,"track_id":"1007"}
ZmqGateway: received command payload: {"cmd":"set_volume","db":-23.0,"track_id":"1007"}
ZmqGateway: dispatching payload to JUCE message thread.
VitHeadlessService: processing queued command on JUCE message thread: {"cmd":"set_volume","db":-23.0,"track_id":"1007"}
ZmqGateway: received command payload: {"cmd":"set_volume","db":-22.0,"track_id":"1007"}
ZmqGateway: dispatching payload to JUCE message thread.
VitHeadlessService: processing queued command on JUCE message thread: {"cmd":"set_volume","db":-22.0,"track_id":"1007"}
ZmqGateway: received command payload: {"cmd":"set_volume","db":-21.0,"track_id":"1007"}
ZmqGateway: dispatching payload to JUCE message thread.
VitHeadlessService: processing queued command on JUCE message thread: {"cmd":"set_volume","db":-21.0,"track_id":"1007"}
ZmqGateway: received command payload: {"cmd":"set_volume","db":-20.0,"track_id":"1007"}
ZmqGateway: dispatching payload to JUCE message thread.
VitHeadlessService: processing queued command on JUCE message thread: {"cmd":"set_volume","db":-20.0,"track_id":"1007"}
ZmqGateway: received command payload: {"cmd":"set_volume","db":-19.0,"track_id":"1007"}
ZmqGateway: dispatching payload to JUCE message thread.
VitHeadlessService: processing queued command on JUCE message thread: {"cmd":"set_volume","db":-19.0,"track_id":"1007"}
ZmqGateway: received command payload: {"cmd":"set_volume","db":-18.0,"track_id":"1007"}
ZmqGateway: dispatching payload to JUCE message thread.
VitHeadlessService: processing queued command on JUCE message thread: {"cmd":"set_volume","db":-18.0,"track_id":"1007"}
ZmqGateway: received command payload: {"cmd":"set_volume","db":-17.0,"track_id":"1007"}
ZmqGateway: dispatching payload to JUCE message thread.
VitHeadlessService: processing queued command on JUCE message thread: {"cmd":"set_volume","db":-17.0,"track_id":"1007"}
ZmqGateway: received command payload: {"cmd":"set_volume","db":-16.0,"track_id":"1007"}
ZmqGateway: dispatching payload to JUCE message thread.
VitHeadlessService: processing queued command on JUCE message thread: {"cmd":"set_volume","db":-16.0,"track_id":"1007"}
ZmqGateway: received command payload: {"cmd":"set_volume","db":-15.0,"track_id":"1007"}
ZmqGateway: dispatching payload to JUCE message thread.
VitHeadlessService: processing queued command on JUCE message thread: {"cmd":"set_volume","db":-15.0,"track_id":"1007"}
ZmqGateway: received command payload: {"cmd":"set_volume","db":-14.0,"track_id":"1007"}
ZmqGateway: dispatching payload to JUCE message thread.
VitHeadlessService: processing queued command on JUCE message thread: {"cmd":"set_volume","db":-14.0,"track_id":"1007"}
ZmqGateway: received command payload: {"cmd":"set_volume","db":-13.0,"track_id":"1007"}
ZmqGateway: dispatching payload to JUCE message thread.
VitHeadlessService: processing queued command on JUCE message thread: {"cmd":"set_volume","db":-13.0,"track_id":"1007"}
ZmqGateway: received command payload: {"cmd":"set_volume","db":-12.0,"track_id":"1007"}
ZmqGateway: dispatching payload to JUCE message thread.
VitHeadlessService: processing queued command on JUCE message thread: {"cmd":"set_volume","db":-12.0,"track_id":"1007"}
ZmqGateway: received command payload: {"cmd":"set_volume","db":-11.0,"track_id":"1007"}
ZmqGateway: dispatching payload to JUCE message thread.
VitHeadlessService: processing queued command on JUCE message thread: {"cmd":"set_volume","db":-11.0,"track_id":"1007"}
ZmqGateway: received command payload: {"cmd":"set_volume","db":-10.0,"track_id":"1007"}
ZmqGateway: dispatching payload to JUCE message thread.
VitHeadlessService: processing queued command on JUCE message thread: {"cmd":"set_volume","db":-10.0,"track_id":"1007"}
ZmqGateway: received command payload: {"cmd":"set_volume","db":-9.0,"track_id":"1007"}
ZmqGateway: dispatching payload to JUCE message thread.
VitHeadlessService: processing queued command on JUCE message thread: {"cmd":"set_volume","db":-9.0,"track_id":"1007"}
ZmqGateway: received command payload: {"cmd":"set_volume","db":-8.0,"track_id":"1007"}
ZmqGateway: dispatching payload to JUCE message thread.
VitHeadlessService: processing queued command on JUCE message thread: {"cmd":"set_volume","db":-8.0,"track_id":"1007"}
ZmqGateway: received command payload: {"cmd":"set_volume","db":-7.0,"track_id":"1007"}
ZmqGateway: dispatching payload to JUCE message thread.
VitHeadlessService: processing queued command on JUCE message thread: {"cmd":"set_volume","db":-7.0,"track_id":"1007"}
ZmqGateway: received command payload: {"cmd":"set_volume","db":-6.0,"track_id":"1007"}
ZmqGateway: dispatching payload to JUCE message thread.
VitHeadlessService: processing queued command on JUCE message thread: {"cmd":"set_volume","db":-6.0,"track_id":"1007"}
ZmqGateway: received command payload: {"cmd":"set_volume","db":-5.0,"track_id":"1007"}
ZmqGateway: dispatching payload to JUCE message thread.
VitHeadlessService: processing queued command on JUCE message thread: {"cmd":"set_volume","db":-5.0,"track_id":"1007"}
ZmqGateway: received command payload: {"cmd":"set_volume","db":-4.0,"track_id":"1007"}
ZmqGateway: dispatching payload to JUCE message thread.
VitHeadlessService: processing queued command on JUCE message thread: {"cmd":"set_volume","db":-4.0,"track_id":"1007"}
ZmqGateway: received command payload: {"cmd":"set_volume","db":-3.0,"track_id":"1007"}
ZmqGateway: dispatching payload to JUCE message thread.
VitHeadlessService: processing queued command on JUCE message thread: {"cmd":"set_volume","db":-3.0,"track_id":"1007"}
ZmqGateway: received command payload: {"cmd":"set_volume","db":-2.0,"track_id":"1007"}
ZmqGateway: dispatching payload to JUCE message thread.
VitHeadlessService: processing queued command on JUCE message thread: {"cmd":"set_volume","db":-2.0,"track_id":"1007"}
ZmqGateway: received command payload: {"cmd":"set_volume","db":-1.0,"track_id":"1007"}
ZmqGateway: dispatching payload to JUCE message thread.
VitHeadlessService: processing queued command on JUCE message thread: {"cmd":"set_volume","db":-1.0,"track_id":"1007"}
ZmqGateway: received command payload: {"cmd":"set_volume","db":-2.0,"track_id":"1007"}
ZmqGateway: dispatching payload to JUCE message thread.
VitHeadlessService: processing queued command on JUCE message thread: {"cmd":"set_volume","db":-2.0,"track_id":"1007"}
ZmqGateway: received command payload: {"cmd":"set_volume","db":-3.0,"track_id":"1007"}
ZmqGateway: dispatching payload to JUCE message thread.
VitHeadlessService: processing queued command on JUCE message thread: {"cmd":"set_volume","db":-3.0,"track_id":"1007"}
ZmqGateway: received command payload: {"cmd":"set_volume","db":-4.0,"track_id":"1007"}
ZmqGateway: dispatching payload to JUCE message thread.
VitHeadlessService: processing queued command on JUCE message thread: {"cmd":"set_volume","db":-4.0,"track_id":"1007"}
ZmqGateway: received command payload: {"cmd":"set_volume","db":-5.0,"track_id":"1007"}
ZmqGateway: dispatching payload to JUCE message thread.
VitHeadlessService: processing queued command on JUCE message thread: {"cmd":"set_volume","db":-5.0,"track_id":"1007"}
ZmqGateway: received command payload: {"cmd":"set_volume","db":-6.0,"track_id":"1007"}
ZmqGateway: dispatching payload to JUCE message thread.
VitHeadlessService: processing queued command on JUCE message thread: {"cmd":"set_volume","db":-6.0,"track_id":"1007"}
ZmqGateway: received command payload: {"cmd":"set_volume","db":-7.0,"track_id":"1007"}
ZmqGateway: dispatching payload to JUCE message thread.
VitHeadlessService: processing queued command on JUCE message thread: {"cmd":"set_volume","db":-7.0,"track_id":"1007"}
ZmqGateway: received command payload: {"cmd":"set_volume","db":-8.0,"track_id":"1007"}
ZmqGateway: dispatching payload to JUCE message thread.
VitHeadlessService: processing queued command on JUCE message thread: {"cmd":"set_volume","db":-8.0,"track_id":"1007"}
ZmqGateway: received command payload: {"cmd":"set_volume","db":-9.0,"track_id":"1007"}
ZmqGateway: dispatching payload to JUCE message thread.
VitHeadlessService: processing queued command on JUCE message thread: {"cmd":"set_volume","db":-9.0,"track_id":"1007"}
ZmqGateway: received command payload: {"cmd":"set_volume","db":-10.0,"track_id":"1007"}
ZmqGateway: dispatching payload to JUCE message thread.
VitHeadlessService: processing queued command on JUCE message thread: {"cmd":"set_volume","db":-10.0,"track_id":"1007"}
ZmqGateway: received command payload: {"cmd":"set_volume","db":-11.0,"track_id":"1007"}
ZmqGateway: dispatching payload to JUCE message thread.
VitHeadlessService: processing queued command on JUCE message thread: {"cmd":"set_volume","db":-11.0,"track_id":"1007"}
ZmqGateway: received command payload: {"cmd":"set_volume","db":-12.0,"track_id":"1007"}
ZmqGateway: dispatching payload to JUCE message thread.
VitHeadlessService: processing queued command on JUCE message thread: {"cmd":"set_volume","db":-12.0,"track_id":"1007"}
ZmqGateway: received command payload: {"cmd":"set_volume","db":-13.0,"track_id":"1007"}
ZmqGateway: dispatching payload to JUCE message thread.
VitHeadlessService: processing queued command on JUCE message thread: {"cmd":"set_volume","db":-13.0,"track_id":"1007"}
ZmqGateway: received command payload: {"cmd":"set_volume","db":-14.0,"track_id":"1007"}
ZmqGateway: dispatching payload to JUCE message thread.
VitHeadlessService: processing queued command on JUCE message thread: {"cmd":"set_volume","db":-14.0,"track_id":"1007"}
ZmqGateway: received command payload: {"cmd":"set_volume","db":-15.0,"track_id":"1007"}
ZmqGateway: dispatching payload to JUCE message thread.
VitHeadlessService: processing queued command on JUCE message thread: {"cmd":"set_volume","db":-15.0,"track_id":"1007"}
ZmqGateway: received command payload: {"cmd":"set_volume","db":-16.0,"track_id":"1007"}
ZmqGateway: dispatching payload to JUCE message thread.
VitHeadlessService: processing queued command on JUCE message thread: {"cmd":"set_volume","db":-16.0,"track_id":"1007"}
ZmqGateway: received command payload: {"cmd":"set_volume","db":-17.0,"track_id":"1007"}
ZmqGateway: dispatching payload to JUCE message thread.
VitHeadlessService: processing queued command on JUCE message thread: {"cmd":"set_volume","db":-17.0,"track_id":"1007"}
ZmqGateway: received command payload: {"cmd":"set_volume","db":-18.0,"track_id":"1007"}
ZmqGateway: dispatching payload to JUCE message thread.
VitHeadlessService: processing queued command on JUCE message thread: {"cmd":"set_volume","db":-18.0,"track_id":"1007"}
ZmqGateway: received command payload: {"cmd":"set_volume","db":-19.0,"track_id":"1007"}
ZmqGateway: dispatching payload to JUCE message thread.
VitHeadlessService: processing queued command on JUCE message thread: {"cmd":"set_volume","db":-19.0,"track_id":"1007"}
ZmqGateway: received command payload: {"cmd":"set_volume","db":-20.0,"track_id":"1007"}
ZmqGateway: dispatching payload to JUCE message thread.
VitHeadlessService: processing queued command on JUCE message thread: {"cmd":"set_volume","db":-20.0,"track_id":"1007"}
ZmqGateway: received command payload: {"cmd":"set_volume","db":-21.0,"track_id":"1007"}
ZmqGateway: dispatching payload to JUCE message thread.
VitHeadlessService: processing queued command on JUCE message thread: {"cmd":"set_volume","db":-21.0,"track_id":"1007"}
ZmqGateway: received command payload: {"cmd":"set_volume","db":-22.0,"track_id":"1007"}
ZmqGateway: dispatching payload to JUCE message thread.
VitHeadlessService: processing queued command on JUCE message thread: {"cmd":"set_volume","db":-22.0,"track_id":"1007"}
ZmqGateway: received command payload: {"cmd":"set_volume","db":-23.0,"track_id":"1007"}
ZmqGateway: dispatching payload to JUCE message thread.
VitHeadlessService: processing queued command on JUCE message thread: {"cmd":"set_volume","db":-23.0,"track_id":"1007"}
ZmqGateway: received command payload: {"cmd":"set_volume","db":-24.0,"track_id":"1007"}
ZmqGateway: dispatching payload to JUCE message thread.
VitHeadlessService: processing queued command on JUCE message thread: {"cmd":"set_volume","db":-24.0,"track_id":"1007"}
ZmqGateway: received command payload: {"cmd":"set_volume","db":-25.0,"track_id":"1007"}
ZmqGateway: dispatching payload to JUCE message thread.
VitHeadlessService: processing queued command on JUCE message thread: {"cmd":"set_volume","db":-25.0,"track_id":"1007"}
ZmqGateway: received command payload: {"cmd":"set_volume","db":-26.0,"track_id":"1007"}
ZmqGateway: dispatching payload to JUCE message thread.
VitHeadlessService: processing queued command on JUCE message thread: {"cmd":"set_volume","db":-26.0,"track_id":"1007"}
ZmqGateway: received command payload: {"cmd":"set_volume","db":-27.0,"track_id":"1007"}
ZmqGateway: dispatching payload to JUCE message thread.
VitHeadlessService: processing queued command on JUCE message thread: {"cmd":"set_volume","db":-27.0,"track_id":"1007"}
ZmqGateway: received command payload: {"cmd":"set_volume","db":-28.0,"track_id":"1007"}
ZmqGateway: dispatching payload to JUCE message thread.
VitHeadlessService: processing queued command on JUCE message thread: {"cmd":"set_volume","db":-28.0,"track_id":"1007"}
ZmqGateway: received command payload: {"cmd":"set_volume","db":-29.0,"track_id":"1007"}
ZmqGateway: dispatching payload to JUCE message thread.
VitHeadlessService: processing queued command on JUCE message thread: {"cmd":"set_volume","db":-29.0,"track_id":"1007"}
ZmqGateway: received command payload: {"cmd":"set_volume","db":-30.0,"track_id":"1007"}
ZmqGateway: dispatching payload to JUCE message thread.
VitHeadlessService: processing queued command on JUCE message thread: {"cmd":"set_volume","db":-30.0,"track_id":"1007"}
ZmqGateway: received command payload: {"cmd":"set_volume","db":-31.0,"track_id":"1007"}
ZmqGateway: dispatching payload to JUCE message thread.
VitHeadlessService: processing queued command on JUCE message thread: {"cmd":"set_volume","db":-31.0,"track_id":"1007"}
ZmqGateway: received command payload: {"cmd":"set_volume","db":-32.0,"track_id":"1007"}
ZmqGateway: dispatching payload to JUCE message thread.
VitHeadlessService: processing queued command on JUCE message thread: {"cmd":"set_volume","db":-32.0,"track_id":"1007"}
ZmqGateway: received command payload: {"cmd":"set_volume","db":-33.0,"track_id":"1007"}
ZmqGateway: dispatching payload to JUCE message thread.
VitHeadlessService: processing queued command on JUCE message thread: {"cmd":"set_volume","db":-33.0,"track_id":"1007"}
ZmqGateway: received command payload: {"cmd":"set_volume","db":-34.0,"track_id":"1007"}
ZmqGateway: dispatching payload to JUCE message thread.
VitHeadlessService: processing queued command on JUCE message thread: {"cmd":"set_volume","db":-34.0,"track_id":"1007"}
ZmqGateway: received command payload: {"cmd":"set_volume","db":-35.0,"track_id":"1007"}
ZmqGateway: dispatching payload to JUCE message thread.
VitHeadlessService: processing queued command on JUCE message thread: {"cmd":"set_volume","db":-35.0,"track_id":"1007"}
ZmqGateway: received command payload: {"cmd":"set_volume","db":-36.0,"track_id":"1007"}
ZmqGateway: dispatching payload to JUCE message thread.
VitHeadlessService: processing queued command on JUCE message thread: {"cmd":"set_volume","db":-36.0,"track_id":"1007"}
ZmqGateway: received command payload: {"cmd":"set_volume","db":-37.0,"track_id":"1007"}
ZmqGateway: dispatching payload to JUCE message thread.
VitHeadlessService: processing queued command on JUCE message thread: {"cmd":"set_volume","db":-37.0,"track_id":"1007"}
ZmqGateway: received command payload: {"cmd":"set_volume","db":-38.0,"track_id":"1007"}
ZmqGateway: dispatching payload to JUCE message thread.
VitHeadlessService: processing queued command on JUCE message thread: {"cmd":"set_volume","db":-38.0,"track_id":"1007"}
ZmqGateway: received command payload: {"cmd":"set_volume","db":-39.0,"track_id":"1007"}
ZmqGateway: dispatching payload to JUCE message thread.
VitHeadlessService: processing queued command on JUCE message thread: {"cmd":"set_volume","db":-39.0,"track_id":"1007"}
ZmqGateway: received command payload: {"cmd":"set_volume","db":-40.0,"track_id":"1007"}
ZmqGateway: dispatching payload to JUCE message thread.
VitHeadlessService: processing queued command on JUCE message thread: {"cmd":"set_volume","db":-40.0,"track_id":"1007"}
ZmqGateway: received command payload: {"cmd":"set_volume","db":-41.0,"track_id":"1007"}
ZmqGateway: dispatching payload to JUCE message thread.
VitHeadlessService: processing queued command on JUCE message thread: {"cmd":"set_volume","db":-41.0,"track_id":"1007"}
ZmqGateway: received command payload: {"cmd":"set_volume","db":-42.0,"track_id":"1007"}
ZmqGateway: dispatching payload to JUCE message thread.
VitHeadlessService: processing queued command on JUCE message thread: {"cmd":"set_volume","db":-42.0,"track_id":"1007"}
ZmqGateway: received command payload: {"cmd":"set_volume","db":-43.0,"track_id":"1007"}
ZmqGateway: dispatching payload to JUCE message thread.
VitHeadlessService: processing queued command on JUCE message thread: {"cmd":"set_volume","db":-43.0,"track_id":"1007"}
ZmqGateway: received command payload: {"cmd":"set_volume","db":-44.0,"track_id":"1007"}
ZmqGateway: dispatching payload to JUCE message thread.
VitHeadlessService: processing queued command on JUCE message thread: {"cmd":"set_volume","db":-44.0,"track_id":"1007"}
ZmqGateway: received command payload: {"cmd":"set_volume","db":-43.0,"track_id":"1007"}
ZmqGateway: dispatching payload to JUCE message thread.
VitHeadlessService: processing queued command on JUCE message thread: {"cmd":"set_volume","db":-43.0,"track_id":"1007"}
ZmqGateway: received command payload: {"cmd":"set_volume","db":-42.0,"track_id":"1007"}
ZmqGateway: dispatching payload to JUCE message thread.
VitHeadlessService: processing queued command on JUCE message thread: {"cmd":"set_volume","db":-42.0,"track_id":"1007"}
ZmqGateway: received command payload: {"cmd":"set_volume","db":-41.0,"track_id":"1007"}
ZmqGateway: dispatching payload to JUCE message thread.
VitHeadlessService: processing queued command on JUCE message thread: {"cmd":"set_volume","db":-41.0,"track_id":"1007"}
ZmqGateway: received command payload: {"cmd":"set_volume","db":-40.0,"track_id":"1007"}
ZmqGateway: dispatching payload to JUCE message thread.
VitHeadlessService: processing queued command on JUCE message thread: {"cmd":"set_volume","db":-40.0,"track_id":"1007"}
ZmqGateway: received command payload: {"cmd":"set_volume","db":-39.0,"track_id":"1007"}
ZmqGateway: dispatching payload to JUCE message thread.
VitHeadlessService: processing queued command on JUCE message thread: {"cmd":"set_volume","db":-39.0,"track_id":"1007"}
ZmqGateway: received command payload: {"cmd":"set_volume","db":-38.0,"track_id":"1007"}
ZmqGateway: dispatching payload to JUCE message thread.
VitHeadlessService: processing queued command on JUCE message thread: {"cmd":"set_volume","db":-38.0,"track_id":"1007"}
ZmqGateway: received command payload: {"cmd":"set_volume","db":-37.0,"track_id":"1007"}
ZmqGateway: dispatching payload to JUCE message thread.
VitHeadlessService: processing queued command on JUCE message thread: {"cmd":"set_volume","db":-37.0,"track_id":"1007"}
ZmqGateway: received command payload: {"cmd":"set_volume","db":-36.0,"track_id":"1007"}
ZmqGateway: dispatching payload to JUCE message thread.
VitHeadlessService: processing queued command on JUCE message thread: {"cmd":"set_volume","db":-36.0,"track_id":"1007"}
ZmqGateway: received command payload: {"cmd":"set_volume","db":-35.0,"track_id":"1007"}
ZmqGateway: dispatching payload to JUCE message thread.
VitHeadlessService: processing queued command on JUCE message thread: {"cmd":"set_volume","db":-35.0,"track_id":"1007"}
ZmqGateway: received command payload: {"cmd":"set_volume","db":-34.0,"track_id":"1007"}
ZmqGateway: dispatching payload to JUCE message thread.
VitHeadlessService: processing queued command on JUCE message thread: {"cmd":"set_volume","db":-34.0,"track_id":"1007"}
ZmqGateway: received command payload: {"cmd":"set_volume","db":-33.0,"track_id":"1007"}
ZmqGateway: dispatching payload to JUCE message thread.
VitHeadlessService: processing queued command on JUCE message thread: {"cmd":"set_volume","db":-33.0,"track_id":"1007"}
ZmqGateway: received command payload: {"cmd":"set_volume","db":-32.0,"track_id":"1007"}
ZmqGateway: dispatching payload to JUCE message thread.
VitHeadlessService: processing queued command on JUCE message thread: {"cmd":"set_volume","db":-32.0,"track_id":"1007"}
ZmqGateway: received command payload: {"cmd":"set_volume","db":-31.0,"track_id":"1007"}
ZmqGateway: dispatching payload to JUCE message thread.
VitHeadlessService: processing queued command on JUCE message thread: {"cmd":"set_volume","db":-31.0,"track_id":"1007"}
ZmqGateway: received command payload: {"cmd":"set_volume","db":-30.0,"track_id":"1007"}
ZmqGateway: dispatching payload to JUCE message thread.
VitHeadlessService: processing queued command on JUCE message thread: {"cmd":"set_volume","db":-30.0,"track_id":"1007"}
ZmqGateway: received command payload: {"cmd":"set_volume","db":-29.0,"track_id":"1007"}
ZmqGateway: dispatching payload to JUCE message thread.
VitHeadlessService: processing queued command on JUCE message thread: {"cmd":"set_volume","db":-29.0,"track_id":"1007"}
ZmqGateway: received command payload: {"cmd":"set_volume","db":-28.0,"track_id":"1007"}
ZmqGateway: dispatching payload to JUCE message thread.
VitHeadlessService: processing queued command on JUCE message thread: {"cmd":"set_volume","db":-28.0,"track_id":"1007"}
ZmqGateway: received command payload: {"cmd":"set_volume","db":-27.0,"track_id":"1007"}
ZmqGateway: dispatching payload to JUCE message thread.
VitHeadlessService: processing queued command on JUCE message thread: {"cmd":"set_volume","db":-27.0,"track_id":"1007"}
ZmqGateway: received command payload: {"cmd":"set_volume","db":-26.0,"track_id":"1007"}
ZmqGateway: dispatching payload to JUCE message thread.
VitHeadlessService: processing queued command on JUCE message thread: {"cmd":"set_volume","db":-26.0,"track_id":"1007"}
ZmqGateway: received command payload: {"cmd":"set_volume","db":-25.0,"track_id":"1007"}
ZmqGateway: dispatching payload to JUCE message thread.
VitHeadlessService: processing queued command on JUCE message thread: {"cmd":"set_volume","db":-25.0,"track_id":"1007"}
ZmqGateway: received command payload: {"cmd":"set_volume","db":-24.0,"track_id":"1007"}
ZmqGateway: dispatching payload to JUCE message thread.
VitHeadlessService: processing queued command on JUCE message thread: {"cmd":"set_volume","db":-24.0,"track_id":"1007"}
ZmqGateway: received command payload: {"cmd":"set_volume","db":-23.0,"track_id":"1007"}
ZmqGateway: dispatching payload to JUCE message thread.
VitHeadlessService: processing queued command on JUCE message thread: {"cmd":"set_volume","db":-23.0,"track_id":"1007"}
ZmqGateway: received command payload: {"cmd":"set_volume","db":-22.0,"track_id":"1007"}
ZmqGateway: dispatching payload to JUCE message thread.
VitHeadlessService: processing queued command on JUCE message thread: {"cmd":"set_volume","db":-22.0,"track_id":"1007"}
ZmqGateway: received command payload: {"cmd":"set_volume","db":-21.0,"track_id":"1007"}
ZmqGateway: dispatching payload to JUCE message thread.
VitHeadlessService: processing queued command on JUCE message thread: {"cmd":"set_volume","db":-21.0,"track_id":"1007"}
ZmqGateway: received command payload: {"cmd":"set_volume","db":-20.0,"track_id":"1007"}
ZmqGateway: dispatching payload to JUCE message thread.
VitHeadlessService: processing queued command on JUCE message thread: {"cmd":"set_volume","db":-20.0,"track_id":"1007"}
ZmqGateway: received command payload: {"cmd":"set_volume","db":-19.0,"track_id":"1007"}
ZmqGateway: dispatching payload to JUCE message thread.
VitHeadlessService: processing queued command on JUCE message thread: {"cmd":"set_volume","db":-19.0,"track_id":"1007"}
ZmqGateway: received command payload: {"cmd":"set_volume","db":-18.0,"track_id":"1007"}
ZmqGateway: dispatching payload to JUCE message thread.
VitHeadlessService: processing queued command on JUCE message thread: {"cmd":"set_volume","db":-18.0,"track_id":"1007"}
ZmqGateway: received command payload: {"cmd":"set_volume","db":-17.0,"track_id":"1007"}
ZmqGateway: dispatching payload to JUCE message thread.
VitHeadlessService: processing queued command on JUCE message thread: {"cmd":"set_volume","db":-17.0,"track_id":"1007"}
ZmqGateway: received command payload: {"cmd":"set_volume","db":-16.0,"track_id":"1007"}
ZmqGateway: dispatching payload to JUCE message thread.
VitHeadlessService: processing queued command on JUCE message thread: {"cmd":"set_volume","db":-16.0,"track_id":"1007"}
ZmqGateway: received command payload: {"cmd":"set_volume","db":-15.0,"track_id":"1007"}
ZmqGateway: dispatching payload to JUCE message thread.
VitHeadlessService: processing queued command on JUCE message thread: {"cmd":"set_volume","db":-15.0,"track_id":"1007"}
ZmqGateway: received command payload: {"cmd":"set_volume","db":-14.0,"track_id":"1007"}
ZmqGateway: dispatching payload to JUCE message thread.
VitHeadlessService: processing queued command on JUCE message thread: {"cmd":"set_volume","db":-14.0,"track_id":"1007"}
ZmqGateway: received command payload: {"cmd":"set_volume","db":-13.0,"track_id":"1007"}
ZmqGateway: dispatching payload to JUCE message thread.
VitHeadlessService: processing queued command on JUCE message thread: {"cmd":"set_volume","db":-13.0,"track_id":"1007"}
ZmqGateway: received command payload: {"cmd":"set_volume","db":-12.0,"track_id":"1007"}
ZmqGateway: dispatching payload to JUCE message thread.
VitHeadlessService: processing queued command on JUCE message thread: {"cmd":"set_volume","db":-12.0,"track_id":"1007"}
ZmqGateway: received command payload: {"cmd":"set_volume","db":-11.0,"track_id":"1007"}
ZmqGateway: dispatching payload to JUCE message thread.
VitHeadlessService: processing queued command on JUCE message thread: {"cmd":"set_volume","db":-11.0,"track_id":"1007"}
ZmqGateway: received command payload: {"cmd":"set_volume","db":-10.0,"track_id":"1007"}
ZmqGateway: dispatching payload to JUCE message thread.
VitHeadlessService: processing queued command on JUCE message thread: {"cmd":"set_volume","db":-10.0,"track_id":"1007"}
ZmqGateway: received command payload: {"cmd":"set_volume","db":-9.0,"track_id":"1007"}
ZmqGateway: dispatching payload to JUCE message thread.
VitHeadlessService: processing queued command on JUCE message thread: {"cmd":"set_volume","db":-9.0,"track_id":"1007"}
ZmqGateway: received command payload: {"cmd":"set_volume","db":-8.0,"track_id":"1007"}
ZmqGateway: dispatching payload to JUCE message thread.
VitHeadlessService: processing queued command on JUCE message thread: {"cmd":"set_volume","db":-8.0,"track_id":"1007"}
ZmqGateway: received command payload: {"cmd":"set_volume","db":-7.0,"track_id":"1007"}
ZmqGateway: dispatching payload to JUCE message thread.
VitHeadlessService: processing queued command on JUCE message thread: {"cmd":"set_volume","db":-7.0,"track_id":"1007"}
ZmqGateway: received command payload: {"cmd":"set_volume","db":-6.0,"track_id":"1007"}
ZmqGateway: dispatching payload to JUCE message thread.
VitHeadlessService: processing queued command on JUCE message thread: {"cmd":"set_volume","db":-6.0,"track_id":"1007"}
ZmqGateway: received command payload: {"cmd":"set_volume","db":-5.0,"track_id":"1007"}
ZmqGateway: dispatching payload to JUCE message thread.
VitHeadlessService: processing queued command on JUCE message thread: {"cmd":"set_volume","db":-5.0,"track_id":"1007"}
ZmqGateway: received command payload: {"cmd":"set_volume","db":-4.0,"track_id":"1007"}
ZmqGateway: dispatching payload to JUCE message thread.
VitHeadlessService: processing queued command on JUCE message thread: {"cmd":"set_volume","db":-4.0,"track_id":"1007"}
ZmqGateway: received command payload: {"cmd":"set_volume","db":-3.0,"track_id":"1007"}
ZmqGateway: dispatching payload to JUCE message thread.
VitHeadlessService: processing queued command on JUCE message thread: {"cmd":"set_volume","db":-3.0,"track_id":"1007"}
ZmqGateway: received command payload: {"cmd":"set_volume","db":-2.0,"track_id":"1007"}
ZmqGateway: dispatching payload to JUCE message thread.
VitHeadlessService: processing queued command on JUCE message thread: {"cmd":"set_volume","db":-2.0,"track_id":"1007"}
ZmqGateway: received command payload: {"cmd":"set_volume","db":-1.0,"track_id":"1007"}
ZmqGateway: dispatching payload to JUCE message thread.
VitHeadlessService: processing queued command on JUCE message thread: {"cmd":"set_volume","db":-1.0,"track_id":"1007"}
ZmqGateway: received command payload: {"cmd":"set_volume","db":0.0,"track_id":"1007"}
ZmqGateway: dispatching payload to JUCE message thread.
VitHeadlessService: processing queued command on JUCE message thread: {"cmd":"set_volume","db":0.0,"track_id":"1007"}
ZmqGateway: received command payload: {"cmd":"set_volume","db":-1.0,"track_id":"1007"}
ZmqGateway: dispatching payload to JUCE message thread.
VitHeadlessService: processing queued command on JUCE message thread: {"cmd":"set_volume","db":-1.0,"track_id":"1007"}
ZmqGateway: received command payload: {"cmd":"set_volume","db":-2.0,"track_id":"1007"}
ZmqGateway: dispatching payload to JUCE message thread.
VitHeadlessService: processing queued command on JUCE message thread: {"cmd":"set_volume","db":-2.0,"track_id":"1007"}
ZmqGateway: received command payload: {"cmd":"set_volume","db":-3.0,"track_id":"1007"}
ZmqGateway: dispatching payload to JUCE message thread.
VitHeadlessService: processing queued command on JUCE message thread: {"cmd":"set_volume","db":-3.0,"track_id":"1007"}
ZmqGateway: received command payload: {"cmd":"set_volume","db":-4.0,"track_id":"1007"}
ZmqGateway: dispatching payload to JUCE message thread.
VitHeadlessService: processing queued command on JUCE message thread: {"cmd":"set_volume","db":-4.0,"track_id":"1007"}
ZmqGateway: received command payload: {"cmd":"set_volume","db":-5.0,"track_id":"1007"}
ZmqGateway: dispatching payload to JUCE message thread.
VitHeadlessService: processing queued command on JUCE message thread: {"cmd":"set_volume","db":-5.0,"track_id":"1007"}
ZmqGateway: received command payload: {"cmd":"set_volume","db":-6.0,"track_id":"1007"}
ZmqGateway: dispatching payload to JUCE message thread.
VitHeadlessService: processing queued command on JUCE message thread: {"cmd":"set_volume","db":-6.0,"track_id":"1007"}
ZmqGateway: received command payload: {"cmd":"set_volume","db":-7.0,"track_id":"1007"}
ZmqGateway: dispatching payload to JUCE message thread.
VitHeadlessService: processing queued command on JUCE message thread: {"cmd":"set_volume","db":-7.0,"track_id":"1007"}
ZmqGateway: received command payload: {"cmd":"set_volume","db":-8.0,"track_id":"1007"}
ZmqGateway: dispatching payload to JUCE message thread.
VitHeadlessService: processing queued command on JUCE message thread: {"cmd":"set_volume","db":-8.0,"track_id":"1007"}
ZmqGateway: received command payload: {"cmd":"set_volume","db":-9.0,"track_id":"1007"}
ZmqGateway: dispatching payload to JUCE message thread.
VitHeadlessService: processing queued command on JUCE message thread: {"cmd":"set_volume","db":-9.0,"track_id":"1007"}
ZmqGateway: received command payload: {"cmd":"set_volume","db":-10.0,"track_id":"1007"}
ZmqGateway: dispatching payload to JUCE message thread.
VitHeadlessService: processing queued command on JUCE message thread: {"cmd":"set_volume","db":-10.0,"track_id":"1007"}
ZmqGateway: received command payload: {"cmd":"set_volume","db":-11.0,"track_id":"1007"}
ZmqGateway: dispatching payload to JUCE message thread.
VitHeadlessService: processing queued command on JUCE message thread: {"cmd":"set_volume","db":-11.0,"track_id":"1007"}
ZmqGateway: received command payload: {"cmd":"set_volume","db":-12.0,"track_id":"1007"}
ZmqGateway: dispatching payload to JUCE message thread.
VitHeadlessService: processing queued command on JUCE message thread: {"cmd":"set_volume","db":-12.0,"track_id":"1007"}
ZmqGateway: received command payload: {"cmd":"set_volume","db":-13.0,"track_id":"1007"}
ZmqGateway: dispatching payload to JUCE message thread.
VitHeadlessService: processing queued command on JUCE message thread: {"cmd":"set_volume","db":-13.0,"track_id":"1007"}
ZmqGateway: received command payload: {"cmd":"set_volume","db":-14.0,"track_id":"1007"}
ZmqGateway: dispatching payload to JUCE message thread.
VitHeadlessService: processing queued command on JUCE message thread: {"cmd":"set_volume","db":-14.0,"track_id":"1007"}
ZmqGateway: received command payload: {"cmd":"set_volume","db":-15.0,"track_id":"1007"}
ZmqGateway: dispatching payload to JUCE message thread.
VitHeadlessService: processing queued command on JUCE message thread: {"cmd":"set_volume","db":-15.0,"track_id":"1007"}
ZmqGateway: received command payload: {"cmd":"set_volume","db":-16.0,"track_id":"1007"}
ZmqGateway: dispatching payload to JUCE message thread.
VitHeadlessService: processing queued command on JUCE message thread: {"cmd":"set_volume","db":-16.0,"track_id":"1007"}
ZmqGateway: received command payload: {"cmd":"set_volume","db":-17.0,"track_id":"1007"}
ZmqGateway: dispatching payload to JUCE message thread.
VitHeadlessService: processing queued command on JUCE message thread: {"cmd":"set_volume","db":-17.0,"track_id":"1007"}
ZmqGateway: received command payload: {"cmd":"set_volume","db":-18.0,"track_id":"1007"}
ZmqGateway: dispatching payload to JUCE message thread.
VitHeadlessService: processing queued command on JUCE message thread: {"cmd":"set_volume","db":-18.0,"track_id":"1007"}
ZmqGateway: received command payload: {"cmd":"set_volume","db":-19.0,"track_id":"1007"}
ZmqGateway: dispatching payload to JUCE message thread.
VitHeadlessService: processing queued command on JUCE message thread: {"cmd":"set_volume","db":-19.0,"track_id":"1007"}
ZmqGateway: received command payload: {"cmd":"set_volume","db":-20.0,"track_id":"1007"}
ZmqGateway: dispatching payload to JUCE message thread.
VitHeadlessService: processing queued command on JUCE message thread: {"cmd":"set_volume","db":-20.0,"track_id":"1007"}
ZmqGateway: received command payload: {"cmd":"set_volume","db":-21.0,"track_id":"1007"}
ZmqGateway: dispatching payload to JUCE message thread.
VitHeadlessService: processing queued command on JUCE message thread: {"cmd":"set_volume","db":-21.0,"track_id":"1007"}
ZmqGateway: received command payload: {"cmd":"set_volume","db":-22.0,"track_id":"1007"}
ZmqGateway: dispatching payload to JUCE message thread.
VitHeadlessService: processing queued command on JUCE message thread: {"cmd":"set_volume","db":-22.0,"track_id":"1007"}
ZmqGateway: received command payload: {"cmd":"set_volume","db":-23.0,"track_id":"1007"}
ZmqGateway: dispatching payload to JUCE message thread.
VitHeadlessService: processing queued command on JUCE message thread: {"cmd":"set_volume","db":-23.0,"track_id":"1007"}
ZmqGateway: received command payload: {"cmd":"set_volume","db":-24.0,"track_id":"1007"}
ZmqGateway: dispatching payload to JUCE message thread.
VitHeadlessService: processing queued command on JUCE message thread: {"cmd":"set_volume","db":-24.0,"track_id":"1007"}
ZmqGateway: received command payload: {"cmd":"set_volume","db":-25.0,"track_id":"1007"}
ZmqGateway: dispatching payload to JUCE message thread.
VitHeadlessService: processing queued command on JUCE message thread: {"cmd":"set_volume","db":-25.0,"track_id":"1007"}
ZmqGateway: received command payload: {"cmd":"set_volume","db":-26.0,"track_id":"1007"}
ZmqGateway: dispatching payload to JUCE message thread.
VitHeadlessService: processing queued command on JUCE message thread: {"cmd":"set_volume","db":-26.0,"track_id":"1007"}
ZmqGateway: received command payload: {"cmd":"set_volume","db":-27.0,"track_id":"1007"}
ZmqGateway: dispatching payload to JUCE message thread.
VitHeadlessService: processing queued command on JUCE message thread: {"cmd":"set_volume","db":-27.0,"track_id":"1007"}
ZmqGateway: received command payload: {"cmd":"set_volume","db":-28.0,"track_id":"1007"}
ZmqGateway: dispatching payload to JUCE message thread.
VitHeadlessService: processing queued command on JUCE message thread: {"cmd":"set_volume","db":-28.0,"track_id":"1007"}
ZmqGateway: received command payload: {"cmd":"set_volume","db":-29.0,"track_id":"1007"}
ZmqGateway: dispatching payload to JUCE message thread.
VitHeadlessService: processing queued command on JUCE message thread: {"cmd":"set_volume","db":-29.0,"track_id":"1007"}
ZmqGateway: received command payload: {"cmd":"set_volume","db":-30.0,"track_id":"1007"}
ZmqGateway: dispatching payload to JUCE message thread.
VitHeadlessService: processing queued command on JUCE message thread: {"cmd":"set_volume","db":-30.0,"track_id":"1007"}
ZmqGateway: received command payload: {"cmd":"set_volume","db":-31.0,"track_id":"1007"}
ZmqGateway: dispatching payload to JUCE message thread.
VitHeadlessService: processing queued command on JUCE message thread: {"cmd":"set_volume","db":-31.0,"track_id":"1007"}
ZmqGateway: received command payload: {"cmd":"set_volume","db":-32.0,"track_id":"1007"}
ZmqGateway: dispatching payload to JUCE message thread.
VitHeadlessService: processing queued command on JUCE message thread: {"cmd":"set_volume","db":-32.0,"track_id":"1007"}
ZmqGateway: received command payload: {"cmd":"set_volume","db":-33.0,"track_id":"1007"}
ZmqGateway: dispatching payload to JUCE message thread.
VitHeadlessService: processing queued command on JUCE message thread: {"cmd":"set_volume","db":-33.0,"track_id":"1007"}
ZmqGateway: received command payload: {"cmd":"set_volume","db":-34.0,"track_id":"1007"}
ZmqGateway: dispatching payload to JUCE message thread.
VitHeadlessService: processing queued command on JUCE message thread: {"cmd":"set_volume","db":-34.0,"track_id":"1007"}
ZmqGateway: received command payload: {"cmd":"set_volume","db":-35.0,"track_id":"1007"}
ZmqGateway: dispatching payload to JUCE message thread.
VitHeadlessService: processing queued command on JUCE message thread: {"cmd":"set_volume","db":-35.0,"track_id":"1007"}
ZmqGateway: received command payload: {"cmd":"set_volume","db":-36.0,"track_id":"1007"}
ZmqGateway: dispatching payload to JUCE message thread.
VitHeadlessService: processing queued command on JUCE message thread: {"cmd":"set_volume","db":-36.0,"track_id":"1007"}
ZmqGateway: received command payload: {"cmd":"set_volume","db":-37.0,"track_id":"1007"}
ZmqGateway: dispatching payload to JUCE message thread.
VitHeadlessService: processing queued command on JUCE message thread: {"cmd":"set_volume","db":-37.0,"track_id":"1007"}
ZmqGateway: received command payload: {"cmd":"set_volume","db":-38.0,"track_id":"1007"}
ZmqGateway: dispatching payload to JUCE message thread.
VitHeadlessService: processing queued command on JUCE message thread: {"cmd":"set_volume","db":-38.0,"track_id":"1007"}
ZmqGateway: received command payload: {"cmd":"set_volume","db":-39.0,"track_id":"1007"}
ZmqGateway: dispatching payload to JUCE message thread.
VitHeadlessService: processing queued command on JUCE message thread: {"cmd":"set_volume","db":-39.0,"track_id":"1007"}
ZmqGateway: received command payload: {"cmd":"set_volume","db":-40.0,"track_id":"1007"}
ZmqGateway: dispatching payload to JUCE message thread.
VitHeadlessService: processing queued command on JUCE message thread: {"cmd":"set_volume","db":-40.0,"track_id":"1007"}
ZmqGateway: received command payload: {"cmd":"set_volume","db":-41.0,"track_id":"1007"}
ZmqGateway: dispatching payload to JUCE message thread.
VitHeadlessService: processing queued command on JUCE message thread: {"cmd":"set_volume","db":-41.0,"track_id":"1007"}
ZmqGateway: received command payload: {"cmd":"set_volume","db":-40.0,"track_id":"1007"}
ZmqGateway: dispatching payload to JUCE message thread.
VitHeadlessService: processing queued command on JUCE message thread: {"cmd":"set_volume","db":-40.0,"track_id":"1007"}
ZmqGateway: received command payload: {"cmd":"set_volume","db":-39.0,"track_id":"1007"}
ZmqGateway: dispatching payload to JUCE message thread.
VitHeadlessService: processing queued command on JUCE message thread: {"cmd":"set_volume","db":-39.0,"track_id":"1007"}
ZmqGateway: received command payload: {"cmd":"set_volume","db":-38.0,"track_id":"1007"}
ZmqGateway: dispatching payload to JUCE message thread.
VitHeadlessService: processing queued command on JUCE message thread: {"cmd":"set_volume","db":-38.0,"track_id":"1007"}
ZmqGateway: received command payload: {"cmd":"set_volume","db":-37.0,"track_id":"1007"}
ZmqGateway: dispatching payload to JUCE message thread.
VitHeadlessService: processing queued command on JUCE message thread: {"cmd":"set_volume","db":-37.0,"track_id":"1007"}
ZmqGateway: received command payload: {"cmd":"set_volume","db":-36.0,"track_id":"1007"}
ZmqGateway: dispatching payload to JUCE message thread.
VitHeadlessService: processing queued command on JUCE message thread: {"cmd":"set_volume","db":-36.0,"track_id":"1007"}
ZmqGateway: received command payload: {"cmd":"set_volume","db":-35.0,"track_id":"1007"}
ZmqGateway: dispatching payload to JUCE message thread.
VitHeadlessService: processing queued command on JUCE message thread: {"cmd":"set_volume","db":-35.0,"track_id":"1007"}
ZmqGateway: received command payload: {"cmd":"set_volume","db":-34.0,"track_id":"1007"}
ZmqGateway: dispatching payload to JUCE message thread.
VitHeadlessService: processing queued command on JUCE message thread: {"cmd":"set_volume","db":-34.0,"track_id":"1007"}
ZmqGateway: received command payload: {"cmd":"set_volume","db":-33.0,"track_id":"1007"}
ZmqGateway: dispatching payload to JUCE message thread.
VitHeadlessService: processing queued command on JUCE message thread: {"cmd":"set_volume","db":-33.0,"track_id":"1007"}
ZmqGateway: received command payload: {"cmd":"set_volume","db":-32.0,"track_id":"1007"}
ZmqGateway: dispatching payload to JUCE message thread.
VitHeadlessService: processing queued command on JUCE message thread: {"cmd":"set_volume","db":-32.0,"track_id":"1007"}
ZmqGateway: received command payload: {"cmd":"set_volume","db":-31.0,"track_id":"1007"}
ZmqGateway: dispatching payload to JUCE message thread.
VitHeadlessService: processing queued command on JUCE message thread: {"cmd":"set_volume","db":-31.0,"track_id":"1007"}
ZmqGateway: received command payload: {"cmd":"set_volume","db":-30.0,"track_id":"1007"}
ZmqGateway: dispatching payload to JUCE message thread.
VitHeadlessService: processing queued command on JUCE message thread: {"cmd":"set_volume","db":-30.0,"track_id":"1007"}
ZmqGateway: received command payload: {"cmd":"set_volume","db":-29.0,"track_id":"1007"}
ZmqGateway: dispatching payload to JUCE message thread.
VitHeadlessService: processing queued command on JUCE message thread: {"cmd":"set_volume","db":-29.0,"track_id":"1007"}
ZmqGateway: received command payload: {"cmd":"set_volume","db":-28.0,"track_id":"1007"}
ZmqGateway: dispatching payload to JUCE message thread.
VitHeadlessService: processing queued command on JUCE message thread: {"cmd":"set_volume","db":-28.0,"track_id":"1007"}
ZmqGateway: received command payload: {"cmd":"set_volume","db":-27.0,"track_id":"1007"}
ZmqGateway: dispatching payload to JUCE message thread.
VitHeadlessService: processing queued command on JUCE message thread: {"cmd":"set_volume","db":-27.0,"track_id":"1007"}
ZmqGateway: received command payload: {"cmd":"set_volume","db":-26.0,"track_id":"1007"}
ZmqGateway: dispatching payload to JUCE message thread.
VitHeadlessService: processing queued command on JUCE message thread: {"cmd":"set_volume","db":-26.0,"track_id":"1007"}
ZmqGateway: received command payload: {"cmd":"set_volume","db":-25.0,"track_id":"1007"}
ZmqGateway: dispatching payload to JUCE message thread.
VitHeadlessService: processing queued command on JUCE message thread: {"cmd":"set_volume","db":-25.0,"track_id":"1007"}
ZmqGateway: received command payload: {"cmd":"set_volume","db":-24.0,"track_id":"1007"}
ZmqGateway: dispatching payload to JUCE message thread.
VitHeadlessService: processing queued command on JUCE message thread: {"cmd":"set_volume","db":-24.0,"track_id":"1007"}
ZmqGateway: received command payload: {"cmd":"set_volume","db":-23.0,"track_id":"1007"}
ZmqGateway: dispatching payload to JUCE message thread.
VitHeadlessService: processing queued command on JUCE message thread: {"cmd":"set_volume","db":-23.0,"track_id":"1007"}
ZmqGateway: received command payload: {"cmd":"set_volume","db":-22.0,"track_id":"1007"}
ZmqGateway: dispatching payload to JUCE message thread.
VitHeadlessService: processing queued command on JUCE message thread: {"cmd":"set_volume","db":-22.0,"track_id":"1007"}
ZmqGateway: received command payload: {"cmd":"set_volume","db":-21.0,"track_id":"1007"}
ZmqGateway: dispatching payload to JUCE message thread.
VitHeadlessService: processing queued command on JUCE message thread: {"cmd":"set_volume","db":-21.0,"track_id":"1007"}
ZmqGateway: received command payload: {"cmd":"set_volume","db":-20.0,"track_id":"1007"}
ZmqGateway: dispatching payload to JUCE message thread.
VitHeadlessService: processing queued command on JUCE message thread: {"cmd":"set_volume","db":-20.0,"track_id":"1007"}
ZmqGateway: received command payload: {"cmd":"set_volume","db":-19.0,"track_id":"1007"}
ZmqGateway: dispatching payload to JUCE message thread.
VitHeadlessService: processing queued command on JUCE message thread: {"cmd":"set_volume","db":-19.0,"track_id":"1007"}
ZmqGateway: received command payload: {"cmd":"set_volume","db":-18.0,"track_id":"1007"}
ZmqGateway: dispatching payload to JUCE message thread.
VitHeadlessService: processing queued command on JUCE message thread: {"cmd":"set_volume","db":-18.0,"track_id":"1007"}
ZmqGateway: received command payload: {"cmd":"set_volume","db":-17.0,"track_id":"1007"}
ZmqGateway: dispatching payload to JUCE message thread.
VitHeadlessService: processing queued command on JUCE message thread: {"cmd":"set_volume","db":-17.0,"track_id":"1007"}
ZmqGateway: received command payload: {"cmd":"set_volume","db":-16.0,"track_id":"1007"}
ZmqGateway: dispatching payload to JUCE message thread.
VitHeadlessService: processing queued command on JUCE message thread: {"cmd":"set_volume","db":-16.0,"track_id":"1007"}
ZmqGateway: received command payload: {"cmd":"set_volume","db":-15.0,"track_id":"1007"}
ZmqGateway: dispatching payload to JUCE message thread.
VitHeadlessService: processing queued command on JUCE message thread: {"cmd":"set_volume","db":-15.0,"track_id":"1007"}
ZmqGateway: received command payload: {"cmd":"set_volume","db":-14.0,"track_id":"1007"}
ZmqGateway: dispatching payload to JUCE message thread.
VitHeadlessService: processing queued command on JUCE message thread: {"cmd":"set_volume","db":-14.0,"track_id":"1007"}
ZmqGateway: received command payload: {"cmd":"set_volume","db":-13.0,"track_id":"1007"}
ZmqGateway: dispatching payload to JUCE message thread.
VitHeadlessService: processing queued command on JUCE message thread: {"cmd":"set_volume","db":-13.0,"track_id":"1007"}
ZmqGateway: received command payload: {"cmd":"set_volume","db":-12.0,"track_id":"1007"}
ZmqGateway: dispatching payload to JUCE message thread.
VitHeadlessService: processing queued command on JUCE message thread: {"cmd":"set_volume","db":-12.0,"track_id":"1007"}
ZmqGateway: received command payload: {"cmd":"set_volume","db":-11.0,"track_id":"1007"}
ZmqGateway: dispatching payload to JUCE message thread.
VitHeadlessService: processing queued command on JUCE message thread: {"cmd":"set_volume","db":-11.0,"track_id":"1007"}
ZmqGateway: received command payload: {"cmd":"set_volume","db":-10.0,"track_id":"1007"}
ZmqGateway: dispatching payload to JUCE message thread.
VitHeadlessService: processing queued command on JUCE message thread: {"cmd":"set_volume","db":-10.0,"track_id":"1007"}
ZmqGateway: received command payload: {"cmd":"set_volume","db":-9.0,"track_id":"1007"}
ZmqGateway: dispatching payload to JUCE message thread.
VitHeadlessService: processing queued command on JUCE message thread: {"cmd":"set_volume","db":-9.0,"track_id":"1007"}
ZmqGateway: received command payload: {"cmd":"set_volume","db":-8.0,"track_id":"1007"}
ZmqGateway: dispatching payload to JUCE message thread.
VitHeadlessService: processing queued command on JUCE message thread: {"cmd":"set_volume","db":-8.0,"track_id":"1007"}
ZmqGateway: received command payload: {"cmd":"set_volume","db":-7.0,"track_id":"1007"}
ZmqGateway: dispatching payload to JUCE message thread.
VitHeadlessService: processing queued command on JUCE message thread: {"cmd":"set_volume","db":-7.0,"track_id":"1007"}
ZmqGateway: received command payload: {"cmd":"set_volume","db":-6.0,"track_id":"1007"}
ZmqGateway: dispatching payload to JUCE message thread.
VitHeadlessService: processing queued command on JUCE message thread: {"cmd":"set_volume","db":-6.0,"track_id":"1007"}
ZmqGateway: received command payload: {"cmd":"set_volume","db":-5.0,"track_id":"1007"}
ZmqGateway: dispatching payload to JUCE message thread.
VitHeadlessService: processing queued command on JUCE message thread: {"cmd":"set_volume","db":-5.0,"track_id":"1007"}
ZmqGateway: received command payload: {"cmd":"set_volume","db":-4.0,"track_id":"1007"}
ZmqGateway: dispatching payload to JUCE message thread.
VitHeadlessService: processing queued command on JUCE message thread: {"cmd":"set_volume","db":-4.0,"track_id":"1007"}
ZmqGateway: received command payload: {"cmd":"set_volume","db":-3.0,"track_id":"1007"}
ZmqGateway: dispatching payload to JUCE message thread.
VitHeadlessService: processing queued command on JUCE message thread: {"cmd":"set_volume","db":-3.0,"track_id":"1007"}
ZmqGateway: received command payload: {"cmd":"set_volume","db":-2.0,"track_id":"1007"}
ZmqGateway: dispatching payload to JUCE message thread.
VitHeadlessService: processing queued command on JUCE message thread: {"cmd":"set_volume","db":-2.0,"track_id":"1007"}
ZmqGateway: received command payload: {"cmd":"set_volume","db":-1.0,"track_id":"1007"}
ZmqGateway: dispatching payload to JUCE message thread.
VitHeadlessService: processing queued command on JUCE message thread: {"cmd":"set_volume","db":-1.0,"track_id":"1007"}
ZmqGateway: received command payload: {"cmd":"set_volume","db":0.0,"track_id":"1007"}
ZmqGateway: dispatching payload to JUCE message thread.
VitHeadlessService: processing queued command on JUCE message thread: {"cmd":"set_volume","db":0.0,"track_id":"1007"}
ZmqGateway: received command payload: {"cmd":"set_volume","db":-1.0,"track_id":"1007"}
ZmqGateway: dispatching payload to JUCE message thread.
VitHeadlessService: processing queued command on JUCE message thread: {"cmd":"set_volume","db":-1.0,"track_id":"1007"}
ZmqGateway: received command payload: {"cmd":"set_volume","db":-2.0,"track_id":"1007"}
ZmqGateway: dispatching payload to JUCE message thread.
VitHeadlessService: processing queued command on JUCE message thread: {"cmd":"set_volume","db":-2.0,"track_id":"1007"}
ZmqGateway: received command payload: {"cmd":"set_volume","db":-3.0,"track_id":"1007"}
ZmqGateway: dispatching payload to JUCE message thread.
VitHeadlessService: processing queued command on JUCE message thread: {"cmd":"set_volume","db":-3.0,"track_id":"1007"}
ZmqGateway: received command payload: {"cmd":"set_volume","db":-4.0,"track_id":"1007"}
ZmqGateway: dispatching payload to JUCE message thread.
VitHeadlessService: processing queued command on JUCE message thread: {"cmd":"set_volume","db":-4.0,"track_id":"1007"}
ZmqGateway: received command payload: {"cmd":"set_volume","db":-5.0,"track_id":"1007"}
ZmqGateway: dispatching payload to JUCE message thread.
VitHeadlessService: processing queued command on JUCE message thread: {"cmd":"set_volume","db":-5.0,"track_id":"1007"}
ZmqGateway: received command payload: {"cmd":"set_volume","db":-6.0,"track_id":"1007"}
ZmqGateway: dispatching payload to JUCE message thread.
VitHeadlessService: processing queued command on JUCE message thread: {"cmd":"set_volume","db":-6.0,"track_id":"1007"}
ZmqGateway: received command payload: {"cmd":"set_volume","db":-7.0,"track_id":"1007"}
ZmqGateway: dispatching payload to JUCE message thread.
VitHeadlessService: processing queued command on JUCE message thread: {"cmd":"set_volume","db":-7.0,"track_id":"1007"}
ZmqGateway: received command payload: {"cmd":"set_volume","db":-8.0,"track_id":"1007"}
ZmqGateway: dispatching payload to JUCE message thread.
VitHeadlessService: processing queued command on JUCE message thread: {"cmd":"set_volume","db":-8.0,"track_id":"1007"}
ZmqGateway: received command payload: {"cmd":"set_volume","db":-9.0,"track_id":"1007"}
ZmqGateway: dispatching payload to JUCE message thread.
VitHeadlessService: processing queued command on JUCE message thread: {"cmd":"set_volume","db":-9.0,"track_id":"1007"}
ZmqGateway: received command payload: {"cmd":"set_volume","db":-10.0,"track_id":"1007"}
ZmqGateway: dispatching payload to JUCE message thread.
VitHeadlessService: processing queued command on JUCE message thread: {"cmd":"set_volume","db":-10.0,"track_id":"1007"}
ZmqGateway: received command payload: {"cmd":"set_volume","db":-11.0,"track_id":"1007"}
ZmqGateway: dispatching payload to JUCE message thread.
VitHeadlessService: processing queued command on JUCE message thread: {"cmd":"set_volume","db":-11.0,"track_id":"1007"}
ZmqGateway: received command payload: {"cmd":"set_volume","db":-12.0,"track_id":"1007"}
ZmqGateway: dispatching payload to JUCE message thread.
VitHeadlessService: processing queued command on JUCE message thread: {"cmd":"set_volume","db":-12.0,"track_id":"1007"}
ZmqGateway: received command payload: {"cmd":"set_volume","db":-13.0,"track_id":"1007"}
ZmqGateway: dispatching payload to JUCE message thread.
VitHeadlessService: processing queued command on JUCE message thread: {"cmd":"set_volume","db":-13.0,"track_id":"1007"}
ZmqGateway: received command payload: {"cmd":"set_volume","db":-14.0,"track_id":"1007"}
ZmqGateway: dispatching payload to JUCE message thread.
VitHeadlessService: processing queued command on JUCE message thread: {"cmd":"set_volume","db":-14.0,"track_id":"1007"}
ZmqGateway: received command payload: {"cmd":"set_volume","db":-15.0,"track_id":"1007"}
ZmqGateway: dispatching payload to JUCE message thread.
VitHeadlessService: processing queued command on JUCE message thread: {"cmd":"set_volume","db":-15.0,"track_id":"1007"}
ZmqGateway: received command payload: {"cmd":"set_volume","db":-16.0,"track_id":"1007"}
ZmqGateway: dispatching payload to JUCE message thread.
VitHeadlessService: processing queued command on JUCE message thread: {"cmd":"set_volume","db":-16.0,"track_id":"1007"}
ZmqGateway: received command payload: {"cmd":"set_volume","db":-17.0,"track_id":"1007"}
ZmqGateway: dispatching payload to JUCE message thread.
VitHeadlessService: processing queued command on JUCE message thread: {"cmd":"set_volume","db":-17.0,"track_id":"1007"}
ZmqGateway: received command payload: {"cmd":"set_volume","db":-18.0,"track_id":"1007"}
ZmqGateway: dispatching payload to JUCE message thread.
VitHeadlessService: processing queued command on JUCE message thread: {"cmd":"set_volume","db":-18.0,"track_id":"1007"}
ZmqGateway: received command payload: {"cmd":"set_volume","db":-19.0,"track_id":"1007"}
ZmqGateway: dispatching payload to JUCE message thread.
VitHeadlessService: processing queued command on JUCE message thread: {"cmd":"set_volume","db":-19.0,"track_id":"1007"}
ZmqGateway: received command payload: {"cmd":"set_volume","db":-20.0,"track_id":"1007"}
ZmqGateway: dispatching payload to JUCE message thread.
VitHeadlessService: processing queued command on JUCE message thread: {"cmd":"set_volume","db":-20.0,"track_id":"1007"}
ZmqGateway: received command payload: {"cmd":"set_volume","db":-21.0,"track_id":"1007"}
ZmqGateway: dispatching payload to JUCE message thread.
VitHeadlessService: processing queued command on JUCE message thread: {"cmd":"set_volume","db":-21.0,"track_id":"1007"}
ZmqGateway: received command payload: {"cmd":"set_volume","db":-22.0,"track_id":"1007"}
ZmqGateway: dispatching payload to JUCE message thread.
VitHeadlessService: processing queued command on JUCE message thread: {"cmd":"set_volume","db":-22.0,"track_id":"1007"}
ZmqGateway: received command payload: {"cmd":"set_volume","db":-23.0,"track_id":"1007"}
ZmqGateway: dispatching payload to JUCE message thread.
VitHeadlessService: processing queued command on JUCE message thread: {"cmd":"set_volume","db":-23.0,"track_id":"1007"}
ZmqGateway: received command payload: {"cmd":"set_volume","db":-24.0,"track_id":"1007"}
ZmqGateway: dispatching payload to JUCE message thread.
VitHeadlessService: processing queued command on JUCE message thread: {"cmd":"set_volume","db":-24.0,"track_id":"1007"}
ZmqGateway: received command payload: {"cmd":"set_volume","db":-25.0,"track_id":"1007"}
ZmqGateway: dispatching payload to JUCE message thread.
VitHeadlessService: processing queued command on JUCE message thread: {"cmd":"set_volume","db":-25.0,"track_id":"1007"}
ZmqGateway: received command payload: {"cmd":"set_volume","db":-26.0,"track_id":"1007"}
ZmqGateway: dispatching payload to JUCE message thread.
VitHeadlessService: processing queued command on JUCE message thread: {"cmd":"set_volume","db":-26.0,"track_id":"1007"}
ZmqGateway: received command payload: {"cmd":"set_volume","db":-27.0,"track_id":"1007"}
ZmqGateway: dispatching payload to JUCE message thread.
VitHeadlessService: processing queued command on JUCE message thread: {"cmd":"set_volume","db":-27.0,"track_id":"1007"}
ZmqGateway: received command payload: {"cmd":"set_volume","db":-28.0,"track_id":"1007"}
ZmqGateway: dispatching payload to JUCE message thread.
VitHeadlessService: processing queued command on JUCE message thread: {"cmd":"set_volume","db":-28.0,"track_id":"1007"}
ZmqGateway: received command payload: {"cmd":"set_volume","db":-29.0,"track_id":"1007"}
ZmqGateway: dispatching payload to JUCE message thread.
VitHeadlessService: processing queued command on JUCE message thread: {"cmd":"set_volume","db":-29.0,"track_id":"1007"}
ZmqGateway: received command payload: {"cmd":"set_volume","db":-30.0,"track_id":"1007"}
ZmqGateway: dispatching payload to JUCE message thread.
VitHeadlessService: processing queued command on JUCE message thread: {"cmd":"set_volume","db":-30.0,"track_id":"1007"}
ZmqGateway: received command payload: {"cmd":"set_volume","db":-31.0,"track_id":"1007"}
ZmqGateway: dispatching payload to JUCE message thread.
VitHeadlessService: processing queued command on JUCE message thread: {"cmd":"set_volume","db":-31.0,"track_id":"1007"}
ZmqGateway: received command payload: {"cmd":"set_volume","db":-32.0,"track_id":"1007"}
ZmqGateway: dispatching payload to JUCE message thread.
VitHeadlessService: processing queued command on JUCE message thread: {"cmd":"set_volume","db":-32.0,"track_id":"1007"}
ZmqGateway: received command payload: {"cmd":"set_volume","db":-33.0,"track_id":"1007"}
ZmqGateway: dispatching payload to JUCE message thread.
VitHeadlessService: processing queued command on JUCE message thread: {"cmd":"set_volume","db":-33.0,"track_id":"1007"}
ZmqGateway: received command payload: {"cmd":"set_volume","db":-34.0,"track_id":"1007"}
ZmqGateway: dispatching payload to JUCE message thread.
VitHeadlessService: processing queued command on JUCE message thread: {"cmd":"set_volume","db":-34.0,"track_id":"1007"}
ZmqGateway: received command payload: {"cmd":"set_volume","db":-35.0,"track_id":"1007"}
ZmqGateway: dispatching payload to JUCE message thread.
VitHeadlessService: processing queued command on JUCE message thread: {"cmd":"set_volume","db":-35.0,"track_id":"1007"}
ZmqGateway: received command payload: {"cmd":"set_volume","db":-36.0,"track_id":"1007"}
ZmqGateway: dispatching payload to JUCE message thread.
VitHeadlessService: processing queued command on JUCE message thread: {"cmd":"set_volume","db":-36.0,"track_id":"1007"}
ZmqGateway: received command payload: {"cmd":"set_volume","db":-37.0,"track_id":"1007"}
ZmqGateway: dispatching payload to JUCE message thread.
VitHeadlessService: processing queued command on JUCE message thread: {"cmd":"set_volume","db":-37.0,"track_id":"1007"}
ZmqGateway: received command payload: {"cmd":"set_volume","db":-36.0,"track_id":"1007"}
ZmqGateway: dispatching payload to JUCE message thread.
VitHeadlessService: processing queued command on JUCE message thread: {"cmd":"set_volume","db":-36.0,"track_id":"1007"}
ZmqGateway: received command payload: {"cmd":"set_volume","db":-35.0,"track_id":"1007"}
ZmqGateway: dispatching payload to JUCE message thread.
VitHeadlessService: processing queued command on JUCE message thread: {"cmd":"set_volume","db":-35.0,"track_id":"1007"}
ZmqGateway: received command payload: {"cmd":"set_volume","db":-34.0,"track_id":"1007"}
ZmqGateway: dispatching payload to JUCE message thread.
VitHeadlessService: processing queued command on JUCE message thread: {"cmd":"set_volume","db":-34.0,"track_id":"1007"}
ZmqGateway: received command payload: {"cmd":"set_volume","db":-33.0,"track_id":"1007"}
ZmqGateway: dispatching payload to JUCE message thread.
VitHeadlessService: processing queued command on JUCE message thread: {"cmd":"set_volume","db":-33.0,"track_id":"1007"}
ZmqGateway: received command payload: {"cmd":"set_volume","db":-32.0,"track_id":"1007"}
ZmqGateway: dispatching payload to JUCE message thread.
VitHeadlessService: processing queued command on JUCE message thread: {"cmd":"set_volume","db":-32.0,"track_id":"1007"}
ZmqGateway: received command payload: {"cmd":"set_volume","db":-31.0,"track_id":"1007"}
ZmqGateway: dispatching payload to JUCE message thread.
VitHeadlessService: processing queued command on JUCE message thread: {"cmd":"set_volume","db":-31.0,"track_id":"1007"}
ZmqGateway: received command payload: {"cmd":"set_volume","db":-30.0,"track_id":"1007"}
ZmqGateway: dispatching payload to JUCE message thread.
VitHeadlessService: processing queued command on JUCE message thread: {"cmd":"set_volume","db":-30.0,"track_id":"1007"}
ZmqGateway: received command payload: {"cmd":"set_volume","db":-29.0,"track_id":"1007"}
ZmqGateway: dispatching payload to JUCE message thread.
VitHeadlessService: processing queued command on JUCE message thread: {"cmd":"set_volume","db":-29.0,"track_id":"1007"}
ZmqGateway: received command payload: {"cmd":"set_volume","db":-28.0,"track_id":"1007"}
ZmqGateway: dispatching payload to JUCE message thread.
VitHeadlessService: processing queued command on JUCE message thread: {"cmd":"set_volume","db":-28.0,"track_id":"1007"}
ZmqGateway: received command payload: {"cmd":"set_volume","db":-27.0,"track_id":"1007"}
ZmqGateway: dispatching payload to JUCE message thread.
VitHeadlessService: processing queued command on JUCE message thread: {"cmd":"set_volume","db":-27.0,"track_id":"1007"}
ZmqGateway: received command payload: {"cmd":"set_volume","db":-26.0,"track_id":"1007"}
ZmqGateway: dispatching payload to JUCE message thread.
VitHeadlessService: processing queued command on JUCE message thread: {"cmd":"set_volume","db":-26.0,"track_id":"1007"}
ZmqGateway: received command payload: {"cmd":"set_volume","db":-25.0,"track_id":"1007"}
ZmqGateway: dispatching payload to JUCE message thread.
VitHeadlessService: processing queued command on JUCE message thread: {"cmd":"set_volume","db":-25.0,"track_id":"1007"}
ZmqGateway: received command payload: {"cmd":"set_volume","db":-24.0,"track_id":"1007"}
ZmqGateway: dispatching payload to JUCE message thread.
VitHeadlessService: processing queued command on JUCE message thread: {"cmd":"set_volume","db":-24.0,"track_id":"1007"}
ZmqGateway: received command payload: {"cmd":"set_volume","db":-22.0,"track_id":"1007"}
ZmqGateway: dispatching payload to JUCE message thread.
VitHeadlessService: processing queued command on JUCE message thread: {"cmd":"set_volume","db":-22.0,"track_id":"1007"}
ZmqGateway: received command payload: {"cmd":"set_volume","db":-21.0,"track_id":"1007"}
ZmqGateway: dispatching payload to JUCE message thread.
VitHeadlessService: processing queued command on JUCE message thread: {"cmd":"set_volume","db":-21.0,"track_id":"1007"}
ZmqGateway: received command payload: {"cmd":"set_volume","db":-20.0,"track_id":"1007"}
ZmqGateway: dispatching payload to JUCE message thread.
VitHeadlessService: processing queued command on JUCE message thread: {"cmd":"set_volume","db":-20.0,"track_id":"1007"}
ZmqGateway: received command payload: {"cmd":"set_volume","db":-19.0,"track_id":"1007"}
ZmqGateway: dispatching payload to JUCE message thread.
VitHeadlessService: processing queued command on JUCE message thread: {"cmd":"set_volume","db":-19.0,"track_id":"1007"}
ZmqGateway: received command payload: {"cmd":"set_volume","db":-18.0,"track_id":"1007"}
ZmqGateway: dispatching payload to JUCE message thread.
VitHeadlessService: processing queued command on JUCE message thread: {"cmd":"set_volume","db":-18.0,"track_id":"1007"}
ZmqGateway: received command payload: {"cmd":"set_volume","db":-17.0,"track_id":"1007"}
ZmqGateway: dispatching payload to JUCE message thread.
VitHeadlessService: processing queued command on JUCE message thread: {"cmd":"set_volume","db":-17.0,"track_id":"1007"}
ZmqGateway: received command payload: {"cmd":"set_volume","db":-16.0,"track_id":"1007"}
ZmqGateway: dispatching payload to JUCE message thread.
VitHeadlessService: processing queued command on JUCE message thread: {"cmd":"set_volume","db":-16.0,"track_id":"1007"}
ZmqGateway: received command payload: {"cmd":"set_volume","db":-15.0,"track_id":"1007"}
ZmqGateway: dispatching payload to JUCE message thread.
VitHeadlessService: processing queued command on JUCE message thread: {"cmd":"set_volume","db":-15.0,"track_id":"1007"}
ZmqGateway: received command payload: {"cmd":"set_volume","db":-14.0,"track_id":"1007"}
ZmqGateway: dispatching payload to JUCE message thread.
VitHeadlessService: processing queued command on JUCE message thread: {"cmd":"set_volume","db":-14.0,"track_id":"1007"}
ZmqGateway: received command payload: {"cmd":"set_volume","db":-13.0,"track_id":"1007"}
ZmqGateway: dispatching payload to JUCE message thread.
VitHeadlessService: processing queued command on JUCE message thread: {"cmd":"set_volume","db":-13.0,"track_id":"1007"}
ZmqGateway: received command payload: {"cmd":"set_volume","db":-12.0,"track_id":"1007"}
ZmqGateway: dispatching payload to JUCE message thread.
VitHeadlessService: processing queued command on JUCE message thread: {"cmd":"set_volume","db":-12.0,"track_id":"1007"}
ZmqGateway: received command payload: {"cmd":"set_volume","db":-11.0,"track_id":"1007"}
ZmqGateway: dispatching payload to JUCE message thread.
VitHeadlessService: processing queued command on JUCE message thread: {"cmd":"set_volume","db":-11.0,"track_id":"1007"}
ZmqGateway: received command payload: {"cmd":"set_volume","db":-10.0,"track_id":"1007"}
ZmqGateway: dispatching payload to JUCE message thread.
VitHeadlessService: processing queued command on JUCE message thread: {"cmd":"set_volume","db":-10.0,"track_id":"1007"}
ZmqGateway: received command payload: {"cmd":"set_volume","db":-9.0,"track_id":"1007"}
ZmqGateway: dispatching payload to JUCE message thread.
VitHeadlessService: processing queued command on JUCE message thread: {"cmd":"set_volume","db":-9.0,"track_id":"1007"}
ZmqGateway: received command payload: {"cmd":"set_volume","db":-8.0,"track_id":"1007"}
ZmqGateway: dispatching payload to JUCE message thread.
VitHeadlessService: processing queued command on JUCE message thread: {"cmd":"set_volume","db":-8.0,"track_id":"1007"}
ZmqGateway: received command payload: {"cmd":"set_volume","db":-7.0,"track_id":"1007"}
ZmqGateway: dispatching payload to JUCE message thread.
VitHeadlessService: processing queued command on JUCE message thread: {"cmd":"set_volume","db":-7.0,"track_id":"1007"}
ZmqGateway: received command payload: {"cmd":"set_volume","db":-6.0,"track_id":"1007"}
ZmqGateway: dispatching payload to JUCE message thread.
VitHeadlessService: processing queued command on JUCE message thread: {"cmd":"set_volume","db":-6.0,"track_id":"1007"}
ZmqGateway: received command payload: {"cmd":"set_volume","db":-5.0,"track_id":"1007"}
ZmqGateway: dispatching payload to JUCE message thread.
VitHeadlessService: processing queued command on JUCE message thread: {"cmd":"set_volume","db":-5.0,"track_id":"1007"}
ZmqGateway: received command payload: {"cmd":"set_volume","db":-4.0,"track_id":"1007"}
ZmqGateway: dispatching payload to JUCE message thread.
VitHeadlessService: processing queued command on JUCE message thread: {"cmd":"set_volume","db":-4.0,"track_id":"1007"}
ZmqGateway: received command payload: {"cmd":"set_volume","db":-3.0,"track_id":"1007"}
ZmqGateway: dispatching payload to JUCE message thread.
VitHeadlessService: processing queued command on JUCE message thread: {"cmd":"set_volume","db":-3.0,"track_id":"1007"}
ZmqGateway: received command payload: {"cmd":"set_volume","db":-2.0,"track_id":"1007"}
ZmqGateway: dispatching payload to JUCE message thread.
VitHeadlessService: processing queued command on JUCE message thread: {"cmd":"set_volume","db":-2.0,"track_id":"1007"}
ZmqGateway: received command payload: {"cmd":"set_volume","db":-1.0,"track_id":"1007"}
ZmqGateway: dispatching payload to JUCE message thread.
VitHeadlessService: processing queued command on JUCE message thread: {"cmd":"set_volume","db":-1.0,"track_id":"1007"}
ZmqGateway: received command payload: {"cmd":"set_volume","db":0.0,"track_id":"1007"}
ZmqGateway: dispatching payload to JUCE message thread.
VitHeadlessService: processing queued command on JUCE message thread: {"cmd":"set_volume","db":0.0,"track_id":"1007"}
