
**********************************************************
VitHeadlessServer session log
Log started: 30 Mar 2026 8:07:15pm

VitHeadlessServer: application startup.
Settings file: D:\Vit_DAW\VitApp\Workspace\Settings\Settings.xml
Audio block size: 480  Rate: 48000
Creating Default Controllers...
VitEngineDevice: initialising Tracktion Engine device manager.
Audio block size: 480  Rate: 48000
VitEngineDevice: audio setup outputDevice="扬声器 (USB AUDIO  CODEC)" inputDevice="麦克风 (Sonic Studio Virtual Mixer)" sampleRate=48000.00 bufferSize=480 inputChannels=11 outputChannels=11
VitEngineDevice: current audio device name="扬声器 (USB AUDIO  CODEC)" type="Windows Audio" activeOutputChannels=Output channel 1, Output channel 2" activeInputChannels=Input channel 1, Input channel 2"
VitHeadlessService: edit loaded from D:\Vit_DAW\VitApp\Workspace\default_project.xml
VitHeadlessService: project reload complete.
ZmqGateway: bound command endpoint to tcp://127.0.0.1:5555
ZmqGateway: bound publish endpoint to tcp://127.0.0.1:5556
ZmqGateway: bound log endpoint to tcp://127.0.0.1:5557
ZmqGateway: started network thread.
VitHeadlessService: service started successfully.
VitHeadlessServer: startup complete, entering background message loop.
Rebuilding Wave Device List...
Wave In: Input 1 (enabled): 0 (L)
Wave In: Input 2 (enabled): 1 (L)
Wave Out: Output 1 + 2 (enabled): 0 (L), 1 (R)
Default Wave Out: Output 1 + 2
Default MIDI Out: 
Default Wave In: Input 1
Default MIDI In: 
MIDI Input devices scanned in: 0
Updating MIDI I/O devices
Found MIDI in: all_midi_in ("All MIDI Ins") (enabled)
Found MIDI out: out_81b0d7ef ("Microsoft GS Wavetable Synth") (enabled)
opening MIDI out device: out_81b0d7ef (Microsoft GS Wavetable Synth)
ZmqGateway: received command payload: {"cmd":"ping"}
ZmqGateway: dispatching payload to JUCE message thread.
VitHeadlessService: processing queued command on JUCE message thread: {"cmd":"ping"}
Command received: {"cmd":"ping"}
CommandDispatcher: handled ping command.
Command executed: ping, result: {
  "status": "ok",
  "message": "pong"
}
VitHeadlessService: command reply (truncated): {
  "status": "ok",
  "message": "pong"
}
ZmqGateway: received command payload: {"cmd":"clear_project"}
ZmqGateway: dispatching payload to JUCE message thread.
VitHeadlessService: processing queued command on JUCE message thread: {"cmd":"clear_project"}
Command received: {"cmd":"clear_project"}
VitHeadlessService: project saved to D:\Vit_DAW\VitApp\Workspace\default_project.xml
CommandDispatcher: clear_project executed - all clips removed, transport reset.
Command executed: clear_project, result: {
  "status": "ok",
  "message": "Project cleared"
}
VitHeadlessService: command reply (truncated): {
  "status": "ok",
  "message": "Project cleared"
}
ZmqGateway: received command payload: {"cmd":"list_tracks"}
ZmqGateway: dispatching payload to JUCE message thread.
VitHeadlessService: processing queued command on JUCE message thread: {"cmd":"list_tracks"}
Command received: {"cmd":"list_tracks"}
Command executed: list_tracks, result: {
  "status": "ok",
  "message": "Track list fetched",
  "tracks": [
    {
      "id": "1002",
      "name": "Arranger",
      "track_type": "track",
      "is_audio": false,
      "is_audio_track": false,
      "vit_type": "",
      "vit_intent": "",
      "plugin_count": 0,
      "plugins": []
    },
    {
      "id": "1003",
      "name": "Chord",
      "track_type": "track",
      "is_audio": false,
      "is_audio_track": false,
      "vit_type": "",
      "vit_intent": "",
      "plugin_count": 0,
      "plugins": []
    },
    {
      "id": "1004",
      "name": "Marker",
      "track_type": "track",
      "is_audio": false,
      "is_audio_track": false,
      "vit_type": "",
      "vit_intent": "",
      "plugin_count": 0,
      "plugins": []
    },
    {
      "id": "1005",
      "name": "Tempo",
      "track_type": "track",
      "is_audio": false,
      "is_audio_track": false,
      "vit_type": "",
      "vit_intent": "",
      "plugin_count": 0,
      "plugins": []
    },
    {
      "id": "1006",
      "name": "Master",
      "track_type": "master",
      "is_audio": false,
      "is_audio_track": false,
      "vit_type": "",
      "vit_intent": "",
      "plugin_count": 0,
      "plugins": []
    },
    {
      "id": "1208",
      "name": "Audio Track 3",
      "track_type": "audio",
      "is_audio": true,
      "is_audio_track": true,
      "vit_type": "",
      "vit_intent": "",
      "plugin_count": 2,
      "plugins": [
        {
          "name": "Volume & Pan Plugin",
          "type": "volume",
          "enabled": true
        },
        {
          "name": "Level Meter",
          "type": "level",
          "enabled": true
        }
      ]
    },
    {
      "id": "1215",
      "name": "Audio Track 3",
      "track_type": "audio",
      "is_audio": true,
      "is_audio_track": true,
      "vit_type": "",
      "vit_intent": "",
      "plugin_count": 2,
      "plugins": [
        {
          "name": "Volume & Pan Plugin",
          "type": "volume",
          "enabled": true
        },
        {
          "name": "Level Meter",
          "type": "level",
          "enabled": true
        }
      ]
    }
  ]
}
VitHeadlessService: command reply (truncated): {
  "status": "ok",
  "message": "Track list fetched",
  "tracks": [
    {
      "id": "1002",
      "name": "Arranger",
      "track_type": "track",
      "is_audio": false,
      "is_audio_track": false,
    
ZmqGateway: received command payload: {"cmd":"get_audio_device_types"}
ZmqGateway: dispatching payload to JUCE message thread.
VitHeadlessService: processing queued command on JUCE message thread: {"cmd":"get_audio_device_types"}
Command received: {"cmd":"get_audio_device_types"}
Command executed: get_audio_device_types, result: {
  "status": "ok",
  "types": [
    "Windows Audio",
    "Windows Audio (Exclusive Mode)",
    "Windows Audio (Low Latency Mode)",
    "DirectSound"
  ]
}
VitHeadlessService: command reply (truncated): {
  "status": "ok",
  "types": [
    "Windows Audio",
    "Windows Audio (Exclusive Mode)",
    "Windows Audio (Low Latency Mode)",
    "DirectSound"
  ]
}
ZmqGateway: received command payload: {"cmd":"get_audio_devices","type":"Windows Audio"}
ZmqGateway: dispatching payload to JUCE message thread.
VitHeadlessService: processing queued command on JUCE message thread: {"cmd":"get_audio_devices","type":"Windows Audio"}
Command received: {"cmd":"get_audio_devices","type":"Windows Audio"}
Command executed: get_audio_devices, result: {
  "status": "ok",
  "current_device": "扬声器 (USB AUDIO  CODEC)",
  "current_sample_rate": 48000.0,
  "current_buffer_size": 480,
  "available_devices": [
    "扬声器 (USB AUDIO  CODEC)",
    "Realtek Digital Output (Realtek(R) Audio)",
    "PHL275M1RZPRO (NVIDIA High Definition Audio)",
    "扬声器 (Sonic Studio Virtual Mixer)",
    "Line (USB AUDIO  CODEC)",
    "麦克风 (Sonic Studio Virtual Mixer)"
  ],
  "available_sample_rates": [
    48000.0
  ],
  "available_buffer_sizes": [
    144,
    160,
    192,
    224,
    256,
    288,
    320,
    352,
    384,
    416,
    448,
    480,
    512,
    576,
    640,
    704,
    768,
    832,
    896,
    960,
    1024,
    1152,
    1280,
    1408,
    1536,
    1664,
    1792,
    1920,
    2048
  ]
}
VitHeadlessService: command reply (truncated): {
  "status": "ok",
  "current_device": "扬声器 (USB AUDIO  CODEC)",
  "current_sample_rate": 48000.0,
  "current_buffer_size": 480,
  "available_devices": [
    "扬声器 (USB AUDIO  CODEC)",
    "Realtek Digital Output 
ZmqGateway: received command payload: {"cmd":"scan_plugins","paths":["C:/Program Files/Common Files/VST3","%ProgramFiles%/Steinberg/VSTPlugins","%LOCALAPPDATA%/Programs/Common/CLAP"]}
ZmqGateway: dispatching payload to JUCE message thread.
VitHeadlessService: processing queued command on JUCE message thread: {"cmd":"scan_plugins","paths":["C:/Program Files/Common Files/VST3","%ProgramFiles%/Steinberg/VSTPlugins","%LOCALAPPDATA%/Programs/Common/CLAP"]}
Command received: {"cmd":"scan_plugins","paths":["C:/Program Files/Common Files/VST3","%ProgramFiles%/Steinberg/VSTPlugins","%LOCALAPPDATA%/Programs/Common/CLAP"]}
----- Ended Plugin Scan
Command executed: scan_plugins, result: {
  "status": "ok",
  "plugins": [
    {
      "name": "SPAN",
      "format": "VST3",
      "identifier": "VST3-SPAN-81c6ef4-65d3dbf7"
    },
    {
      "name": "Surge XT Effects",
      "format": "VST3",
      "identifier": "VST3-Surge XT Effects-b459f277-18ed4fbd"
    },
    {
      "name": "Surge XT",
      "format": "VST3",
      "identifier": "VST3-Surge XT-1e1bcfb-190e4fbd"
    },
    {
      "name": "TDR Nova",
      "format": "VST3",
      "identifier": "VST3-TDR Nova-756dd674-90cd7df2"
    },
    {
      "name": "ValhallaSupermassive",
      "format": "VST3",
      "identifier": "VST3-ValhallaSupermassive-5cffe1ee-7e8fe5d5"
    }
  ]
}
VitHeadlessService: command reply (truncated): {
  "status": "ok",
  "plugins": [
    {
      "name": "SPAN",
      "format": "VST3",
      "identifier": "VST3-SPAN-81c6ef4-65d3dbf7"
    },
    {
      "name": "Surge XT Effects",
      "format": "VST3",
  
ZmqGateway: received command payload: {"cmd":"instantiate_plugin","plugin_path":"C:/Program Files/Common Files/VST3/SPAN.vst3","track_index":1}
ZmqGateway: dispatching payload to JUCE message thread.
VitHeadlessService: processing queued command on JUCE message thread: {"cmd":"instantiate_plugin","plugin_path":"C:/Program Files/Common Files/VST3/SPAN.vst3","track_index":1}
Command received: {"cmd":"instantiate_plugin","plugin_path":"C:/Program Files/Common Files/VST3/SPAN.vst3","track_index":1}
VitHeadlessService: project saved to D:\Vit_DAW\VitApp\Workspace\default_project.xml
Command executed: instantiate_plugin, result: {
  "status": "ok",
  "message": "Plugin instantiated",
  "plugin_name": "SPAN",
  "track_index": 1
}
VitHeadlessService: command reply (truncated): {
  "status": "ok",
  "message": "Plugin instantiated",
  "plugin_name": "SPAN",
  "track_index": 1
}
ZmqGateway: received command payload: {"cmd":"show_plugin_editor","plugin_path":"C:/Program Files/Common Files/VST3/SPAN.vst3","track_index":1}
ZmqGateway: dispatching payload to JUCE message thread.
VitHeadlessService: processing queued command on JUCE message thread: {"cmd":"show_plugin_editor","plugin_path":"C:/Program Files/Common Files/VST3/SPAN.vst3","track_index":1}
Command received: {"cmd":"show_plugin_editor","plugin_path":"C:/Program Files/Common Files/VST3/SPAN.vst3","track_index":1}
Command executed: show_plugin_editor, result: {
  "status": "ok",
  "message": "Plugin editor requested",
  "plugin_name": "SPAN"
}
VitHeadlessService: command reply (truncated): {
  "status": "ok",
  "message": "Plugin editor requested",
  "plugin_name": "SPAN"
}
ZmqGateway: received command payload: {"cmd":"instantiate_plugin","plugin_path":"C:/Program Files/Common Files/VST3/TDR Nova.vst3","track_index":1}
ZmqGateway: dispatching payload to JUCE message thread.
VitHeadlessService: processing queued command on JUCE message thread: {"cmd":"instantiate_plugin","plugin_path":"C:/Program Files/Common Files/VST3/TDR Nova.vst3","track_index":1}
Command received: {"cmd":"instantiate_plugin","plugin_path":"C:/Program Files/Common Files/VST3/TDR Nova.vst3","track_index":1}
VitHeadlessService: project saved to D:\Vit_DAW\VitApp\Workspace\default_project.xml
Command executed: instantiate_plugin, result: {
  "status": "ok",
  "message": "Plugin instantiated",
  "plugin_name": "TDR Nova",
  "track_index": 1
}
VitHeadlessService: command reply (truncated): {
  "status": "ok",
  "message": "Plugin instantiated",
  "plugin_name": "TDR Nova",
  "track_index": 1
}
ZmqGateway: received command payload: {"cmd":"show_plugin_editor","plugin_path":"C:/Program Files/Common Files/VST3/TDR Nova.vst3","track_index":1}
ZmqGateway: dispatching payload to JUCE message thread.
VitHeadlessService: processing queued command on JUCE message thread: {"cmd":"show_plugin_editor","plugin_path":"C:/Program Files/Common Files/VST3/TDR Nova.vst3","track_index":1}
Command received: {"cmd":"show_plugin_editor","plugin_path":"C:/Program Files/Common Files/VST3/TDR Nova.vst3","track_index":1}
Command executed: show_plugin_editor, result: {
  "status": "ok",
  "message": "Plugin editor requested",
  "plugin_name": "TDR Nova"
}
VitHeadlessService: command reply (truncated): {
  "status": "ok",
  "message": "Plugin editor requested",
  "plugin_name": "TDR Nova"
}
ZmqGateway: received command payload: {"cmd":"show_plugin_editor","plugin_path":"C:/Program Files/Common Files/VST3/SPAN.vst3","track_index":1}
ZmqGateway: dispatching payload to JUCE message thread.
VitHeadlessService: processing queued command on JUCE message thread: {"cmd":"show_plugin_editor","plugin_path":"C:/Program Files/Common Files/VST3/SPAN.vst3","track_index":1}
Command received: {"cmd":"show_plugin_editor","plugin_path":"C:/Program Files/Common Files/VST3/SPAN.vst3","track_index":1}
Command executed: show_plugin_editor, result: {
  "status": "ok",
  "message": "Plugin editor requested",
  "plugin_name": "SPAN"
}
VitHeadlessService: command reply (truncated): {
  "status": "ok",
  "message": "Plugin editor requested",
  "plugin_name": "SPAN"
}
ZmqGateway: received command payload: {"cmd":"show_plugin_editor","plugin_path":"C:/Program Files/Common Files/VST3/SPAN.vst3","track_index":1}
ZmqGateway: dispatching payload to JUCE message thread.
VitHeadlessService: processing queued command on JUCE message thread: {"cmd":"show_plugin_editor","plugin_path":"C:/Program Files/Common Files/VST3/SPAN.vst3","track_index":1}
Command received: {"cmd":"show_plugin_editor","plugin_path":"C:/Program Files/Common Files/VST3/SPAN.vst3","track_index":1}
Command executed: show_plugin_editor, result: {
  "status": "ok",
  "message": "Plugin editor requested",
  "plugin_name": "SPAN"
}
VitHeadlessService: command reply (truncated): {
  "status": "ok",
  "message": "Plugin editor requested",
  "plugin_name": "SPAN"
}
ZmqGateway: received command payload: {"action":"import_audio","drop_x_pos":113.0,"file_path":"D:/Vit_DAW/test_target_3s.wav","track_id":"1208"}
ZmqGateway: dispatching payload to JUCE message thread.
VitHeadlessService: processing queued command on JUCE message thread: {"action":"import_audio","drop_x_pos":113.0,"file_path":"D:/Vit_DAW/test_target_3s.wav","track_id":"1208"}
Command received: {"action":"import_audio","drop_x_pos":113.0,"file_path":"D:/Vit_DAW/test_target_3s.wav","track_id":"1208"}
CommandDispatcher::handleImportAudio: imported clip="test_target_3s" trackId="1208" source="D:\Vit_DAW\test_target_3s.wav" clipLengthSeconds=3.000 isPlaying=false isRecording=false playContextActive=true positionSeconds=0.000 editLengthSeconds=3.000
VitHeadlessService: project saved to D:\Vit_DAW\VitApp\Workspace\default_project.xml
Command executed: import_audio, result: {
  "status": "ok",
  "action": "import_audio",
  "message": "Audio clip imported",
  "track_id": "1208",
  "clip_name": "test_target_3s",
  "file_path": "D:\\Vit_DAW\\test_target_3s.wav",
  "start_time": 0.0,
  "clip_length_seconds": 3.0,
  "edit_length_seconds": 3.0,
  "baking_status": "baking_started"
}
VitHeadlessService: command reply (truncated): {
  "status": "ok",
  "action": "import_audio",
  "message": "Audio clip imported",
  "track_id": "1208",
  "clip_name": "test_target_3s",
  "file_path": "D:\\Vit_DAW\\test_target_3s.wav",
  "start_time": 0.0,
  
ZmqGateway: received command payload: {"action":"play"}
ZmqGateway: dispatching payload to JUCE message thread.
VitHeadlessService: processing queued command on JUCE message thread: {"action":"play"}
Command received: {"action":"play"}
CommandDispatcher::handlePlay: before isPlaying=false isRecording=false playContextActive=true positionSeconds=0.000 editLengthSeconds=3.000
CommandDispatcher::handlePlay: after isPlaying=true isRecording=false playContextActive=true positionSeconds=0.000 editLengthSeconds=3.000
Command executed: play, result: {
  "status": "ok",
  "message": "Transport playing",
  "is_playing": true,
  "is_recording": false,
  "position_seconds": 0.0,
  "click_track_enabled": false
}
VitHeadlessService: command reply (truncated): {
  "status": "ok",
  "message": "Transport playing",
  "is_playing": true,
  "is_recording": false,
  "position_seconds": 0.0,
  "click_track_enabled": false
}
ZmqGateway: received command payload: {"action":"return_to_zero"}
ZmqGateway: dispatching payload to JUCE message thread.
VitHeadlessService: processing queued command on JUCE message thread: {"action":"return_to_zero"}
Command received: {"action":"return_to_zero"}
CommandDispatcher::handleReturnToZero: before isPlaying=true isRecording=false playContextActive=true positionSeconds=1.526 editLengthSeconds=3.000
CommandDispatcher::handleReturnToZero: after isPlaying=false isRecording=false playContextActive=true positionSeconds=0.000 editLengthSeconds=3.000
Command executed: return_to_zero, result: {
  "status": "ok",
  "message": "Transport returned to zero",
  "is_playing": false,
  "is_recording": false,
  "position_seconds": 0.0,
  "click_track_enabled": false
}
VitHeadlessService: command reply (truncated): {
  "status": "ok",
  "message": "Transport returned to zero",
  "is_playing": false,
  "is_recording": false,
  "position_seconds": 0.0,
  "click_track_enabled": false
}
ZmqGateway: received command payload: {"action":"return_to_zero"}
ZmqGateway: dispatching payload to JUCE message thread.
VitHeadlessService: processing queued command on JUCE message thread: {"action":"return_to_zero"}
Command received: {"action":"return_to_zero"}
CommandDispatcher::handleReturnToZero: before isPlaying=false isRecording=false playContextActive=true positionSeconds=0.000 editLengthSeconds=3.000
CommandDispatcher::handleReturnToZero: after isPlaying=false isRecording=false playContextActive=true positionSeconds=0.000 editLengthSeconds=3.000
Command executed: return_to_zero, result: {
  "status": "ok",
  "message": "Transport returned to zero",
  "is_playing": false,
  "is_recording": false,
  "position_seconds": 0.0,
  "click_track_enabled": false
}
VitHeadlessService: command reply (truncated): {
  "status": "ok",
  "message": "Transport returned to zero",
  "is_playing": false,
  "is_recording": false,
  "position_seconds": 0.0,
  "click_track_enabled": false
}
ZmqGateway: received command payload: {"cmd":"show_plugin_editor","plugin_path":"C:/Program Files/Common Files/VST3/TDR Nova.vst3","track_index":1}
ZmqGateway: dispatching payload to JUCE message thread.
VitHeadlessService: processing queued command on JUCE message thread: {"cmd":"show_plugin_editor","plugin_path":"C:/Program Files/Common Files/VST3/TDR Nova.vst3","track_index":1}
Command received: {"cmd":"show_plugin_editor","plugin_path":"C:/Program Files/Common Files/VST3/TDR Nova.vst3","track_index":1}
Command executed: show_plugin_editor, result: {
  "status": "ok",
  "message": "Plugin editor requested",
  "plugin_name": "TDR Nova"
}
VitHeadlessService: command reply (truncated): {
  "status": "ok",
  "message": "Plugin editor requested",
  "plugin_name": "TDR Nova"
}
ZmqGateway: received command payload: {"action":"play"}
ZmqGateway: dispatching payload to JUCE message thread.
VitHeadlessService: processing queued command on JUCE message thread: {"action":"play"}
Command received: {"action":"play"}
CommandDispatcher::handlePlay: before isPlaying=false isRecording=false playContextActive=true positionSeconds=0.000 editLengthSeconds=3.000
CommandDispatcher::handlePlay: after isPlaying=true isRecording=false playContextActive=true positionSeconds=0.000 editLengthSeconds=3.000
Command executed: play, result: {
  "status": "ok",
  "message": "Transport playing",
  "is_playing": true,
  "is_recording": false,
  "position_seconds": 0.0,
  "click_track_enabled": false
}
VitHeadlessService: command reply (truncated): {
  "status": "ok",
  "message": "Transport playing",
  "is_playing": true,
  "is_recording": false,
  "position_seconds": 0.0,
  "click_track_enabled": false
}
ZmqGateway: received command payload: {"action":"return_to_zero"}
ZmqGateway: dispatching payload to JUCE message thread.
VitHeadlessService: processing queued command on JUCE message thread: {"action":"return_to_zero"}
Command received: {"action":"return_to_zero"}
CommandDispatcher::handleReturnToZero: before isPlaying=true isRecording=false playContextActive=true positionSeconds=8.946 editLengthSeconds=3.000
CommandDispatcher::handleReturnToZero: after isPlaying=false isRecording=false playContextActive=true positionSeconds=0.000 editLengthSeconds=3.000
Command executed: return_to_zero, result: {
  "status": "ok",
  "message": "Transport returned to zero",
  "is_playing": false,
  "is_recording": false,
  "position_seconds": 0.0,
  "click_track_enabled": false
}
VitHeadlessService: command reply (truncated): {
  "status": "ok",
  "message": "Transport returned to zero",
  "is_playing": false,
  "is_recording": false,
  "position_seconds": 0.0,
  "click_track_enabled": false
}
ZmqGateway: received command payload: {"action":"stop"}
ZmqGateway: dispatching payload to JUCE message thread.
VitHeadlessService: processing queued command on JUCE message thread: {"action":"stop"}
Command received: {"action":"stop"}
CommandDispatcher::handleStop: before isPlaying=false isRecording=false playContextActive=true positionSeconds=0.000 editLengthSeconds=3.000
CommandDispatcher::handleStop: after isPlaying=false isRecording=false playContextActive=true positionSeconds=0.000 editLengthSeconds=3.000
Command executed: stop, result: {
  "status": "ok",
  "message": "Transport stopped",
  "is_playing": false,
  "is_recording": false,
  "position_seconds": 0.0,
  "click_track_enabled": false
}
VitHeadlessService: command reply (truncated): {
  "status": "ok",
  "message": "Transport stopped",
  "is_playing": false,
  "is_recording": false,
  "position_seconds": 0.0,
  "click_track_enabled": false
}
ZmqGateway: received command payload: {"action":"return_to_zero"}
ZmqGateway: dispatching payload to JUCE message thread.
VitHeadlessService: processing queued command on JUCE message thread: {"action":"return_to_zero"}
Command received: {"action":"return_to_zero"}
CommandDispatcher::handleReturnToZero: before isPlaying=false isRecording=false playContextActive=true positionSeconds=0.000 editLengthSeconds=3.000
CommandDispatcher::handleReturnToZero: after isPlaying=false isRecording=false playContextActive=true positionSeconds=0.000 editLengthSeconds=3.000
Command executed: return_to_zero, result: {
  "status": "ok",
  "message": "Transport returned to zero",
  "is_playing": false,
  "is_recording": false,
  "position_seconds": 0.0,
  "click_track_enabled": false
}
VitHeadlessService: command reply (truncated): {
  "status": "ok",
  "message": "Transport returned to zero",
  "is_playing": false,
  "is_recording": false,
  "position_seconds": 0.0,
  "click_track_enabled": false
}
ZmqGateway: received command payload: {"action":"return_to_zero"}
ZmqGateway: dispatching payload to JUCE message thread.
VitHeadlessService: processing queued command on JUCE message thread: {"action":"return_to_zero"}
Command received: {"action":"return_to_zero"}
CommandDispatcher::handleReturnToZero: before isPlaying=false isRecording=false playContextActive=true positionSeconds=0.000 editLengthSeconds=3.000
CommandDispatcher::handleReturnToZero: after isPlaying=false isRecording=false playContextActive=true positionSeconds=0.000 editLengthSeconds=3.000
Command executed: return_to_zero, result: {
  "status": "ok",
  "message": "Transport returned to zero",
  "is_playing": false,
  "is_recording": false,
  "position_seconds": 0.0,
  "click_track_enabled": false
}
VitHeadlessService: command reply (truncated): {
  "status": "ok",
  "message": "Transport returned to zero",
  "is_playing": false,
  "is_recording": false,
  "position_seconds": 0.0,
  "click_track_enabled": false
}
ZmqGateway: received command payload: {"action":"play"}
ZmqGateway: dispatching payload to JUCE message thread.
VitHeadlessService: processing queued command on JUCE message thread: {"action":"play"}
Command received: {"action":"play"}
CommandDispatcher::handlePlay: before isPlaying=false isRecording=false playContextActive=true positionSeconds=0.000 editLengthSeconds=3.000
CommandDispatcher::handlePlay: after isPlaying=true isRecording=false playContextActive=true positionSeconds=0.000 editLengthSeconds=3.000
Command executed: play, result: {
  "status": "ok",
  "message": "Transport playing",
  "is_playing": true,
  "is_recording": false,
  "position_seconds": 0.0,
  "click_track_enabled": false
}
VitHeadlessService: command reply (truncated): {
  "status": "ok",
  "message": "Transport playing",
  "is_playing": true,
  "is_recording": false,
  "position_seconds": 0.0,
  "click_track_enabled": false
}
ZmqGateway: received command payload: {"action":"stop"}
ZmqGateway: dispatching payload to JUCE message thread.
VitHeadlessService: processing queued command on JUCE message thread: {"action":"stop"}
Command received: {"action":"stop"}
CommandDispatcher::handleStop: before isPlaying=true isRecording=false playContextActive=true positionSeconds=0.936 editLengthSeconds=3.000
CommandDispatcher::handleStop: after isPlaying=false isRecording=false playContextActive=true positionSeconds=0.936 editLengthSeconds=3.000
Command executed: stop, result: {
  "status": "ok",
  "message": "Transport stopped",
  "is_playing": false,
  "is_recording": false,
  "position_seconds": 0.936166666666667,
  "click_track_enabled": false
}
VitHeadlessService: command reply (truncated): {
  "status": "ok",
  "message": "Transport stopped",
  "is_playing": false,
  "is_recording": false,
  "position_seconds": 0.936166666666667,
  "click_track_enabled": false
}
ZmqGateway: received command payload: {"action":"return_to_zero"}
ZmqGateway: dispatching payload to JUCE message thread.
VitHeadlessService: processing queued command on JUCE message thread: {"action":"return_to_zero"}
Command received: {"action":"return_to_zero"}
CommandDispatcher::handleReturnToZero: before isPlaying=false isRecording=false playContextActive=true positionSeconds=0.940 editLengthSeconds=3.000
CommandDispatcher::handleReturnToZero: after isPlaying=false isRecording=false playContextActive=true positionSeconds=0.000 editLengthSeconds=3.000
Command executed: return_to_zero, result: {
  "status": "ok",
  "message": "Transport returned to zero",
  "is_playing": false,
  "is_recording": false,
  "position_seconds": 0.0,
  "click_track_enabled": false
}
VitHeadlessService: command reply (truncated): {
  "status": "ok",
  "message": "Transport returned to zero",
  "is_playing": false,
  "is_recording": false,
  "position_seconds": 0.0,
  "click_track_enabled": false
}
ZmqGateway: received command payload: {"action":"return_to_zero"}
ZmqGateway: dispatching payload to JUCE message thread.
VitHeadlessService: processing queued command on JUCE message thread: {"action":"return_to_zero"}
Command received: {"action":"return_to_zero"}
CommandDispatcher::handleReturnToZero: before isPlaying=false isRecording=false playContextActive=true positionSeconds=0.000 editLengthSeconds=3.000
CommandDispatcher::handleReturnToZero: after isPlaying=false isRecording=false playContextActive=true positionSeconds=0.000 editLengthSeconds=3.000
Command executed: return_to_zero, result: {
  "status": "ok",
  "message": "Transport returned to zero",
  "is_playing": false,
  "is_recording": false,
  "position_seconds": 0.0,
  "click_track_enabled": false
}
VitHeadlessService: command reply (truncated): {
  "status": "ok",
  "message": "Transport returned to zero",
  "is_playing": false,
  "is_recording": false,
  "position_seconds": 0.0,
  "click_track_enabled": false
}
ZmqGateway: received command payload: {"cmd":"show_plugin_editor","plugin_path":"C:/Program Files/Common Files/VST3/SPAN.vst3","track_index":1}
ZmqGateway: dispatching payload to JUCE message thread.
VitHeadlessService: processing queued command on JUCE message thread: {"cmd":"show_plugin_editor","plugin_path":"C:/Program Files/Common Files/VST3/SPAN.vst3","track_index":1}
Command received: {"cmd":"show_plugin_editor","plugin_path":"C:/Program Files/Common Files/VST3/SPAN.vst3","track_index":1}
Command executed: show_plugin_editor, result: {
  "status": "ok",
  "message": "Plugin editor requested",
  "plugin_name": "SPAN"
}
VitHeadlessService: command reply (truncated): {
  "status": "ok",
  "message": "Plugin editor requested",
  "plugin_name": "SPAN"
}
ZmqGateway: received command payload: {"action":"play"}
ZmqGateway: dispatching payload to JUCE message thread.
VitHeadlessService: processing queued command on JUCE message thread: {"action":"play"}
Command received: {"action":"play"}
CommandDispatcher::handlePlay: before isPlaying=false isRecording=false playContextActive=true positionSeconds=0.000 editLengthSeconds=3.000
CommandDispatcher::handlePlay: after isPlaying=true isRecording=false playContextActive=true positionSeconds=0.000 editLengthSeconds=3.000
Command executed: play, result: {
  "status": "ok",
  "message": "Transport playing",
  "is_playing": true,
  "is_recording": false,
  "position_seconds": 0.0,
  "click_track_enabled": false
}
VitHeadlessService: command reply (truncated): {
  "status": "ok",
  "message": "Transport playing",
  "is_playing": true,
  "is_recording": false,
  "position_seconds": 0.0,
  "click_track_enabled": false
}
