
**********************************************************
VitHeadlessServer session log
Log started: 11 Apr 2026 4:24:08pm

VitHeadlessServer: application startup.
Settings file: D:\Vit_DAW\VitApp\Workspace\Settings\Settings.xml
Audio block size: 480  Rate: 48000
Creating Default Controllers...
VitEngineDevice: initialising Tracktion Engine device manager.
Audio block size: 480  Rate: 48000
Rebuilding Wave Device List...
Wave In: Input 1 (enabled): 0 (L)
Wave In: Input 2 (enabled): 1 (L)
Wave Out: Output 1 + 2 (enabled): 0 (L), 1 (R)
Default Wave Out: Output 1 + 2
Default MIDI Out: 
Default Wave In: Input 1
Default MIDI In: 
VitEngineDevice: audio IO ready for playback graph: "扬声器 (2- USB AUDIO  CODEC)" 48000.00 Hz, block 480 samples
VitEngineDevice: audio setup outputDevice="扬声器 (2- USB AUDIO  CODEC)" inputDevice="麦克风 (Sonic Studio Virtual Mixer)" sampleRate=48000.00 bufferSize=480 inputChannels=11 outputChannels=11
VitEngineDevice: current audio device name="扬声器 (2- USB AUDIO  CODEC)" type="Windows Audio" activeOutputChannels=Output channel 1, Output channel 2" activeInputChannels=Input channel 1, Input channel 2"
VitHeadlessService: edit loaded from D:\Vit_DAW\VitApp\Workspace\default_project.xml
VitEngineDevice: audio IO ready for playback graph: "扬声器 (2- USB AUDIO  CODEC)" 48000.00 Hz, block 480 samples
VitHeadlessService: project reload complete.
ZmqGateway: bound command endpoint to tcp://127.0.0.1:5555
ZmqGateway: bound publish endpoint to tcp://127.0.0.1:5556
ZmqGateway: bound log endpoint to tcp://127.0.0.1:5557
ZmqGateway: started network thread.
VitHeadlessService: service started successfully.
VitHeadlessServer: startup complete, entering background message loop.
MIDI Input devices scanned in: 0
Updating MIDI I/O devices
Found MIDI in: all_midi_in ("All MIDI Ins") (enabled)
Found MIDI out: out_81b0d7ef ("Microsoft GS Wavetable Synth") (enabled)
opening MIDI out device: out_81b0d7ef (Microsoft GS Wavetable Synth)
ZmqGateway: received command payload: {"cmd":"ping"}
ZmqGateway: dispatching payload to JUCE message thread.
VitHeadlessService: processing queued command on JUCE message thread: {"cmd":"ping"}
Command received: {"cmd":"ping"}
CommandDispatcher: handled ping command.
Command executed: ping, result: {
  "status": "ok",
  "message": "pong"
}
VitHeadlessService: command reply (truncated): {
  "status": "ok",
  "message": "pong"
}
ZmqGateway: received command payload: {"clip_id":"7012","cmd":"resize_clip","command":"resize_clip","new_length":13.75,"new_start":0.0,"offset_in_source":0.0,"time_unit":"beats","track_id":"1007","track_index":0}
ZmqGateway: dispatching payload to JUCE message thread.
VitHeadlessService: processing queued command on JUCE message thread: {"clip_id":"7012","cmd":"resize_clip","command":"resize_clip","new_length":13.75,"new_start":0.0,"offset_in_source":0.0,"time_unit":"beats","track_id":"1007","track_index":0}
Command received: {"clip_id":"7012","cmd":"resize_clip","command":"resize_clip","new_length":13.75,"new_start":0.0,"offset_in_source":0.0,"time_unit":"beats","track_id":"1007","track_index":0}
Command executed: resize_clip, result: {
  "status": "error",
  "message": "resize_clip clip not found for clip_id: 7012"
}
VitHeadlessService: command reply (truncated): {
  "status": "error",
  "message": "resize_clip clip not found for clip_id: 7012"
}
ZmqGateway: received command payload: {"clip_id":"7012","cmd":"add_midi_notes","command":"add_midi_notes","notes":[{"id":"note_3651","length":1.0,"pitch":122,"start":5.25,"state":"solid","velocity":100}],"time_unit":"beats","track_id":"1007","track_index":0}
ZmqGateway: dispatching payload to JUCE message thread.
VitHeadlessService: processing queued command on JUCE message thread: {"clip_id":"7012","cmd":"add_midi_notes","command":"add_midi_notes","notes":[{"id":"note_3651","length":1.0,"pitch":122,"start":5.25,"state":"solid","velocity":100}],"time_unit":"beats","track_id":"1007","track_index":0}
Command received: {"clip_id":"7012","cmd":"add_midi_notes","command":"add_midi_notes","notes":[{"id":"note_3651","length":1.0,"pitch":122,"start":5.25,"state":"solid","velocity":100}],"time_unit":"beats","track_id":"1007","track_index":0}
Command executed: add_midi_notes, result: {
  "status": "error",
  "message": "add_midi_notes clip not found for clip_id: 7012"
}
VitHeadlessService: command reply (truncated): {
  "status": "error",
  "message": "add_midi_notes clip not found for clip_id: 7012"
}
ZmqGateway: received command payload: {"clip_id":"7012","cmd":"add_midi_notes","command":"add_midi_notes","notes":[{"id":"note_6033","length":1.0,"pitch":119,"start":8.0,"state":"solid","velocity":100}],"time_unit":"beats","track_id":"1007","track_index":0}
ZmqGateway: dispatching payload to JUCE message thread.
VitHeadlessService: processing queued command on JUCE message thread: {"clip_id":"7012","cmd":"add_midi_notes","command":"add_midi_notes","notes":[{"id":"note_6033","length":1.0,"pitch":119,"start":8.0,"state":"solid","velocity":100}],"time_unit":"beats","track_id":"1007","track_index":0}
Command received: {"clip_id":"7012","cmd":"add_midi_notes","command":"add_midi_notes","notes":[{"id":"note_6033","length":1.0,"pitch":119,"start":8.0,"state":"solid","velocity":100}],"time_unit":"beats","track_id":"1007","track_index":0}
Command executed: add_midi_notes, result: {
  "status": "error",
  "message": "add_midi_notes clip not found for clip_id: 7012"
}
VitHeadlessService: command reply (truncated): {
  "status": "error",
  "message": "add_midi_notes clip not found for clip_id: 7012"
}
ZmqGateway: received command payload: {"clip_id":"7012","cmd":"mutate_midi_notes","command":"mutate_midi_notes","notes":[{"id":"note_6033","length":1.0,"pitch":119,"start":8.25,"velocity":100}],"time_unit":"beats","track_id":"1007","track_index":0}
ZmqGateway: dispatching payload to JUCE message thread.
VitHeadlessService: processing queued command on JUCE message thread: {"clip_id":"7012","cmd":"mutate_midi_notes","command":"mutate_midi_notes","notes":[{"id":"note_6033","length":1.0,"pitch":119,"start":8.25,"velocity":100}],"time_unit":"beats","track_id":"1007","track_index":0}
Command received: {"clip_id":"7012","cmd":"mutate_midi_notes","command":"mutate_midi_notes","notes":[{"id":"note_6033","length":1.0,"pitch":119,"start":8.25,"velocity":100}],"time_unit":"beats","track_id":"1007","track_index":0}
Command executed: mutate_midi_notes, result: {
  "status": "error",
  "message": "mutate_midi_notes clip not found for clip_id: 7012"
}
VitHeadlessService: command reply (truncated): {
  "status": "error",
  "message": "mutate_midi_notes clip not found for clip_id: 7012"
}
ZmqGateway: received command payload: {"clip_id":"7012","cmd":"mutate_midi_notes","command":"mutate_midi_notes","notes":[{"id":"note_6033","length":2.0,"pitch":119,"start":8.25,"velocity":100}],"time_unit":"beats","track_id":"1007","track_index":0}
ZmqGateway: dispatching payload to JUCE message thread.
VitHeadlessService: processing queued command on JUCE message thread: {"clip_id":"7012","cmd":"mutate_midi_notes","command":"mutate_midi_notes","notes":[{"id":"note_6033","length":2.0,"pitch":119,"start":8.25,"velocity":100}],"time_unit":"beats","track_id":"1007","track_index":0}
Command received: {"clip_id":"7012","cmd":"mutate_midi_notes","command":"mutate_midi_notes","notes":[{"id":"note_6033","length":2.0,"pitch":119,"start":8.25,"velocity":100}],"time_unit":"beats","track_id":"1007","track_index":0}
Command executed: mutate_midi_notes, result: {
  "status": "error",
  "message": "mutate_midi_notes clip not found for clip_id: 7012"
}
VitHeadlessService: command reply (truncated): {
  "status": "error",
  "message": "mutate_midi_notes clip not found for clip_id: 7012"
}
ZmqGateway: received command payload: {"clip_id":"7012","cmd":"delete_midi_notes","command":"delete_midi_notes","note_ids":["note_6033"],"track_id":"1007","track_index":0}
ZmqGateway: dispatching payload to JUCE message thread.
VitHeadlessService: processing queued command on JUCE message thread: {"clip_id":"7012","cmd":"delete_midi_notes","command":"delete_midi_notes","note_ids":["note_6033"],"track_id":"1007","track_index":0}
Command received: {"clip_id":"7012","cmd":"delete_midi_notes","command":"delete_midi_notes","note_ids":["note_6033"],"track_id":"1007","track_index":0}
Command executed: delete_midi_notes, result: {
  "status": "error",
  "message": "delete_midi_notes clip not found for clip_id: 7012"
}
VitHeadlessService: command reply (truncated): {
  "status": "error",
  "message": "delete_midi_notes clip not found for clip_id: 7012"
}
ZmqGateway: received command payload: {"clip_id":"7012","cmd":"mutate_midi_notes","command":"mutate_midi_notes","notes":[{"id":"note_3651","velocity":59}],"time_unit":"beats","track_id":"1007","track_index":0}
ZmqGateway: dispatching payload to JUCE message thread.
VitHeadlessService: processing queued command on JUCE message thread: {"clip_id":"7012","cmd":"mutate_midi_notes","command":"mutate_midi_notes","notes":[{"id":"note_3651","velocity":59}],"time_unit":"beats","track_id":"1007","track_index":0}
Command received: {"clip_id":"7012","cmd":"mutate_midi_notes","command":"mutate_midi_notes","notes":[{"id":"note_3651","velocity":59}],"time_unit":"beats","track_id":"1007","track_index":0}
Command executed: mutate_midi_notes, result: {
  "status": "error",
  "message": "mutate_midi_notes clip not found for clip_id: 7012"
}
VitHeadlessService: command reply (truncated): {
  "status": "error",
  "message": "mutate_midi_notes clip not found for clip_id: 7012"
}
ZmqGateway: received command payload: {"cmd":"ping"}
ZmqGateway: dispatching payload to JUCE message thread.
VitHeadlessService: processing queued command on JUCE message thread: {"cmd":"ping"}
Command received: {"cmd":"ping"}
CommandDispatcher: handled ping command.
Command executed: ping, result: {
  "status": "ok",
  "message": "pong"
}
VitHeadlessService: command reply (truncated): {
  "status": "ok",
  "message": "pong"
}
ZmqGateway: received command payload: {"cmd":"get_project_state"}
ZmqGateway: dispatching payload to JUCE message thread.
VitHeadlessService: processing queued command on JUCE message thread: {"cmd":"get_project_state"}
Command received: {"cmd":"get_project_state"}
Command executed: get_project_state, result: {
  "status": "ok",
  "project_path": "",
  "tracks": [
    {
      "track_id": "1002",
      "track_name": "Arranger",
      "track_type": "track",
      "is_audio_track": false,
      "is_audio": false,
      "plugins": [],
      "clips": []
    },
    {
      "track_id": "1003",
      "track_name": "Chord",
      "track_type": "track",
      "is_audio_track": false,
      "is_audio": false,
      "plugins": [],
      "clips": []
    },
    {
      "track_id": "1004",
      "track_name": "Marker",
      "track_type": "track",
      "is_audio_track": false,
      "is_audio": false,
      "plugins": [],
      "clips": []
    },
    {
      "track_id": "1005",
      "track_name": "Tempo",
      "track_type": "track",
      "is_audio_track": false,
      "is_audio": false,
      "plugins": [],
      "clips": []
    },
    {
      "track_id": "1006",
      "track_name": "Master",
      "track_type": "master",
      "is_audio_track": false,
      "is_audio": false,
      "plugins": [],
      "clips": []
    },
    {
      "track_id": "1007",
      "track_name": "Track 1",
      "track_type": "hybrid",
      "is_audio_track": true,
      "is_audio": true,
      "plugins": [
        {
          "id": "1008",
          "item_id": "1008",
          "name": "Volume & Pan Plugin",
          "type": "volume",
          "enabled": true
        },
        {
          "id": "1009",
          "item_id": "1009",
          "name": "Level Meter",
          "type": "level",
          "enabled": true
        }
      ],
      "clips": [],
      "output_to_device_resolved": true,
      "output_device_enabled": true,
      "output_device_id": "out_b7a4b4c1",
      "output_routing_name": "(default audio output)"
    }
  ]
}
VitHeadlessService: command reply (truncated): {
  "status": "ok",
  "project_path": "",
  "tracks": [
    {
      "track_id": "1002",
      "track_name": "Arranger",
      "track_type": "track",
      "is_audio_track": false,
      "is_audio": false,
     
ZmqGateway: received command payload: {"clip_id":"7012","cmd":"add_midi_notes","command":"add_midi_notes","notes":[{"id":"note_1568","length":1.0,"pitch":124,"start":2.75,"state":"solid","velocity":100}],"time_unit":"beats","track_id":"1007","track_index":0}
ZmqGateway: dispatching payload to JUCE message thread.
VitHeadlessService: processing queued command on JUCE message thread: {"clip_id":"7012","cmd":"add_midi_notes","command":"add_midi_notes","notes":[{"id":"note_1568","length":1.0,"pitch":124,"start":2.75,"state":"solid","velocity":100}],"time_unit":"beats","track_id":"1007","track_index":0}
Command received: {"clip_id":"7012","cmd":"add_midi_notes","command":"add_midi_notes","notes":[{"id":"note_1568","length":1.0,"pitch":124,"start":2.75,"state":"solid","velocity":100}],"time_unit":"beats","track_id":"1007","track_index":0}
Command executed: add_midi_notes, result: {
  "status": "error",
  "message": "add_midi_notes clip not found for clip_id: 7012"
}
VitHeadlessService: command reply (truncated): {
  "status": "error",
  "message": "add_midi_notes clip not found for clip_id: 7012"
}
ZmqGateway: received command payload: {"clip_id":"7012","cmd":"resize_clip","command":"resize_clip","new_length":9.75,"new_start":0.0,"offset_in_source":0.0,"time_unit":"beats","track_id":"1007","track_index":0}
ZmqGateway: dispatching payload to JUCE message thread.
VitHeadlessService: processing queued command on JUCE message thread: {"clip_id":"7012","cmd":"resize_clip","command":"resize_clip","new_length":9.75,"new_start":0.0,"offset_in_source":0.0,"time_unit":"beats","track_id":"1007","track_index":0}
Command received: {"clip_id":"7012","cmd":"resize_clip","command":"resize_clip","new_length":9.75,"new_start":0.0,"offset_in_source":0.0,"time_unit":"beats","track_id":"1007","track_index":0}
Command executed: resize_clip, result: {
  "status": "error",
  "message": "resize_clip clip not found for clip_id: 7012"
}
VitHeadlessService: command reply (truncated): {
  "status": "error",
  "message": "resize_clip clip not found for clip_id: 7012"
}
ZmqGateway: received command payload: {"clip_id":"7012","cmd":"mutate_midi_notes","command":"mutate_midi_notes","notes":[{"id":"note_1568","length":1.0,"pitch":124,"start":2.75,"velocity":100}],"time_unit":"beats","track_id":"1007","track_index":0}
ZmqGateway: dispatching payload to JUCE message thread.
VitHeadlessService: processing queued command on JUCE message thread: {"clip_id":"7012","cmd":"mutate_midi_notes","command":"mutate_midi_notes","notes":[{"id":"note_1568","length":1.0,"pitch":124,"start":2.75,"velocity":100}],"time_unit":"beats","track_id":"1007","track_index":0}
Command received: {"clip_id":"7012","cmd":"mutate_midi_notes","command":"mutate_midi_notes","notes":[{"id":"note_1568","length":1.0,"pitch":124,"start":2.75,"velocity":100}],"time_unit":"beats","track_id":"1007","track_index":0}
Command executed: mutate_midi_notes, result: {
  "status": "error",
  "message": "mutate_midi_notes clip not found for clip_id: 7012"
}
VitHeadlessService: command reply (truncated): {
  "status": "error",
  "message": "mutate_midi_notes clip not found for clip_id: 7012"
}
ZmqGateway: received command payload: {"clip_id":"7012","cmd":"mutate_midi_notes","command":"mutate_midi_notes","notes":[{"id":"note_1568","length":1.5,"pitch":124,"start":2.75,"velocity":100}],"time_unit":"beats","track_id":"1007","track_index":0}
ZmqGateway: dispatching payload to JUCE message thread.
VitHeadlessService: processing queued command on JUCE message thread: {"clip_id":"7012","cmd":"mutate_midi_notes","command":"mutate_midi_notes","notes":[{"id":"note_1568","length":1.5,"pitch":124,"start":2.75,"velocity":100}],"time_unit":"beats","track_id":"1007","track_index":0}
Command received: {"clip_id":"7012","cmd":"mutate_midi_notes","command":"mutate_midi_notes","notes":[{"id":"note_1568","length":1.5,"pitch":124,"start":2.75,"velocity":100}],"time_unit":"beats","track_id":"1007","track_index":0}
Command executed: mutate_midi_notes, result: {
  "status": "error",
  "message": "mutate_midi_notes clip not found for clip_id: 7012"
}
VitHeadlessService: command reply (truncated): {
  "status": "error",
  "message": "mutate_midi_notes clip not found for clip_id: 7012"
}
ZmqGateway: received command payload: {"clip_id":"7012","cmd":"add_midi_notes","command":"add_midi_notes","notes":[{"id":"note_9009","length":1.0,"pitch":113,"start":7.5,"state":"solid","velocity":100}],"time_unit":"beats","track_id":"1007","track_index":0}
ZmqGateway: dispatching payload to JUCE message thread.
VitHeadlessService: processing queued command on JUCE message thread: {"clip_id":"7012","cmd":"add_midi_notes","command":"add_midi_notes","notes":[{"id":"note_9009","length":1.0,"pitch":113,"start":7.5,"state":"solid","velocity":100}],"time_unit":"beats","track_id":"1007","track_index":0}
Command received: {"clip_id":"7012","cmd":"add_midi_notes","command":"add_midi_notes","notes":[{"id":"note_9009","length":1.0,"pitch":113,"start":7.5,"state":"solid","velocity":100}],"time_unit":"beats","track_id":"1007","track_index":0}
Command executed: add_midi_notes, result: {
  "status": "error",
  "message": "add_midi_notes clip not found for clip_id: 7012"
}
VitHeadlessService: command reply (truncated): {
  "status": "error",
  "message": "add_midi_notes clip not found for clip_id: 7012"
}
ZmqGateway: received command payload: {"clip_id":"7012","cmd":"add_midi_notes","command":"add_midi_notes","notes":[{"id":"note_9821","length":1.0,"pitch":117,"start":6.5,"state":"solid","velocity":100}],"time_unit":"beats","track_id":"1007","track_index":0}
ZmqGateway: dispatching payload to JUCE message thread.
VitHeadlessService: processing queued command on JUCE message thread: {"clip_id":"7012","cmd":"add_midi_notes","command":"add_midi_notes","notes":[{"id":"note_9821","length":1.0,"pitch":117,"start":6.5,"state":"solid","velocity":100}],"time_unit":"beats","track_id":"1007","track_index":0}
Command received: {"clip_id":"7012","cmd":"add_midi_notes","command":"add_midi_notes","notes":[{"id":"note_9821","length":1.0,"pitch":117,"start":6.5,"state":"solid","velocity":100}],"time_unit":"beats","track_id":"1007","track_index":0}
Command executed: add_midi_notes, result: {
  "status": "error",
  "message": "add_midi_notes clip not found for clip_id: 7012"
}
VitHeadlessService: command reply (truncated): {
  "status": "error",
  "message": "add_midi_notes clip not found for clip_id: 7012"
}
ZmqGateway: received command payload: {"clip_id":"7012","cmd":"add_midi_notes","command":"add_midi_notes","notes":[{"id":"note_10716","length":1.0,"pitch":113,"start":5.25,"state":"solid","velocity":100}],"time_unit":"beats","track_id":"1007","track_index":0}
ZmqGateway: dispatching payload to JUCE message thread.
VitHeadlessService: processing queued command on JUCE message thread: {"clip_id":"7012","cmd":"add_midi_notes","command":"add_midi_notes","notes":[{"id":"note_10716","length":1.0,"pitch":113,"start":5.25,"state":"solid","velocity":100}],"time_unit":"beats","track_id":"1007","track_index":0}
Command received: {"clip_id":"7012","cmd":"add_midi_notes","command":"add_midi_notes","notes":[{"id":"note_10716","length":1.0,"pitch":113,"start":5.25,"state":"solid","velocity":100}],"time_unit":"beats","track_id":"1007","track_index":0}
Command executed: add_midi_notes, result: {
  "status": "error",
  "message": "add_midi_notes clip not found for clip_id: 7012"
}
VitHeadlessService: command reply (truncated): {
  "status": "error",
  "message": "add_midi_notes clip not found for clip_id: 7012"
}
ZmqGateway: received command payload: {"clip_id":"7012","cmd":"add_midi_notes","command":"add_midi_notes","notes":[{"id":"note_11386","length":1.0,"pitch":113,"start":6.75,"state":"solid","velocity":100}],"time_unit":"beats","track_id":"1007","track_index":0}
ZmqGateway: dispatching payload to JUCE message thread.
VitHeadlessService: processing queued command on JUCE message thread: {"clip_id":"7012","cmd":"add_midi_notes","command":"add_midi_notes","notes":[{"id":"note_11386","length":1.0,"pitch":113,"start":6.75,"state":"solid","velocity":100}],"time_unit":"beats","track_id":"1007","track_index":0}
Command received: {"clip_id":"7012","cmd":"add_midi_notes","command":"add_midi_notes","notes":[{"id":"note_11386","length":1.0,"pitch":113,"start":6.75,"state":"solid","velocity":100}],"time_unit":"beats","track_id":"1007","track_index":0}
Command executed: add_midi_notes, result: {
  "status": "error",
  "message": "add_midi_notes clip not found for clip_id: 7012"
}
VitHeadlessService: command reply (truncated): {
  "status": "error",
  "message": "add_midi_notes clip not found for clip_id: 7012"
}
ZmqGateway: received command payload: {"clip_id":"7012","cmd":"mutate_midi_notes","command":"mutate_midi_notes","notes":[{"id":"note_10716","velocity":84}],"time_unit":"beats","track_id":"1007","track_index":0}
ZmqGateway: dispatching payload to JUCE message thread.
VitHeadlessService: processing queued command on JUCE message thread: {"clip_id":"7012","cmd":"mutate_midi_notes","command":"mutate_midi_notes","notes":[{"id":"note_10716","velocity":84}],"time_unit":"beats","track_id":"1007","track_index":0}
Command received: {"clip_id":"7012","cmd":"mutate_midi_notes","command":"mutate_midi_notes","notes":[{"id":"note_10716","velocity":84}],"time_unit":"beats","track_id":"1007","track_index":0}
Command executed: mutate_midi_notes, result: {
  "status": "error",
  "message": "mutate_midi_notes clip not found for clip_id: 7012"
}
VitHeadlessService: command reply (truncated): {
  "status": "error",
  "message": "mutate_midi_notes clip not found for clip_id: 7012"
}
ZmqGateway: received command payload: {"clip_id":"7012","cmd":"mutate_midi_notes","command":"mutate_midi_notes","notes":[{"id":"note_9821","velocity":98},{"id":"note_11386","velocity":98}],"time_unit":"beats","track_id":"1007","track_index":0}
ZmqGateway: dispatching payload to JUCE message thread.
VitHeadlessService: processing queued command on JUCE message thread: {"clip_id":"7012","cmd":"mutate_midi_notes","command":"mutate_midi_notes","notes":[{"id":"note_9821","velocity":98},{"id":"note_11386","velocity":98}],"time_unit":"beats","track_id":"1007","track_index":0}
Command received: {"clip_id":"7012","cmd":"mutate_midi_notes","command":"mutate_midi_notes","notes":[{"id":"note_9821","velocity":98},{"id":"note_11386","velocity":98}],"time_unit":"beats","track_id":"1007","track_index":0}
Command executed: mutate_midi_notes, result: {
  "status": "error",
  "message": "mutate_midi_notes clip not found for clip_id: 7012"
}
VitHeadlessService: command reply (truncated): {
  "status": "error",
  "message": "mutate_midi_notes clip not found for clip_id: 7012"
}
ZmqGateway: received command payload: {"clip_id":"7012","cmd":"mutate_midi_notes","command":"mutate_midi_notes","notes":[{"id":"note_9009","velocity":88}],"time_unit":"beats","track_id":"1007","track_index":0}
ZmqGateway: dispatching payload to JUCE message thread.
VitHeadlessService: processing queued command on JUCE message thread: {"clip_id":"7012","cmd":"mutate_midi_notes","command":"mutate_midi_notes","notes":[{"id":"note_9009","velocity":88}],"time_unit":"beats","track_id":"1007","track_index":0}
Command received: {"clip_id":"7012","cmd":"mutate_midi_notes","command":"mutate_midi_notes","notes":[{"id":"note_9009","velocity":88}],"time_unit":"beats","track_id":"1007","track_index":0}
Command executed: mutate_midi_notes, result: {
  "status": "error",
  "message": "mutate_midi_notes clip not found for clip_id: 7012"
}
VitHeadlessService: command reply (truncated): {
  "status": "error",
  "message": "mutate_midi_notes clip not found for clip_id: 7012"
}
ZmqGateway: received command payload: {"clip_id":"7012","cmd":"resize_clip","command":"resize_clip","new_length":11.75,"new_start":0.0,"offset_in_source":0.0,"time_unit":"beats","track_id":"1007","track_index":0}
ZmqGateway: dispatching payload to JUCE message thread.
VitHeadlessService: processing queued command on JUCE message thread: {"clip_id":"7012","cmd":"resize_clip","command":"resize_clip","new_length":11.75,"new_start":0.0,"offset_in_source":0.0,"time_unit":"beats","track_id":"1007","track_index":0}
Command received: {"clip_id":"7012","cmd":"resize_clip","command":"resize_clip","new_length":11.75,"new_start":0.0,"offset_in_source":0.0,"time_unit":"beats","track_id":"1007","track_index":0}
Command executed: resize_clip, result: {
  "status": "error",
  "message": "resize_clip clip not found for clip_id: 7012"
}
VitHeadlessService: command reply (truncated): {
  "status": "error",
  "message": "resize_clip clip not found for clip_id: 7012"
}
