
**********************************************************
VitHeadlessServer session log
Log started: 26 Mar 2026 6:37:42pm

VitHeadlessServer: application startup.
Settings file: D:\Vit_DAW\VitApp\Workspace\Settings\Settings.xml
Audio block size: 480  Rate: 48000
Creating Default Controllers...
VitEngineDevice: initialising Tracktion Engine device manager.
Audio block size: 480  Rate: 48000
VitEngineDevice: audio setup outputDevice="扬声器 (USB AUDIO  CODEC)" inputDevice="麦克风 (Sonic Studio Virtual Mixer)" sampleRate=48000.00 bufferSize=480 inputChannels=11 outputChannels=11
VitEngineDevice: current audio device name="扬声器 (USB AUDIO  CODEC)" type="Windows Audio" activeOutputChannels=Output channel 1, Output channel 2" activeInputChannels=Input channel 1, Input channel 2"
VitHeadlessService: edit loaded from D:\Vit_DAW\VitApp\Workspace\default_project.xml
VitHeadlessService: project reload complete.
ZmqGateway: bound command endpoint to tcp://127.0.0.1:5555
ZmqGateway: bound publish endpoint to tcp://127.0.0.1:5556
ZmqGateway: bound log endpoint to tcp://127.0.0.1:5557
ZmqGateway: started network thread.
VitHeadlessService: service started successfully.
VitHeadlessServer: startup complete, entering background message loop.
Rebuilding Wave Device List...
Wave In: Input 1 (enabled): 0 (L)
Wave In: Input 2 (enabled): 1 (L)
Wave Out: Output 1 + 2 (enabled): 0 (L), 1 (R)
Default Wave Out: Output 1 + 2
Default MIDI Out: 
Default Wave In: Input 1
Default MIDI In: 
ZmqGateway: received command payload: {"cmd":"ping"}
ZmqGateway: dispatching payload to JUCE message thread.
VitHeadlessService: processing queued command on JUCE message thread: {"cmd":"ping"}
Command received: {"cmd":"ping"}
CommandDispatcher: handled ping command.
Command executed: ping, result: {
  "status": "ok",
  "message": "pong"
}
VitHeadlessService: command reply (truncated): {
  "status": "ok",
  "message": "pong"
}
ZmqGateway: received command payload: {"cmd":"clear_project"}
ZmqGateway: dispatching payload to JUCE message thread.
VitHeadlessService: processing queued command on JUCE message thread: {"cmd":"clear_project"}
Command received: {"cmd":"clear_project"}
VitHeadlessService: project saved to D:\Vit_DAW\VitApp\Workspace\default_project.xml
CommandDispatcher: clear_project executed â?all clips removed, transport reset.
Command executed: clear_project, result: {
  "status": "ok",
  "message": "Project cleared"
}
VitHeadlessService: command reply (truncated): {
  "status": "ok",
  "message": "Project cleared"
}
ZmqGateway: received command payload: {"cmd":"list_tracks"}
ZmqGateway: dispatching payload to JUCE message thread.
VitHeadlessService: processing queued command on JUCE message thread: {"cmd":"list_tracks"}
Command received: {"cmd":"list_tracks"}
Command executed: list_tracks, result: {
  "status": "ok",
  "message": "Track list fetched",
  "tracks": [
    {
      "id": "1002",
      "name": "Arranger",
      "track_type": "track",
      "is_audio": false,
      "is_audio_track": false,
      "vit_type": "",
      "vit_intent": "",
      "plugin_count": 0,
      "plugins": []
    },
    {
      "id": "1003",
      "name": "Chord",
      "track_type": "track",
      "is_audio": false,
      "is_audio_track": false,
      "vit_type": "",
      "vit_intent": "",
      "plugin_count": 0,
      "plugins": []
    },
    {
      "id": "1004",
      "name": "Marker",
      "track_type": "track",
      "is_audio": false,
      "is_audio_track": false,
      "vit_type": "",
      "vit_intent": "",
      "plugin_count": 0,
      "plugins": []
    },
    {
      "id": "1005",
      "name": "Tempo",
      "track_type": "track",
      "is_audio": false,
      "is_audio_track": false,
      "vit_type": "",
      "vit_intent": "",
      "plugin_count": 0,
      "plugins": []
    },
    {
      "id": "1006",
      "name": "Master",
      "track_type": "master",
      "is_audio": false,
      "is_audio_track": false,
      "vit_type": "",
      "vit_intent": "",
      "plugin_count": 0,
      "plugins": []
    },
    {
      "id": "1190",
      "name": "Audio Track 3",
      "track_type": "audio",
      "is_audio": true,
      "is_audio_track": true,
      "vit_type": "",
      "vit_intent": "",
      "plugin_count": 2,
      "plugins": [
        {
          "name": "Volume & Pan Plugin",
          "type": "volume",
          "enabled": true
        },
        {
          "name": "Level Meter",
          "type": "level",
          "enabled": true
        }
      ]
    },
    {
      "id": "1203",
      "name": "Audio Track 3",
      "track_type": "audio",
      "is_audio": true,
      "is_audio_track": true,
      "vit_type": "",
      "vit_intent": "",
      "plugin_count": 2,
      "plugins": [
        {
          "name": "Volume & Pan Plugin",
          "type": "volume",
          "enabled": true
        },
        {
          "name": "Level Meter",
          "type": "level",
          "enabled": true
        }
      ]
    }
  ]
}
VitHeadlessService: command reply (truncated): {
  "status": "ok",
  "message": "Track list fetched",
  "tracks": [
    {
      "id": "1002",
      "name": "Arranger",
      "track_type": "track",
      "is_audio": false,
      "is_audio_track": false,
    
MIDI Input devices scanned in: 0
Updating MIDI I/O devices
Found MIDI in: all_midi_in ("All MIDI Ins") (enabled)
Found MIDI out: out_81b0d7ef ("Microsoft GS Wavetable Synth") (enabled)
opening MIDI out device: out_81b0d7ef (Microsoft GS Wavetable Synth)
ZmqGateway: received command payload: {"action":"import_audio","drop_x_pos":149.0,"file_path":"D:/Vit_DAW/test_target_3s.wav","track_id":"1190"}
ZmqGateway: dispatching payload to JUCE message thread.
VitHeadlessService: processing queued command on JUCE message thread: {"action":"import_audio","drop_x_pos":149.0,"file_path":"D:/Vit_DAW/test_target_3s.wav","track_id":"1190"}
Command received: {"action":"import_audio","drop_x_pos":149.0,"file_path":"D:/Vit_DAW/test_target_3s.wav","track_id":"1190"}
CommandDispatcher::handleImportAudio: imported clip="test_target_3s" trackId="1190" source="D:\Vit_DAW\test_target_3s.wav" clipLengthSeconds=3.000 isPlaying=false isRecording=false playContextActive=true positionSeconds=0.000 editLengthSeconds=3.000
BakerDbg mode=5 pool=0 smooth=0 tile=0 frame=0 thL=0.41032037 thR=0.00000001 colMaxL=1633.51440430 colMaxR=0.00000000 peakL_bin=78 peakL_hz=99.894 peakR_bin=0 peakR_hz=20.000
VitHeadlessService: project saved to D:\Vit_DAW\VitApp\Workspace\default_project.xml
Command executed: import_audio, result: {
  "status": "ok",
  "action": "import_audio",
  "message": "Audio clip imported",
  "track_id": "1190",
  "clip_name": "test_target_3s",
  "file_path": "D:\\Vit_DAW\\test_target_3s.wav",
  "start_time": 0.0,
  "clip_length_seconds": 3.0,
  "edit_length_seconds": 3.0,
  "baking_status": "baking_started"
}
VitHeadlessService: command reply (truncated): {
  "status": "ok",
  "action": "import_audio",
  "message": "Audio clip imported",
  "track_id": "1190",
  "clip_name": "test_target_3s",
  "file_path": "D:\\Vit_DAW\\test_target_3s.wav",
  "start_time": 0.0,
  
BakerDbg mode=5 pool=0 smooth=0 tile=0 frame=25 thL=0.41032037 thR=0.00000001 colMaxL=1633.51440430 colMaxR=0.00000000 peakL_bin=78 peakL_hz=99.894 peakR_bin=0 peakR_hz=20.000
BakerDbg mode=5 pool=0 smooth=0 tile=0 frame=50 thL=0.41032037 thR=0.00000001 colMaxL=1633.51440430 colMaxR=0.00000000 peakL_bin=78 peakL_hz=99.894 peakR_bin=0 peakR_hz=20.000
BakerDbg mode=5 pool=0 smooth=0 tile=0 frame=75 thL=0.41032037 thR=0.00000001 colMaxL=1633.51440430 colMaxR=0.00000000 peakL_bin=78 peakL_hz=99.894 peakR_bin=0 peakR_hz=20.000
BakerDbg mode=5 pool=0 smooth=0 tile=0 frame=100 thL=0.00000001 thR=0.26161730 colMaxL=0.00000000 colMaxR=1041.51696777 peakL_bin=0 peakL_hz=20.000 peakR_bin=268 peakR_hz=5023.773
BakerDbg mode=5 pool=0 smooth=0 tile=0 frame=125 thL=0.00000001 thR=0.26161730 colMaxL=0.00000000 colMaxR=1041.51696777 peakL_bin=0 peakL_hz=20.000 peakR_bin=268 peakR_hz=5023.773
BakerDbg mode=5 pool=0 smooth=0 tile=0 frame=150 thL=0.00000001 thR=0.26161730 colMaxL=0.00000000 colMaxR=1041.51696777 peakL_bin=0 peakL_hz=20.000 peakR_bin=268 peakR_hz=5023.773
BakerDbg mode=5 pool=0 smooth=0 tile=0 frame=175 thL=0.00000001 thR=0.26161730 colMaxL=0.00000000 colMaxR=1041.51696777 peakL_bin=0 peakL_hz=20.000 peakR_bin=268 peakR_hz=5023.773
BakerDbg mode=5 pool=0 smooth=0 tile=0 frame=200 thL=11.59825611 thR=10.69570637 colMaxL=13.56287575 colMaxR=14.95308399 peakL_bin=220 peakL_hz=1867.150 peakR_bin=198 peakR_hz=1186.218
BakerDbg mode=5 pool=0 smooth=0 tile=0 frame=225 thL=11.38889313 thR=10.98973465 colMaxL=12.94491100 colMaxR=13.98450279 peakL_bin=0 peakL_hz=20.000 peakR_bin=121 peakR_hz=242.444
BakerDbg mode=5 pool=0 smooth=0 tile=0 frame=250 thL=10.90402985 thR=10.89976215 colMaxL=13.33214951 colMaxR=12.26189137 peakL_bin=252 peakL_hz=3611.989 peakR_bin=185 peakR_hz=907.291
BakerDbg mode=5 pool=0 smooth=0 tile=0 frame=275 thL=10.80697918 thR=11.45031452 colMaxL=12.97737217 colMaxR=11.88108635 peakL_bin=143 peakL_hz=381.616 peakR_bin=164 peakR_hz=588.419
BakerDiag tile=0 mode=5 pool=0 smooth=0 avg_peak_jump_bin_L=14.763 avg_peak_jump_bin_R=7.582
ZmqGateway: received command payload: {"action":"play"}
ZmqGateway: dispatching payload to JUCE message thread.
VitHeadlessService: processing queued command on JUCE message thread: {"action":"play"}
Command received: {"action":"play"}
CommandDispatcher::handlePlay: before isPlaying=false isRecording=false playContextActive=true positionSeconds=0.000 editLengthSeconds=3.000
CommandDispatcher::handlePlay: after isPlaying=true isRecording=false playContextActive=true positionSeconds=0.000 editLengthSeconds=3.000
Command executed: play, result: {
  "status": "ok",
  "message": "Transport playing",
  "is_playing": true,
  "is_recording": false,
  "position_seconds": 0.0,
  "click_track_enabled": false
}
VitHeadlessService: command reply (truncated): {
  "status": "ok",
  "message": "Transport playing",
  "is_playing": true,
  "is_recording": false,
  "position_seconds": 0.0,
  "click_track_enabled": false
}
ZmqGateway: received command payload: {"action":"stop"}
ZmqGateway: dispatching payload to JUCE message thread.
VitHeadlessService: processing queued command on JUCE message thread: {"action":"stop"}
Command received: {"action":"stop"}
CommandDispatcher::handleStop: before isPlaying=true isRecording=false playContextActive=true positionSeconds=3.100 editLengthSeconds=3.000
CommandDispatcher::handleStop: after isPlaying=false isRecording=false playContextActive=true positionSeconds=3.100 editLengthSeconds=3.000
Command executed: stop, result: {
  "status": "ok",
  "message": "Transport stopped",
  "is_playing": false,
  "is_recording": false,
  "position_seconds": 3.1,
  "click_track_enabled": false
}
VitHeadlessService: command reply (truncated): {
  "status": "ok",
  "message": "Transport stopped",
  "is_playing": false,
  "is_recording": false,
  "position_seconds": 3.1,
  "click_track_enabled": false
}
ZmqGateway: received command payload: {"action":"return_to_zero"}
ZmqGateway: dispatching payload to JUCE message thread.
VitHeadlessService: processing queued command on JUCE message thread: {"action":"return_to_zero"}
Command received: {"action":"return_to_zero"}
CommandDispatcher::handleReturnToZero: before isPlaying=false isRecording=false playContextActive=true positionSeconds=3.120 editLengthSeconds=3.000
CommandDispatcher::handleReturnToZero: after isPlaying=false isRecording=false playContextActive=true positionSeconds=0.000 editLengthSeconds=3.000
Command executed: return_to_zero, result: {
  "status": "ok",
  "message": "Transport returned to zero",
  "is_playing": false,
  "is_recording": false,
  "position_seconds": 0.0,
  "click_track_enabled": false
}
VitHeadlessService: command reply (truncated): {
  "status": "ok",
  "message": "Transport returned to zero",
  "is_playing": false,
  "is_recording": false,
  "position_seconds": 0.0,
  "click_track_enabled": false
}
